[0.080s] DEBUG:colcon:Command line arguments: ['/usr/bin/colcon', 'build', '--symlink-install']
[0.081s] DEBUG:colcon:Parsed command line arguments: Namespace(log_base=None, log_level=None, verb_name='build', build_base='build', install_base='install', merge_install=False, symlink_install=True, test_result_base=None, continue_on_error=False, executor='parallel', parallel_workers=4, event_handlers=None, ignore_user_meta=False, metas=['./colcon.meta'], base_paths=['.'], packages_ignore=None, packages_ignore_regex=None, paths=None, packages_up_to=None, packages_up_to_regex=None, packages_above=None, packages_above_and_dependencies=None, packages_above_depth=None, packages_select_by_dep=None, packages_skip_by_dep=None, packages_skip_up_to=None, packages_select_build_failed=False, packages_skip_build_finished=False, packages_select_test_failures=False, packages_skip_test_passed=False, packages_select=None, packages_skip=None, packages_select_regex=None, packages_skip_regex=None, packages_start=None, packages_end=None, allow_overriding=[], cmake_args=None, cmake_target=None, cmake_target_skip_unavailable=False, cmake_clean_cache=False, cmake_clean_first=False, cmake_force_configure=False, ament_cmake_args=None, catkin_cmake_args=None, catkin_skip_building_tests=False, mixin_files=None, mixin=None, verb_parser=<colcon_mixin.mixin.mixin_argument.MixinArgumentDecorator object at 0x77ea1623ac80>, verb_extension=<colcon_core.verb.build.BuildVerb object at 0x77ea16333c10>, main=<bound method BuildVerb.main of <colcon_core.verb.build.BuildVerb object at 0x77ea16333c10>>, mixin_verb=('build',))
[0.196s] Level 1:colcon.colcon_core.package_discovery:discover_packages(colcon_meta) check parameters
[0.197s] Level 1:colcon.colcon_core.package_discovery:discover_packages(recursive) check parameters
[0.197s] Level 1:colcon.colcon_core.package_discovery:discover_packages(ignore) check parameters
[0.197s] Level 1:colcon.colcon_core.package_discovery:discover_packages(path) check parameters
[0.197s] Level 1:colcon.colcon_core.package_discovery:discover_packages(colcon_meta) discover
[0.197s] Level 1:colcon.colcon_core.package_discovery:discover_packages(recursive) discover
[0.197s] INFO:colcon.colcon_core.package_discovery:Crawling recursively for packages in '/home/bobby/dev_ws'
[0.197s] Level 1:colcon.colcon_core.package_identification:_identify(.) by extensions ['ignore', 'ignore_ament_install']
[0.197s] Level 1:colcon.colcon_core.package_identification:_identify(.) by extension 'ignore'
[0.197s] Level 1:colcon.colcon_core.package_identification:_identify(.) by extension 'ignore_ament_install'
[0.197s] Level 1:colcon.colcon_core.package_identification:_identify(.) by extensions ['colcon_pkg']
[0.197s] Level 1:colcon.colcon_core.package_identification:_identify(.) by extension 'colcon_pkg'
[0.197s] Level 1:colcon.colcon_core.package_identification:_identify(.) by extensions ['colcon_meta']
[0.197s] Level 1:colcon.colcon_core.package_identification:_identify(.) by extension 'colcon_meta'
[0.197s] Level 1:colcon.colcon_core.package_identification:_identify(.) by extensions ['ros']
[0.197s] Level 1:colcon.colcon_core.package_identification:_identify(.) by extension 'ros'
[0.205s] Level 1:colcon.colcon_core.package_identification:_identify(.) by extensions ['cmake', 'python']
[0.205s] Level 1:colcon.colcon_core.package_identification:_identify(.) by extension 'cmake'
[0.205s] Level 1:colcon.colcon_core.package_identification:_identify(.) by extension 'python'
[0.205s] Level 1:colcon.colcon_core.package_identification:_identify(.) by extensions ['python_setup_py']
[0.205s] Level 1:colcon.colcon_core.package_identification:_identify(.) by extension 'python_setup_py'
[0.205s] Level 1:colcon.colcon_core.package_identification:_identify(build) by extensions ['ignore', 'ignore_ament_install']
[0.205s] Level 1:colcon.colcon_core.package_identification:_identify(build) by extension 'ignore'
[0.205s] Level 1:colcon.colcon_core.package_identification:_identify(build) ignored
[0.205s] Level 1:colcon.colcon_core.package_identification:_identify(install) by extensions ['ignore', 'ignore_ament_install']
[0.205s] Level 1:colcon.colcon_core.package_identification:_identify(install) by extension 'ignore'
[0.205s] Level 1:colcon.colcon_core.package_identification:_identify(install) ignored
[0.206s] Level 1:colcon.colcon_core.package_identification:_identify(log) by extensions ['ignore', 'ignore_ament_install']
[0.206s] Level 1:colcon.colcon_core.package_identification:_identify(log) by extension 'ignore'
[0.206s] Level 1:colcon.colcon_core.package_identification:_identify(log) ignored
[0.206s] Level 1:colcon.colcon_core.package_identification:_identify(src) by extensions ['ignore', 'ignore_ament_install']
[0.206s] Level 1:colcon.colcon_core.package_identification:_identify(src) by extension 'ignore'
[0.206s] Level 1:colcon.colcon_core.package_identification:_identify(src) by extension 'ignore_ament_install'
[0.206s] Level 1:colcon.colcon_core.package_identification:_identify(src) by extensions ['colcon_pkg']
[0.206s] Level 1:colcon.colcon_core.package_identification:_identify(src) by extension 'colcon_pkg'
[0.206s] Level 1:colcon.colcon_core.package_identification:_identify(src) by extensions ['colcon_meta']
[0.206s] Level 1:colcon.colcon_core.package_identification:_identify(src) by extension 'colcon_meta'
[0.206s] Level 1:colcon.colcon_core.package_identification:_identify(src) by extensions ['ros']
[0.206s] Level 1:colcon.colcon_core.package_identification:_identify(src) by extension 'ros'
[0.206s] Level 1:colcon.colcon_core.package_identification:_identify(src) by extensions ['cmake', 'python']
[0.206s] Level 1:colcon.colcon_core.package_identification:_identify(src) by extension 'cmake'
[0.206s] Level 1:colcon.colcon_core.package_identification:_identify(src) by extension 'python'
[0.206s] Level 1:colcon.colcon_core.package_identification:_identify(src) by extensions ['python_setup_py']
[0.206s] Level 1:colcon.colcon_core.package_identification:_identify(src) by extension 'python_setup_py'
[0.206s] Level 1:colcon.colcon_core.package_identification:_identify(src/build) by extensions ['ignore', 'ignore_ament_install']
[0.206s] Level 1:colcon.colcon_core.package_identification:_identify(src/build) by extension 'ignore'
[0.207s] Level 1:colcon.colcon_core.package_identification:_identify(src/build) ignored
[0.207s] Level 1:colcon.colcon_core.package_identification:_identify(src/delivery_robot) by extensions ['ignore', 'ignore_ament_install']
[0.207s] Level 1:colcon.colcon_core.package_identification:_identify(src/delivery_robot) by extension 'ignore'
[0.207s] Level 1:colcon.colcon_core.package_identification:_identify(src/delivery_robot) by extension 'ignore_ament_install'
[0.207s] Level 1:colcon.colcon_core.package_identification:_identify(src/delivery_robot) by extensions ['colcon_pkg']
[0.207s] Level 1:colcon.colcon_core.package_identification:_identify(src/delivery_robot) by extension 'colcon_pkg'
[0.207s] Level 1:colcon.colcon_core.package_identification:_identify(src/delivery_robot) by extensions ['colcon_meta']
[0.207s] Level 1:colcon.colcon_core.package_identification:_identify(src/delivery_robot) by extension 'colcon_meta'
[0.207s] Level 1:colcon.colcon_core.package_identification:_identify(src/delivery_robot) by extensions ['ros']
[0.207s] Level 1:colcon.colcon_core.package_identification:_identify(src/delivery_robot) by extension 'ros'
[0.209s] DEBUG:colcon.colcon_core.package_identification:Package 'src/delivery_robot' with type 'ros.ament_cmake' and name 'delivery_robot'
[0.209s] Level 1:colcon.colcon_core.package_identification:_identify(src/gamepad_pkg) by extensions ['ignore', 'ignore_ament_install']
[0.209s] Level 1:colcon.colcon_core.package_identification:_identify(src/gamepad_pkg) by extension 'ignore'
[0.209s] Level 1:colcon.colcon_core.package_identification:_identify(src/gamepad_pkg) by extension 'ignore_ament_install'
[0.209s] Level 1:colcon.colcon_core.package_identification:_identify(src/gamepad_pkg) by extensions ['colcon_pkg']
[0.209s] Level 1:colcon.colcon_core.package_identification:_identify(src/gamepad_pkg) by extension 'colcon_pkg'
[0.209s] Level 1:colcon.colcon_core.package_identification:_identify(src/gamepad_pkg) by extensions ['colcon_meta']
[0.209s] Level 1:colcon.colcon_core.package_identification:_identify(src/gamepad_pkg) by extension 'colcon_meta'
[0.209s] Level 1:colcon.colcon_core.package_identification:_identify(src/gamepad_pkg) by extensions ['ros']
[0.209s] Level 1:colcon.colcon_core.package_identification:_identify(src/gamepad_pkg) by extension 'ros'
[0.210s] DEBUG:colcon.colcon_core.package_identification:Package 'src/gamepad_pkg' with type 'ros.ament_python' and name 'gamepad_pkg'
[0.210s] Level 1:colcon.colcon_core.package_identification:_identify(src/install) by extensions ['ignore', 'ignore_ament_install']
[0.210s] Level 1:colcon.colcon_core.package_identification:_identify(src/install) by extension 'ignore'
[0.210s] Level 1:colcon.colcon_core.package_identification:_identify(src/install) ignored
[0.210s] Level 1:colcon.colcon_core.package_identification:_identify(src/log) by extensions ['ignore', 'ignore_ament_install']
[0.210s] Level 1:colcon.colcon_core.package_identification:_identify(src/log) by extension 'ignore'
[0.210s] Level 1:colcon.colcon_core.package_identification:_identify(src/log) ignored
[0.210s] Level 1:colcon.colcon_core.package_identification:_identify(src/pyserial) by extensions ['ignore', 'ignore_ament_install']
[0.210s] Level 1:colcon.colcon_core.package_identification:_identify(src/pyserial) by extension 'ignore'
[0.210s] Level 1:colcon.colcon_core.package_identification:_identify(src/pyserial) by extension 'ignore_ament_install'
[0.210s] Level 1:colcon.colcon_core.package_identification:_identify(src/pyserial) by extensions ['colcon_pkg']
[0.210s] Level 1:colcon.colcon_core.package_identification:_identify(src/pyserial) by extension 'colcon_pkg'
[0.210s] Level 1:colcon.colcon_core.package_identification:_identify(src/pyserial) by extensions ['colcon_meta']
[0.210s] Level 1:colcon.colcon_core.package_identification:_identify(src/pyserial) by extension 'colcon_meta'
[0.210s] Level 1:colcon.colcon_core.package_identification:_identify(src/pyserial) by extensions ['ros']
[0.210s] Level 1:colcon.colcon_core.package_identification:_identify(src/pyserial) by extension 'ros'
[0.211s] DEBUG:colcon.colcon_core.package_identification:Package 'src/pyserial' with type 'ros.ament_python' and name 'pyserial'
[0.211s] Level 1:colcon.colcon_core.package_discovery:discover_packages(recursive) using defaults
[0.211s] Level 1:colcon.colcon_core.package_discovery:discover_packages(ignore) discover
[0.211s] Level 1:colcon.colcon_core.package_discovery:discover_packages(ignore) using defaults
[0.211s] Level 1:colcon.colcon_core.package_discovery:discover_packages(path) discover
[0.211s] Level 1:colcon.colcon_core.package_discovery:discover_packages(path) using defaults
[0.235s] Level 1:colcon.colcon_core.package_discovery:discover_packages(prefix_path) check parameters
[0.235s] Level 1:colcon.colcon_core.package_discovery:discover_packages(prefix_path) discover
[0.237s] DEBUG:colcon.colcon_installed_package_information.package_discovery:Found 5 installed packages in /home/bobby/dev_ws/install
[0.238s] DEBUG:colcon.colcon_installed_package_information.package_discovery:Found 366 installed packages in /opt/ros/humble
[0.240s] Level 1:colcon.colcon_core.package_discovery:discover_packages(prefix_path) using defaults
[0.269s] Level 5:colcon.colcon_core.verb:set package 'delivery_robot' build argument 'cmake_args' from command line to 'None'
[0.269s] Level 5:colcon.colcon_core.verb:set package 'delivery_robot' build argument 'cmake_target' from command line to 'None'
[0.269s] Level 5:colcon.colcon_core.verb:set package 'delivery_robot' build argument 'cmake_target_skip_unavailable' from command line to 'False'
[0.269s] Level 5:colcon.colcon_core.verb:set package 'delivery_robot' build argument 'cmake_clean_cache' from command line to 'False'
[0.269s] Level 5:colcon.colcon_core.verb:set package 'delivery_robot' build argument 'cmake_clean_first' from command line to 'False'
[0.269s] Level 5:colcon.colcon_core.verb:set package 'delivery_robot' build argument 'cmake_force_configure' from command line to 'False'
[0.269s] Level 5:colcon.colcon_core.verb:set package 'delivery_robot' build argument 'ament_cmake_args' from command line to 'None'
[0.269s] Level 5:colcon.colcon_core.verb:set package 'delivery_robot' build argument 'catkin_cmake_args' from command line to 'None'
[0.269s] Level 5:colcon.colcon_core.verb:set package 'delivery_robot' build argument 'catkin_skip_building_tests' from command line to 'False'
[0.269s] DEBUG:colcon.colcon_core.verb:Building package 'delivery_robot' with the following arguments: {'ament_cmake_args': None, 'build_base': '/home/bobby/dev_ws/build/delivery_robot', 'catkin_cmake_args': None, 'catkin_skip_building_tests': False, 'cmake_args': None, 'cmake_clean_cache': False, 'cmake_clean_first': False, 'cmake_force_configure': False, 'cmake_target': None, 'cmake_target_skip_unavailable': False, 'install_base': '/home/bobby/dev_ws/install/delivery_robot', 'merge_install': False, 'path': '/home/bobby/dev_ws/src/delivery_robot', 'symlink_install': True, 'test_result_base': None}
[0.269s] Level 5:colcon.colcon_core.verb:set package 'gamepad_pkg' build argument 'cmake_args' from command line to 'None'
[0.269s] Level 5:colcon.colcon_core.verb:set package 'gamepad_pkg' build argument 'cmake_target' from command line to 'None'
[0.269s] Level 5:colcon.colcon_core.verb:set package 'gamepad_pkg' build argument 'cmake_target_skip_unavailable' from command line to 'False'
[0.269s] Level 5:colcon.colcon_core.verb:set package 'gamepad_pkg' build argument 'cmake_clean_cache' from command line to 'False'
[0.270s] Level 5:colcon.colcon_core.verb:set package 'gamepad_pkg' build argument 'cmake_clean_first' from command line to 'False'
[0.270s] Level 5:colcon.colcon_core.verb:set package 'gamepad_pkg' build argument 'cmake_force_configure' from command line to 'False'
[0.270s] Level 5:colcon.colcon_core.verb:set package 'gamepad_pkg' build argument 'ament_cmake_args' from command line to 'None'
[0.270s] Level 5:colcon.colcon_core.verb:set package 'gamepad_pkg' build argument 'catkin_cmake_args' from command line to 'None'
[0.270s] Level 5:colcon.colcon_core.verb:set package 'gamepad_pkg' build argument 'catkin_skip_building_tests' from command line to 'False'
[0.270s] DEBUG:colcon.colcon_core.verb:Building package 'gamepad_pkg' with the following arguments: {'ament_cmake_args': None, 'build_base': '/home/bobby/dev_ws/build/gamepad_pkg', 'catkin_cmake_args': None, 'catkin_skip_building_tests': False, 'cmake_args': None, 'cmake_clean_cache': False, 'cmake_clean_first': False, 'cmake_force_configure': False, 'cmake_target': None, 'cmake_target_skip_unavailable': False, 'install_base': '/home/bobby/dev_ws/install/gamepad_pkg', 'merge_install': False, 'path': '/home/bobby/dev_ws/src/gamepad_pkg', 'symlink_install': True, 'test_result_base': None}
[0.270s] Level 5:colcon.colcon_core.verb:set package 'pyserial' build argument 'cmake_args' from command line to 'None'
[0.270s] Level 5:colcon.colcon_core.verb:set package 'pyserial' build argument 'cmake_target' from command line to 'None'
[0.270s] Level 5:colcon.colcon_core.verb:set package 'pyserial' build argument 'cmake_target_skip_unavailable' from command line to 'False'
[0.270s] Level 5:colcon.colcon_core.verb:set package 'pyserial' build argument 'cmake_clean_cache' from command line to 'False'
[0.270s] Level 5:colcon.colcon_core.verb:set package 'pyserial' build argument 'cmake_clean_first' from command line to 'False'
[0.270s] Level 5:colcon.colcon_core.verb:set package 'pyserial' build argument 'cmake_force_configure' from command line to 'False'
[0.270s] Level 5:colcon.colcon_core.verb:set package 'pyserial' build argument 'ament_cmake_args' from command line to 'None'
[0.270s] Level 5:colcon.colcon_core.verb:set package 'pyserial' build argument 'catkin_cmake_args' from command line to 'None'
[0.270s] Level 5:colcon.colcon_core.verb:set package 'pyserial' build argument 'catkin_skip_building_tests' from command line to 'False'
[0.270s] DEBUG:colcon.colcon_core.verb:Building package 'pyserial' with the following arguments: {'ament_cmake_args': None, 'build_base': '/home/bobby/dev_ws/build/pyserial', 'catkin_cmake_args': None, 'catkin_skip_building_tests': False, 'cmake_args': None, 'cmake_clean_cache': False, 'cmake_clean_first': False, 'cmake_force_configure': False, 'cmake_target': None, 'cmake_target_skip_unavailable': False, 'install_base': '/home/bobby/dev_ws/install/pyserial', 'merge_install': False, 'path': '/home/bobby/dev_ws/src/pyserial', 'symlink_install': True, 'test_result_base': None}
[0.270s] INFO:colcon.colcon_core.executor:Executing jobs using 'parallel' executor
[0.271s] DEBUG:colcon.colcon_parallel_executor.executor.parallel:run_until_complete
[0.271s] INFO:colcon.colcon_ros.task.ament_cmake.build:Building ROS package in '/home/bobby/dev_ws/src/delivery_robot' with build type 'ament_cmake'
[0.272s] INFO:colcon.colcon_cmake.task.cmake.build:Building CMake package in '/home/bobby/dev_ws/src/delivery_robot'
[0.273s] INFO:colcon.colcon_core.plugin_system:Skipping extension 'colcon_core.shell.bat': Not used on non-Windows systems
[0.273s] INFO:colcon.colcon_core.shell:Skip shell extension 'powershell' for command environment: Not usable outside of PowerShell
[0.273s] DEBUG:colcon.colcon_core.shell:Skip shell extension 'dsv' for command environment
[0.275s] INFO:colcon.colcon_ros.task.ament_python.build:Building ROS package in '/home/bobby/dev_ws/src/gamepad_pkg' with build type 'ament_python'
[0.276s] Level 1:colcon.colcon_core.shell:create_environment_hook('gamepad_pkg', 'ament_prefix_path')
[0.276s] INFO:colcon.colcon_core.shell:Creating environment hook '/home/bobby/dev_ws/install/gamepad_pkg/share/gamepad_pkg/hook/ament_prefix_path.ps1'
[0.276s] INFO:colcon.colcon_core.shell:Creating environment descriptor '/home/bobby/dev_ws/install/gamepad_pkg/share/gamepad_pkg/hook/ament_prefix_path.dsv'
[0.277s] INFO:colcon.colcon_core.shell:Creating environment hook '/home/bobby/dev_ws/install/gamepad_pkg/share/gamepad_pkg/hook/ament_prefix_path.sh'
[0.277s] INFO:colcon.colcon_core.shell:Skip shell extension 'powershell' for command environment: Not usable outside of PowerShell
[0.277s] DEBUG:colcon.colcon_core.shell:Skip shell extension 'dsv' for command environment
[0.279s] INFO:colcon.colcon_ros.task.ament_python.build:Building ROS package in '/home/bobby/dev_ws/src/pyserial' with build type 'ament_python'
[0.280s] Level 1:colcon.colcon_core.shell:create_environment_hook('pyserial', 'ament_prefix_path')
[0.280s] INFO:colcon.colcon_core.shell:Creating environment hook '/home/bobby/dev_ws/install/pyserial/share/pyserial/hook/ament_prefix_path.ps1'
[0.280s] INFO:colcon.colcon_core.shell:Creating environment descriptor '/home/bobby/dev_ws/install/pyserial/share/pyserial/hook/ament_prefix_path.dsv'
[0.281s] INFO:colcon.colcon_core.shell:Creating environment hook '/home/bobby/dev_ws/install/pyserial/share/pyserial/hook/ament_prefix_path.sh'
[0.281s] INFO:colcon.colcon_core.shell:Skip shell extension 'powershell' for command environment: Not usable outside of PowerShell
[0.281s] DEBUG:colcon.colcon_core.shell:Skip shell extension 'dsv' for command environment
[0.288s] DEBUG:colcon.colcon_core.event_handler.log_command:Invoking command in '/home/bobby/dev_ws/build/delivery_robot': CMAKE_PREFIX_PATH=${CMAKE_PREFIX_PATH}:/home/bobby/dev_ws/install/pyserial:/home/bobby/dev_ws/install/gamepad_pkg:/opt/ros/humble /usr/bin/cmake --build /home/bobby/dev_ws/build/delivery_robot -- -j4 -l4
[0.470s] INFO:colcon.colcon_core.task.python.build:Building Python package in '/home/bobby/dev_ws/src/gamepad_pkg'
[0.470s] INFO:colcon.colcon_core.shell:Skip shell extension 'powershell' for command environment: Not usable outside of PowerShell
[0.470s] DEBUG:colcon.colcon_core.shell:Skip shell extension 'dsv' for command environment
[0.650s] INFO:colcon.colcon_core.task.python.build:Building Python package in '/home/bobby/dev_ws/src/pyserial'
[0.650s] INFO:colcon.colcon_core.shell:Skip shell extension 'powershell' for command environment: Not usable outside of PowerShell
[0.650s] DEBUG:colcon.colcon_core.shell:Skip shell extension 'dsv' for command environment
[0.654s] DEBUG:colcon.colcon_core.event_handler.log_command:Invoked command in '/home/bobby/dev_ws/build/delivery_robot' returned '0': CMAKE_PREFIX_PATH=${CMAKE_PREFIX_PATH}:/home/bobby/dev_ws/install/pyserial:/home/bobby/dev_ws/install/gamepad_pkg:/opt/ros/humble /usr/bin/cmake --build /home/bobby/dev_ws/build/delivery_robot -- -j4 -l4
[0.663s] DEBUG:colcon.colcon_core.event_handler.log_command:Invoking command in '/home/bobby/dev_ws/build/delivery_robot': CMAKE_PREFIX_PATH=${CMAKE_PREFIX_PATH}:/home/bobby/dev_ws/install/pyserial:/home/bobby/dev_ws/install/gamepad_pkg:/opt/ros/humble /usr/bin/cmake --install /home/bobby/dev_ws/build/delivery_robot
[0.699s] Level 1:colcon.colcon_core.environment:create_environment_scripts_only(delivery_robot)
[0.699s] DEBUG:colcon.colcon_core.event_handler.log_command:Invoked command in '/home/bobby/dev_ws/build/delivery_robot' returned '0': CMAKE_PREFIX_PATH=${CMAKE_PREFIX_PATH}:/home/bobby/dev_ws/install/pyserial:/home/bobby/dev_ws/install/gamepad_pkg:/opt/ros/humble /usr/bin/cmake --install /home/bobby/dev_ws/build/delivery_robot
[0.702s] Level 1:colcon.colcon_core.environment:checking '/home/bobby/dev_ws/install/delivery_robot' for CMake module files
[0.703s] Level 1:colcon.colcon_core.environment:checking '/home/bobby/dev_ws/install/delivery_robot' for CMake config files
[0.703s] Level 1:colcon.colcon_core.shell:create_environment_hook('delivery_robot', 'cmake_prefix_path')
[0.704s] INFO:colcon.colcon_core.shell:Creating environment hook '/home/bobby/dev_ws/install/delivery_robot/share/delivery_robot/hook/cmake_prefix_path.ps1'
[0.707s] INFO:colcon.colcon_core.shell:Creating environment descriptor '/home/bobby/dev_ws/install/delivery_robot/share/delivery_robot/hook/cmake_prefix_path.dsv'
[0.708s] INFO:colcon.colcon_core.shell:Creating environment hook '/home/bobby/dev_ws/install/delivery_robot/share/delivery_robot/hook/cmake_prefix_path.sh'
[0.709s] Level 1:colcon.colcon_core.environment:checking '/home/bobby/dev_ws/install/delivery_robot/bin'
[0.709s] Level 1:colcon.colcon_core.environment:checking '/home/bobby/dev_ws/install/delivery_robot/lib/pkgconfig/delivery_robot.pc'
[0.709s] Level 1:colcon.colcon_core.environment:checking '/home/bobby/dev_ws/install/delivery_robot/lib/python3.10/site-packages'
[0.709s] Level 1:colcon.colcon_core.environment:checking '/home/bobby/dev_ws/install/delivery_robot/bin'
[0.710s] INFO:colcon.colcon_core.shell:Creating package script '/home/bobby/dev_ws/install/delivery_robot/share/delivery_robot/package.ps1'
[0.711s] INFO:colcon.colcon_core.shell:Creating package descriptor '/home/bobby/dev_ws/install/delivery_robot/share/delivery_robot/package.dsv'
[0.711s] INFO:colcon.colcon_core.shell:Creating package script '/home/bobby/dev_ws/install/delivery_robot/share/delivery_robot/package.sh'
[0.712s] INFO:colcon.colcon_core.shell:Creating package script '/home/bobby/dev_ws/install/delivery_robot/share/delivery_robot/package.bash'
[0.713s] INFO:colcon.colcon_core.shell:Creating package script '/home/bobby/dev_ws/install/delivery_robot/share/delivery_robot/package.zsh'
[0.714s] Level 1:colcon.colcon_core.environment:create_file_with_runtime_dependencies(/home/bobby/dev_ws/install/delivery_robot/share/colcon-core/packages/delivery_robot)
[0.714s] Level 1:colcon.colcon_core.environment:create_environment_scripts_only(delivery_robot)
[0.715s] Level 1:colcon.colcon_core.environment:checking '/home/bobby/dev_ws/install/delivery_robot' for CMake module files
[0.715s] Level 1:colcon.colcon_core.environment:checking '/home/bobby/dev_ws/install/delivery_robot' for CMake config files
[0.716s] Level 1:colcon.colcon_core.shell:create_environment_hook('delivery_robot', 'cmake_prefix_path')
[0.716s] INFO:colcon.colcon_core.shell:Creating environment hook '/home/bobby/dev_ws/install/delivery_robot/share/delivery_robot/hook/cmake_prefix_path.ps1'
[0.716s] INFO:colcon.colcon_core.shell:Creating environment descriptor '/home/bobby/dev_ws/install/delivery_robot/share/delivery_robot/hook/cmake_prefix_path.dsv'
[0.717s] INFO:colcon.colcon_core.shell:Creating environment hook '/home/bobby/dev_ws/install/delivery_robot/share/delivery_robot/hook/cmake_prefix_path.sh'
[0.717s] Level 1:colcon.colcon_core.environment:checking '/home/bobby/dev_ws/install/delivery_robot/bin'
[0.717s] Level 1:colcon.colcon_core.environment:checking '/home/bobby/dev_ws/install/delivery_robot/lib/pkgconfig/delivery_robot.pc'
[0.718s] Level 1:colcon.colcon_core.environment:checking '/home/bobby/dev_ws/install/delivery_robot/lib/python3.10/site-packages'
[0.718s] Level 1:colcon.colcon_core.environment:checking '/home/bobby/dev_ws/install/delivery_robot/bin'
[0.718s] INFO:colcon.colcon_core.shell:Creating package script '/home/bobby/dev_ws/install/delivery_robot/share/delivery_robot/package.ps1'
[0.719s] INFO:colcon.colcon_core.shell:Creating package descriptor '/home/bobby/dev_ws/install/delivery_robot/share/delivery_robot/package.dsv'
[0.719s] INFO:colcon.colcon_core.shell:Creating package script '/home/bobby/dev_ws/install/delivery_robot/share/delivery_robot/package.sh'
[0.721s] INFO:colcon.colcon_core.shell:Creating package script '/home/bobby/dev_ws/install/delivery_robot/share/delivery_robot/package.bash'
[0.721s] INFO:colcon.colcon_core.shell:Creating package script '/home/bobby/dev_ws/install/delivery_robot/share/delivery_robot/package.zsh'
[0.724s] Level 1:colcon.colcon_core.environment:create_file_with_runtime_dependencies(/home/bobby/dev_ws/install/delivery_robot/share/colcon-core/packages/delivery_robot)
[0.969s] DEBUG:colcon.colcon_core.event_handler.log_command:Invoking command in '/home/bobby/dev_ws/build/pyserial': PYTHONPATH=/home/bobby/dev_ws/build/pyserial/prefix_override:/usr/lib/python3/dist-packages/colcon_core/task/python/colcon_distutils_commands:/home/bobby/dev_ws/install/pyserial/lib/python3.10/site-packages:${PYTHONPATH} /usr/bin/python3 -W ignore:setup.py install is deprecated -W ignore:easy_install command is deprecated setup.py develop --editable --build-directory /home/bobby/dev_ws/build/pyserial/build --no-deps symlink_data
[0.980s] DEBUG:colcon.colcon_core.event_handler.log_command:Invoking command in '/home/bobby/dev_ws/build/gamepad_pkg': PYTHONPATH=/home/bobby/dev_ws/build/gamepad_pkg/prefix_override:/usr/lib/python3/dist-packages/colcon_core/task/python/colcon_distutils_commands:/home/bobby/dev_ws/install/gamepad_pkg/lib/python3.10/site-packages:${PYTHONPATH} /usr/bin/python3 -W ignore:setup.py install is deprecated -W ignore:easy_install command is deprecated setup.py develop --editable --build-directory /home/bobby/dev_ws/build/gamepad_pkg/build --no-deps symlink_data
[1.302s] Level 1:colcon.colcon_core.shell:create_environment_hook('pyserial', 'pythonpath_develop')
[1.303s] INFO:colcon.colcon_core.shell:Creating environment hook '/home/bobby/dev_ws/build/pyserial/share/pyserial/hook/pythonpath_develop.ps1'
[1.303s] DEBUG:colcon.colcon_core.event_handler.log_command:Invoked command in '/home/bobby/dev_ws/build/pyserial' returned '0': PYTHONPATH=/home/bobby/dev_ws/build/pyserial/prefix_override:/usr/lib/python3/dist-packages/colcon_core/task/python/colcon_distutils_commands:/home/bobby/dev_ws/install/pyserial/lib/python3.10/site-packages:${PYTHONPATH} /usr/bin/python3 -W ignore:setup.py install is deprecated -W ignore:easy_install command is deprecated setup.py develop --editable --build-directory /home/bobby/dev_ws/build/pyserial/build --no-deps symlink_data
[1.304s] INFO:colcon.colcon_core.shell:Creating environment descriptor '/home/bobby/dev_ws/build/pyserial/share/pyserial/hook/pythonpath_develop.dsv'
[1.304s] INFO:colcon.colcon_core.shell:Creating environment hook '/home/bobby/dev_ws/build/pyserial/share/pyserial/hook/pythonpath_develop.sh'
[1.305s] Level 1:colcon.colcon_core.environment:checking '/home/bobby/dev_ws/install/pyserial' for CMake module files
[1.305s] Level 1:colcon.colcon_core.environment:checking '/home/bobby/dev_ws/install/pyserial' for CMake config files
[1.305s] Level 1:colcon.colcon_core.environment:checking '/home/bobby/dev_ws/install/pyserial/lib'
[1.306s] Level 1:colcon.colcon_core.environment:checking '/home/bobby/dev_ws/install/pyserial/bin'
[1.306s] Level 1:colcon.colcon_core.environment:checking '/home/bobby/dev_ws/install/pyserial/lib/pkgconfig/pyserial.pc'
[1.306s] Level 1:colcon.colcon_core.environment:checking '/home/bobby/dev_ws/install/pyserial/lib/python3.10/site-packages'
[1.306s] Level 1:colcon.colcon_core.shell:create_environment_hook('pyserial', 'pythonpath')
[1.306s] INFO:colcon.colcon_core.shell:Creating environment hook '/home/bobby/dev_ws/install/pyserial/share/pyserial/hook/pythonpath.ps1'
[1.307s] INFO:colcon.colcon_core.shell:Creating environment descriptor '/home/bobby/dev_ws/install/pyserial/share/pyserial/hook/pythonpath.dsv'
[1.307s] INFO:colcon.colcon_core.shell:Creating environment hook '/home/bobby/dev_ws/install/pyserial/share/pyserial/hook/pythonpath.sh'
[1.307s] Level 1:colcon.colcon_core.environment:checking '/home/bobby/dev_ws/install/pyserial/bin'
[1.307s] Level 1:colcon.colcon_core.environment:create_environment_scripts_only(pyserial)
[1.308s] INFO:colcon.colcon_core.shell:Creating package script '/home/bobby/dev_ws/install/pyserial/share/pyserial/package.ps1'
[1.308s] INFO:colcon.colcon_core.shell:Creating package descriptor '/home/bobby/dev_ws/install/pyserial/share/pyserial/package.dsv'
[1.309s] INFO:colcon.colcon_core.shell:Creating package script '/home/bobby/dev_ws/install/pyserial/share/pyserial/package.sh'
[1.309s] INFO:colcon.colcon_core.shell:Creating package script '/home/bobby/dev_ws/install/pyserial/share/pyserial/package.bash'
[1.309s] INFO:colcon.colcon_core.shell:Creating package script '/home/bobby/dev_ws/install/pyserial/share/pyserial/package.zsh'
[1.310s] Level 1:colcon.colcon_core.environment:create_file_with_runtime_dependencies(/home/bobby/dev_ws/install/pyserial/share/colcon-core/packages/pyserial)
[1.316s] Level 1:colcon.colcon_core.shell:create_environment_hook('gamepad_pkg', 'pythonpath_develop')
[1.316s] INFO:colcon.colcon_core.shell:Creating environment hook '/home/bobby/dev_ws/build/gamepad_pkg/share/gamepad_pkg/hook/pythonpath_develop.ps1'
[1.316s] DEBUG:colcon.colcon_core.event_handler.log_command:Invoked command in '/home/bobby/dev_ws/build/gamepad_pkg' returned '0': PYTHONPATH=/home/bobby/dev_ws/build/gamepad_pkg/prefix_override:/usr/lib/python3/dist-packages/colcon_core/task/python/colcon_distutils_commands:/home/bobby/dev_ws/install/gamepad_pkg/lib/python3.10/site-packages:${PYTHONPATH} /usr/bin/python3 -W ignore:setup.py install is deprecated -W ignore:easy_install command is deprecated setup.py develop --editable --build-directory /home/bobby/dev_ws/build/gamepad_pkg/build --no-deps symlink_data
[1.317s] INFO:colcon.colcon_core.shell:Creating environment descriptor '/home/bobby/dev_ws/build/gamepad_pkg/share/gamepad_pkg/hook/pythonpath_develop.dsv'
[1.317s] INFO:colcon.colcon_core.shell:Creating environment hook '/home/bobby/dev_ws/build/gamepad_pkg/share/gamepad_pkg/hook/pythonpath_develop.sh'
[1.318s] Level 1:colcon.colcon_core.environment:checking '/home/bobby/dev_ws/install/gamepad_pkg' for CMake module files
[1.318s] Level 1:colcon.colcon_core.environment:checking '/home/bobby/dev_ws/install/gamepad_pkg' for CMake config files
[1.318s] Level 1:colcon.colcon_core.environment:checking '/home/bobby/dev_ws/install/gamepad_pkg/lib'
[1.318s] Level 1:colcon.colcon_core.environment:checking '/home/bobby/dev_ws/install/gamepad_pkg/bin'
[1.318s] Level 1:colcon.colcon_core.environment:checking '/home/bobby/dev_ws/install/gamepad_pkg/lib/pkgconfig/gamepad_pkg.pc'
[1.319s] Level 1:colcon.colcon_core.environment:checking '/home/bobby/dev_ws/install/gamepad_pkg/lib/python3.10/site-packages'
[1.319s] Level 1:colcon.colcon_core.shell:create_environment_hook('gamepad_pkg', 'pythonpath')
[1.319s] INFO:colcon.colcon_core.shell:Creating environment hook '/home/bobby/dev_ws/install/gamepad_pkg/share/gamepad_pkg/hook/pythonpath.ps1'
[1.319s] INFO:colcon.colcon_core.shell:Creating environment descriptor '/home/bobby/dev_ws/install/gamepad_pkg/share/gamepad_pkg/hook/pythonpath.dsv'
[1.320s] INFO:colcon.colcon_core.shell:Creating environment hook '/home/bobby/dev_ws/install/gamepad_pkg/share/gamepad_pkg/hook/pythonpath.sh'
[1.320s] Level 1:colcon.colcon_core.environment:checking '/home/bobby/dev_ws/install/gamepad_pkg/bin'
[1.320s] Level 1:colcon.colcon_core.environment:create_environment_scripts_only(gamepad_pkg)
[1.320s] INFO:colcon.colcon_core.shell:Creating package script '/home/bobby/dev_ws/install/gamepad_pkg/share/gamepad_pkg/package.ps1'
[1.321s] INFO:colcon.colcon_core.shell:Creating package descriptor '/home/bobby/dev_ws/install/gamepad_pkg/share/gamepad_pkg/package.dsv'
[1.321s] INFO:colcon.colcon_core.shell:Creating package script '/home/bobby/dev_ws/install/gamepad_pkg/share/gamepad_pkg/package.sh'
[1.321s] INFO:colcon.colcon_core.shell:Creating package script '/home/bobby/dev_ws/install/gamepad_pkg/share/gamepad_pkg/package.bash'
[1.322s] INFO:colcon.colcon_core.shell:Creating package script '/home/bobby/dev_ws/install/gamepad_pkg/share/gamepad_pkg/package.zsh'
[1.322s] Level 1:colcon.colcon_core.environment:create_file_with_runtime_dependencies(/home/bobby/dev_ws/install/gamepad_pkg/share/colcon-core/packages/gamepad_pkg)
[1.322s] DEBUG:colcon.colcon_parallel_executor.executor.parallel:closing loop
[1.322s] DEBUG:colcon.colcon_parallel_executor.executor.parallel:loop closed
[1.322s] DEBUG:colcon.colcon_parallel_executor.executor.parallel:run_until_complete finished with '0'
[1.322s] DEBUG:colcon.colcon_core.event_reactor:joining thread
[1.326s] INFO:colcon.colcon_core.plugin_system:Skipping extension 'colcon_notification.desktop_notification.terminal_notifier': Not used on non-Darwin systems
[1.326s] INFO:colcon.colcon_core.plugin_system:Skipping extension 'colcon_notification.desktop_notification.win32': Not used on non-Windows systems
[1.326s] INFO:colcon.colcon_notification.desktop_notification:Sending desktop notification using 'notify2'
[1.334s] DEBUG:colcon.colcon_core.event_reactor:joined thread
[1.334s] INFO:colcon.colcon_core.shell:Creating prefix script '/home/bobby/dev_ws/install/local_setup.ps1'
[1.335s] INFO:colcon.colcon_core.shell:Creating prefix util module '/home/bobby/dev_ws/install/_local_setup_util_ps1.py'
[1.336s] INFO:colcon.colcon_core.shell:Creating prefix chain script '/home/bobby/dev_ws/install/setup.ps1'
[1.337s] INFO:colcon.colcon_core.shell:Creating prefix script '/home/bobby/dev_ws/install/local_setup.sh'
[1.338s] INFO:colcon.colcon_core.shell:Creating prefix util module '/home/bobby/dev_ws/install/_local_setup_util_sh.py'
[1.338s] INFO:colcon.colcon_core.shell:Creating prefix chain script '/home/bobby/dev_ws/install/setup.sh'
[1.339s] INFO:colcon.colcon_core.shell:Creating prefix script '/home/bobby/dev_ws/install/local_setup.bash'
[1.339s] INFO:colcon.colcon_core.shell:Creating prefix chain script '/home/bobby/dev_ws/install/setup.bash'
[1.340s] INFO:colcon.colcon_core.shell:Creating prefix script '/home/bobby/dev_ws/install/local_setup.zsh'
[1.340s] INFO:colcon.colcon_core.shell:Creating prefix chain script '/home/bobby/dev_ws/install/setup.zsh'
