[0.692s] Invoking command in '/home/bobby/dev_ws/build/pyserial': PYTHONPATH=/home/bobby/dev_ws/build/pyserial/prefix_override:/usr/lib/python3/dist-packages/colcon_core/task/python/colcon_distutils_commands:/home/bobby/dev_ws/install/pyserial/lib/python3.10/site-packages:${PYTHONPATH} /usr/bin/python3 -W ignore:setup.py install is deprecated -W ignore:easy_install command is deprecated setup.py develop --uninstall --editable --build-directory /home/bobby/dev_ws/build/pyserial/build
[0.876s] running develop
[0.986s] Removing /home/bobby/dev_ws/install/pyserial/lib/python3.10/site-packages/pyserial.egg-link (link to .)
[1.009s] Invoked command in '/home/bobby/dev_ws/build/pyserial' returned '0': PYTHONPATH=/home/bobby/dev_ws/build/pyserial/prefix_override:/usr/lib/python3/dist-packages/colcon_core/task/python/colcon_distutils_commands:/home/bobby/dev_ws/install/pyserial/lib/python3.10/site-packages:${PYTHONPATH} /usr/bin/python3 -W ignore:setup.py install is deprecated -W ignore:easy_install command is deprecated setup.py develop --uninstall --editable --build-directory /home/bobby/dev_ws/build/pyserial/build
[1.011s] Invoking command in '/home/bobby/dev_ws/src/pyserial': PYTHONPATH=/home/bobby/dev_ws/build/pyserial/prefix_override:/usr/lib/python3/dist-packages/colcon_core/task/python/colcon_distutils_commands:/home/bobby/dev_ws/install/pyserial/lib/python3.10/site-packages:${PYTHONPATH} /usr/bin/python3 -W ignore:setup.py install is deprecated -W ignore:easy_install command is deprecated setup.py egg_info --egg-base ../../build/pyserial build --build-base /home/bobby/dev_ws/build/pyserial/build install --record /home/bobby/dev_ws/build/pyserial/install.log --single-version-externally-managed install_data --force
[1.177s] running egg_info
[1.178s] writing ../../build/pyserial/pyserial.egg-info/PKG-INFO
[1.178s] writing dependency_links to ../../build/pyserial/pyserial.egg-info/dependency_links.txt
[1.178s] writing entry points to ../../build/pyserial/pyserial.egg-info/entry_points.txt
[1.178s] writing requirements to ../../build/pyserial/pyserial.egg-info/requires.txt
[1.179s] writing top-level names to ../../build/pyserial/pyserial.egg-info/top_level.txt
[1.180s] reading manifest file '../../build/pyserial/pyserial.egg-info/SOURCES.txt'
[1.180s] writing manifest file '../../build/pyserial/pyserial.egg-info/SOURCES.txt'
[1.181s] running build
[1.181s] running build_py
[1.181s] copying pyserial/coba1.py -> /home/bobby/dev_ws/build/pyserial/build/lib/pyserial
[1.181s] running install
[1.182s] running install_lib
[1.183s] creating /home/bobby/dev_ws/install/pyserial/lib/python3.10/site-packages/pyserial
[1.183s] copying /home/bobby/dev_ws/build/pyserial/build/lib/pyserial/__init__.py -> /home/bobby/dev_ws/install/pyserial/lib/python3.10/site-packages/pyserial
[1.183s] copying /home/bobby/dev_ws/build/pyserial/build/lib/pyserial/serialcoba.py -> /home/bobby/dev_ws/install/pyserial/lib/python3.10/site-packages/pyserial
[1.183s] copying /home/bobby/dev_ws/build/pyserial/build/lib/pyserial/coba1.py -> /home/bobby/dev_ws/install/pyserial/lib/python3.10/site-packages/pyserial
[1.183s] copying /home/bobby/dev_ws/build/pyserial/build/lib/pyserial/serialcoba1.py -> /home/bobby/dev_ws/install/pyserial/lib/python3.10/site-packages/pyserial
[1.183s] copying /home/bobby/dev_ws/build/pyserial/build/lib/pyserial/motor_control_node.py -> /home/bobby/dev_ws/install/pyserial/lib/python3.10/site-packages/pyserial
[1.183s] copying /home/bobby/dev_ws/build/pyserial/build/lib/pyserial/coba.py -> /home/bobby/dev_ws/install/pyserial/lib/python3.10/site-packages/pyserial
[1.183s] copying /home/bobby/dev_ws/build/pyserial/build/lib/pyserial/bobserial.py -> /home/bobby/dev_ws/install/pyserial/lib/python3.10/site-packages/pyserial
[1.183s] byte-compiling /home/bobby/dev_ws/install/pyserial/lib/python3.10/site-packages/pyserial/__init__.py to __init__.cpython-310.pyc
[1.184s] byte-compiling /home/bobby/dev_ws/install/pyserial/lib/python3.10/site-packages/pyserial/serialcoba.py to serialcoba.cpython-310.pyc
[1.184s] byte-compiling /home/bobby/dev_ws/install/pyserial/lib/python3.10/site-packages/pyserial/coba1.py to coba1.cpython-310.pyc
[1.185s] byte-compiling /home/bobby/dev_ws/install/pyserial/lib/python3.10/site-packages/pyserial/serialcoba1.py to serialcoba1.cpython-310.pyc
[1.185s] byte-compiling /home/bobby/dev_ws/install/pyserial/lib/python3.10/site-packages/pyserial/motor_control_node.py to motor_control_node.cpython-310.pyc
[1.186s] byte-compiling /home/bobby/dev_ws/install/pyserial/lib/python3.10/site-packages/pyserial/coba.py to coba.cpython-310.pyc
[1.186s] byte-compiling /home/bobby/dev_ws/install/pyserial/lib/python3.10/site-packages/pyserial/bobserial.py to bobserial.cpython-310.pyc
[1.186s] running install_data
[1.186s] copying resource/pyserial -> /home/bobby/dev_ws/install/pyserial/share/ament_index/resource_index/packages
[1.186s] copying package.xml -> /home/bobby/dev_ws/install/pyserial/share/pyserial
[1.187s] running install_egg_info
[1.188s] Copying ../../build/pyserial/pyserial.egg-info to /home/bobby/dev_ws/install/pyserial/lib/python3.10/site-packages/pyserial-0.0.1-py3.10.egg-info
[1.189s] running install_scripts
[1.204s] Installing coba1 script to /home/bobby/dev_ws/install/pyserial/lib/pyserial
[1.205s] Installing motor_control_node script to /home/bobby/dev_ws/install/pyserial/lib/pyserial
[1.205s] writing list of installed files to '/home/bobby/dev_ws/build/pyserial/install.log'
[1.228s] Invoked command in '/home/bobby/dev_ws/src/pyserial' returned '0': PYTHONPATH=/home/bobby/dev_ws/build/pyserial/prefix_override:/usr/lib/python3/dist-packages/colcon_core/task/python/colcon_distutils_commands:/home/bobby/dev_ws/install/pyserial/lib/python3.10/site-packages:${PYTHONPATH} /usr/bin/python3 -W ignore:setup.py install is deprecated -W ignore:easy_install command is deprecated setup.py egg_info --egg-base ../../build/pyserial build --build-base /home/bobby/dev_ws/build/pyserial/build install --record /home/bobby/dev_ws/build/pyserial/install.log --single-version-externally-managed install_data --force
