[0.008s] Invoking command in '/home/bobby/dev_ws/build/delivery_robot': CMAKE_PREFIX_PATH=${CMAKE_PREFIX_PATH}:/opt/ros/humble /usr/bin/cmake /home/bobby/dev_ws/src/delivery_robot -DAMENT_CMAKE_SYMLINK_INSTALL=1 -DCMAKE_INSTALL_PREFIX=/home/bobby/dev_ws/install/delivery_robot
[0.047s] -- The C compiler identification is GNU 11.4.0
[0.085s] -- The CXX compiler identification is GNU 11.4.0
[0.090s] -- Detecting C compiler ABI info
[0.140s] -- Detecting C compiler ABI info - done
[0.147s] -- Check for working C compiler: /usr/bin/cc - skipped
[0.147s] -- Detecting C compile features
[0.147s] -- Detecting C compile features - done
[0.149s] -- Detecting CXX compiler ABI info
[0.208s] -- Detecting CXX compiler ABI info - done
[0.214s] -- Check for working CXX compiler: /usr/bin/c++ - skipped
[0.215s] -- Detecting CXX compile features
[0.215s] -- Detecting CXX compile features - done
[0.217s] -- Found ament_cmake: 1.3.11 (/opt/ros/humble/share/ament_cmake/cmake)
[0.381s] -- Found Python3: /usr/bin/python3 (found version "3.10.12") found components: Interpreter 
[0.453s] -- Override CMake install command with custom implementation using symlinks instead of copying resources
[0.477s] -- Found ament_lint_auto: 0.12.11 (/opt/ros/humble/share/ament_lint_auto/cmake)
[0.572s] -- Added test 'copyright' to check source files copyright and LICENSE
[0.590s] -- Added test 'flake8' to check Python code syntax and style conventions
[0.592s] -- Added test 'lint_cmake' to check CMake code style
[0.594s] -- Added test 'pep257' to check Python code against some of the docstring style conventions in PEP 257
[0.602s] -- Added test 'xmllint' to check XML markup files
[0.606s] -- Configuring done
[0.610s] -- Generating done
[0.611s] -- Build files have been written to: /home/bobby/dev_ws/build/delivery_robot
[0.624s] Invoked command in '/home/bobby/dev_ws/build/delivery_robot' returned '0': CMAKE_PREFIX_PATH=${CMAKE_PREFIX_PATH}:/opt/ros/humble /usr/bin/cmake /home/bobby/dev_ws/src/delivery_robot -DAMENT_CMAKE_SYMLINK_INSTALL=1 -DCMAKE_INSTALL_PREFIX=/home/bobby/dev_ws/install/delivery_robot
[0.625s] Invoking command in '/home/bobby/dev_ws/build/delivery_robot': CMAKE_PREFIX_PATH=${CMAKE_PREFIX_PATH}:/opt/ros/humble /usr/bin/cmake --build /home/bobby/dev_ws/build/delivery_robot -- -j4 -l4
[0.677s] Invoked command in '/home/bobby/dev_ws/build/delivery_robot' returned '0': CMAKE_PREFIX_PATH=${CMAKE_PREFIX_PATH}:/opt/ros/humble /usr/bin/cmake --build /home/bobby/dev_ws/build/delivery_robot -- -j4 -l4
[0.690s] Invoking command in '/home/bobby/dev_ws/build/delivery_robot': CMAKE_PREFIX_PATH=${CMAKE_PREFIX_PATH}:/opt/ros/humble /usr/bin/cmake --install /home/bobby/dev_ws/build/delivery_robot
[0.697s] -- Install configuration: ""
[0.697s] -- Execute custom install script
[0.697s] -- Symlinking: /home/bobby/dev_ws/install/delivery_robot/share/delivery_robot/config/coba.rviz
[0.709s] -- Symlinking: /home/bobby/dev_ws/install/delivery_robot/share/delivery_robot/config/drive_bot.rviz
[0.717s] -- Symlinking: /home/bobby/dev_ws/install/delivery_robot/share/delivery_robot/config/empty.world
[0.730s] -- Symlinking: /home/bobby/dev_ws/install/delivery_robot/share/delivery_robot/config/joystick.yaml
[0.739s] -- Symlinking: /home/bobby/dev_ws/install/delivery_robot/share/delivery_robot/config/main.rviz
[0.753s] -- Symlinking: /home/bobby/dev_ws/install/delivery_robot/share/delivery_robot/config/mapper_params_online_async.yaml
[0.764s] -- Symlinking: /home/bobby/dev_ws/install/delivery_robot/share/delivery_robot/config/my_controllers.yaml
[0.775s] -- Symlinking: /home/bobby/dev_ws/install/delivery_robot/share/delivery_robot/config/nav2_params.yaml
[0.787s] -- Symlinking: /home/bobby/dev_ws/install/delivery_robot/share/delivery_robot/config/twist_mux.yaml
[0.798s] -- Symlinking: /home/bobby/dev_ws/install/delivery_robot/share/delivery_robot/config/view_bot.rviz
[0.808s] -- Symlinking: /home/bobby/dev_ws/install/delivery_robot/share/delivery_robot/description/camera.xacro
[0.814s] -- Symlinking: /home/bobby/dev_ws/install/delivery_robot/share/delivery_robot/description/dept_camera.xacro
[0.826s] -- Symlinking: /home/bobby/dev_ws/install/delivery_robot/share/delivery_robot/description/face.xacro
[0.835s] -- Symlinking: /home/bobby/dev_ws/install/delivery_robot/share/delivery_robot/description/gazebo_control.xacro
[0.845s] -- Symlinking: /home/bobby/dev_ws/install/delivery_robot/share/delivery_robot/description/inertial_macros.xacro
[0.853s] -- Symlinking: /home/bobby/dev_ws/install/delivery_robot/share/delivery_robot/description/lidar.xacro
[0.863s] -- Symlinking: /home/bobby/dev_ws/install/delivery_robot/share/delivery_robot/description/robot.urdf.xacro
[0.875s] -- Symlinking: /home/bobby/dev_ws/install/delivery_robot/share/delivery_robot/description/robot_core.xacro
[0.885s] -- Symlinking: /home/bobby/dev_ws/install/delivery_robot/share/delivery_robot/description/ros2_control.xacro
[0.896s] -- Symlinking: /home/bobby/dev_ws/install/delivery_robot/share/delivery_robot/launch/joystick.launch.py
[0.908s] -- Symlinking: /home/bobby/dev_ws/install/delivery_robot/share/delivery_robot/launch/launch_robot.launch.py
[0.916s] -- Symlinking: /home/bobby/dev_ws/install/delivery_robot/share/delivery_robot/launch/launch_sim.launch.new.py
[0.925s] -- Symlinking: /home/bobby/dev_ws/install/delivery_robot/share/delivery_robot/launch/launch_sim.launch.py
[0.933s] -- Symlinking: /home/bobby/dev_ws/install/delivery_robot/share/delivery_robot/launch/localization_launch.py
[0.942s] -- Symlinking: /home/bobby/dev_ws/install/delivery_robot/share/delivery_robot/launch/navigation_launch.py
[0.948s] -- Symlinking: /home/bobby/dev_ws/install/delivery_robot/share/delivery_robot/launch/online_async_launch.py
[0.957s] -- Symlinking: /home/bobby/dev_ws/install/delivery_robot/share/delivery_robot/launch/rsp.launch.py
[0.964s] -- Symlinking: /home/bobby/dev_ws/install/delivery_robot/share/delivery_robot/worlds/coba.world
[0.971s] -- Symlinking: /home/bobby/dev_ws/install/delivery_robot/share/delivery_robot/worlds/empty.world
[0.979s] -- Symlinking: /home/bobby/dev_ws/install/delivery_robot/share/delivery_robot/worlds/obstacles.world
[0.986s] -- Symlinking: /home/bobby/dev_ws/install/delivery_robot/share/delivery_robot/worlds/percobaan/model.config
[0.994s] -- Symlinking: /home/bobby/dev_ws/install/delivery_robot/share/delivery_robot/worlds/percobaan/model.sdf
[1.000s] -- Symlinking: /home/bobby/dev_ws/install/delivery_robot/share/delivery_robot/worlds/percobaan/percobaan
[1.010s] -- Symlinking: /home/bobby/dev_ws/install/delivery_robot/share/ament_index/resource_index/package_run_dependencies/delivery_robot
[1.017s] -- Symlinking: /home/bobby/dev_ws/install/delivery_robot/share/ament_index/resource_index/parent_prefix_path/delivery_robot
[1.025s] -- Symlinking: /home/bobby/dev_ws/install/delivery_robot/share/delivery_robot/environment/ament_prefix_path.sh
[1.033s] -- Symlinking: /home/bobby/dev_ws/install/delivery_robot/share/delivery_robot/environment/ament_prefix_path.dsv
[1.041s] -- Symlinking: /home/bobby/dev_ws/install/delivery_robot/share/delivery_robot/environment/path.sh
[1.048s] -- Symlinking: /home/bobby/dev_ws/install/delivery_robot/share/delivery_robot/environment/path.dsv
[1.055s] -- Symlinking: /home/bobby/dev_ws/install/delivery_robot/share/delivery_robot/local_setup.bash
[1.063s] -- Symlinking: /home/bobby/dev_ws/install/delivery_robot/share/delivery_robot/local_setup.sh
[1.071s] -- Symlinking: /home/bobby/dev_ws/install/delivery_robot/share/delivery_robot/local_setup.zsh
[1.078s] -- Symlinking: /home/bobby/dev_ws/install/delivery_robot/share/delivery_robot/local_setup.dsv
[1.085s] -- Symlinking: /home/bobby/dev_ws/install/delivery_robot/share/delivery_robot/package.dsv
[1.093s] -- Symlinking: /home/bobby/dev_ws/install/delivery_robot/share/ament_index/resource_index/packages/delivery_robot
[1.099s] -- Symlinking: /home/bobby/dev_ws/install/delivery_robot/share/delivery_robot/cmake/delivery_robotConfig.cmake
[1.108s] -- Symlinking: /home/bobby/dev_ws/install/delivery_robot/share/delivery_robot/cmake/delivery_robotConfig-version.cmake
[1.114s] -- Symlinking: /home/bobby/dev_ws/install/delivery_robot/share/delivery_robot/package.xml
[1.124s] Invoked command in '/home/bobby/dev_ws/build/delivery_robot' returned '0': CMAKE_PREFIX_PATH=${CMAKE_PREFIX_PATH}:/opt/ros/humble /usr/bin/cmake --install /home/bobby/dev_ws/build/delivery_robot
