running egg_info
writing ../../build/pyserial/pyserial.egg-info/PKG-INFO
writing dependency_links to ../../build/pyserial/pyserial.egg-info/dependency_links.txt
writing entry points to ../../build/pyserial/pyserial.egg-info/entry_points.txt
writing requirements to ../../build/pyserial/pyserial.egg-info/requires.txt
writing top-level names to ../../build/pyserial/pyserial.egg-info/top_level.txt
reading manifest file '../../build/pyserial/pyserial.egg-info/SOURCES.txt'
writing manifest file '../../build/pyserial/pyserial.egg-info/SOURCES.txt'
running build
running build_py
running install
running install_lib
running install_data
running install_egg_info
removing '/home/bobby/dev_ws/install/pyserial/lib/python3.10/site-packages/pyserial-0.0.1-py3.10.egg-info' (and everything under it)
Copying ../../build/pyserial/pyserial.egg-info to /home/bobby/dev_ws/install/pyserial/lib/python3.10/site-packages/pyserial-0.0.1-py3.10.egg-info
running install_scripts
Installing coba1 script to /home/bobby/dev_ws/install/pyserial/lib/pyserial
Installing motor_control_node script to /home/bobby/dev_ws/install/pyserial/lib/pyserial
writing list of installed files to '/home/bobby/dev_ws/build/pyserial/install.log'
