[0.028s] Invoking command in '/home/bobby/dev_ws/build/control_toolbox': CMAKE_PREFIX_PATH=${CMAKE_PREFIX_PATH}:/opt/ros/humble /usr/bin/cmake /home/bobby/dev_ws/src/control_toolbox -DAMENT_CMAKE_SYMLINK_INSTALL=1 -DCMAKE_INSTALL_PREFIX=/home/bobby/dev_ws/install/control_toolbox
[0.131s] -- The CXX compiler identification is GNU 11.4.0
[0.140s] -- Detecting CXX compiler ABI info
[0.305s] -- Detecting CXX compiler ABI info - done
[0.321s] -- Check for working CXX compiler: /usr/bin/c++ - skipped
[0.323s] -- Detecting CXX compile features
[0.323s] -- Detecting CXX compile features - done
[0.327s] -- Found ament_cmake: 1.3.11 (/opt/ros/humble/share/ament_cmake/cmake)
[0.591s] -- Found Python3: /usr/bin/python3 (found version "3.10.12") found components: Interpreter 
[0.674s] -- Override CMake install command with custom implementation using symlinks instead of copying resources
[0.697s] -- Found control_msgs: 4.7.0 (/opt/ros/humble/share/control_msgs/cmake)
[0.766s] -- Found rosidl_generator_c: 3.1.6 (/opt/ros/humble/share/rosidl_generator_c/cmake)
[0.779s] -- Found rosidl_adapter: 3.1.6 (/opt/ros/humble/share/rosidl_adapter/cmake)
[0.800s] -- Found rosidl_generator_cpp: 3.1.6 (/opt/ros/humble/share/rosidl_generator_cpp/cmake)
[0.845s] -- Using all available rosidl_typesupport_c: rosidl_typesupport_fastrtps_c;rosidl_typesupport_introspection_c
[0.876s] -- Using all available rosidl_typesupport_cpp: rosidl_typesupport_fastrtps_cpp;rosidl_typesupport_introspection_cpp
[1.099s] -- Found rclcpp: 16.0.11 (/opt/ros/humble/share/rclcpp/cmake)
[1.147s] -- Found rmw_implementation_cmake: 6.1.2 (/opt/ros/humble/share/rmw_implementation_cmake/cmake)
[1.150s] -- Found rmw_fastrtps_cpp: 6.2.7 (/opt/ros/humble/share/rmw_fastrtps_cpp/cmake)
[1.271s] -- Found OpenSSL: /usr/lib/x86_64-linux-gnu/libcrypto.so (found version "3.0.2")  
[1.305s] -- Found FastRTPS: /opt/ros/humble/include  
[1.362s] -- Using RMW implementation 'rmw_fastrtps_cpp' as default
[1.372s] -- Looking for C++ include pthread.h
[1.533s] -- Looking for C++ include pthread.h - found
[1.533s] -- Performing Test CMAKE_HAVE_LIBC_PTHREAD
[1.664s] -- Performing Test CMAKE_HAVE_LIBC_PTHREAD - Success
[1.666s] -- Found Threads: TRUE  
[1.736s] -- Found realtime_tools: 2.10.0 (/opt/ros/humble/share/realtime_tools/cmake)
[1.768s] [31mCMake Error at CMakeLists.txt:57 (find_package):
[1.768s]   By not providing "Findfilters.cmake" in CMAKE_MODULE_PATH this project has
[1.768s]   asked CMake to find a package configuration file provided by "filters", but
[1.768s]   CMake did not find one.
[1.768s] 
[1.768s]   Could not find a package configuration file provided by "filters" with any
[1.768s]   of the following names:
[1.768s] 
[1.768s]     filtersConfig.cmake
[1.768s]     filters-config.cmake
[1.768s] 
[1.768s]   Add the installation prefix of "filters" to CMAKE_PREFIX_PATH or set
[1.768s]   "filters_DIR" to a directory containing one of the above files.  If
[1.768s]   "filters" provides a separate development package or SDK, be sure it has
[1.768s]   been installed.
[1.769s] 
[1.769s] [0m
[1.769s] -- Configuring incomplete, errors occurred!
[1.769s] See also "/home/bobby/dev_ws/build/control_toolbox/CMakeFiles/CMakeOutput.log".
[1.783s] Invoked command in '/home/bobby/dev_ws/build/control_toolbox' returned '1': CMAKE_PREFIX_PATH=${CMAKE_PREFIX_PATH}:/opt/ros/humble /usr/bin/cmake /home/bobby/dev_ws/src/control_toolbox -DAMENT_CMAKE_SYMLINK_INSTALL=1 -DCMAKE_INSTALL_PREFIX=/home/bobby/dev_ws/install/control_toolbox
