[0.018s] Invoking command in '/home/bobby/dev_ws/build/joint_limits': CMAKE_PREFIX_PATH=${CMAKE_PREFIX_PATH}:/opt/ros/humble /usr/bin/cmake /home/bobby/dev_ws/src/ros2_control/joint_limits -DAMENT_CMAKE_SYMLINK_INSTALL=1 -DCMAKE_INSTALL_PREFIX=/home/bobby/dev_ws/install/joint_limits
[0.117s] -- The CXX compiler identification is GNU 11.4.0
[0.127s] -- Detecting CXX compiler ABI info
[0.256s] -- Detecting CXX compiler ABI info - done
[0.274s] -- Check for working CXX compiler: /usr/bin/c++ - skipped
[0.276s] -- Detecting CXX compile features
[0.278s] -- Detecting CXX compile features - done
[0.279s] -- Found ament_cmake: 1.3.11 (/opt/ros/humble/share/ament_cmake/cmake)
[0.559s] -- Found Python3: /usr/bin/python3 (found version "3.10.12") found components: Interpreter 
[0.668s] -- Override CMake install command with custom implementation using symlinks instead of copying resources
[0.702s] -- Found pluginlib: 5.1.0 (/opt/ros/humble/share/pluginlib/cmake)
[0.774s] -- Found realtime_tools: 2.10.0 (/opt/ros/humble/share/realtime_tools/cmake)
[0.827s] -- Found rosidl_generator_c: 3.1.6 (/opt/ros/humble/share/rosidl_generator_c/cmake)
[0.834s] -- Found rosidl_adapter: 3.1.6 (/opt/ros/humble/share/rosidl_adapter/cmake)
[0.844s] -- Found rosidl_generator_cpp: 3.1.6 (/opt/ros/humble/share/rosidl_generator_cpp/cmake)
[0.860s] -- Using all available rosidl_typesupport_c: rosidl_typesupport_fastrtps_c;rosidl_typesupport_introspection_c
[0.884s] -- Using all available rosidl_typesupport_cpp: rosidl_typesupport_fastrtps_cpp;rosidl_typesupport_introspection_cpp
[0.970s] -- Found rmw_implementation_cmake: 6.1.2 (/opt/ros/humble/share/rmw_implementation_cmake/cmake)
[0.979s] -- Found rmw_fastrtps_cpp: 6.2.7 (/opt/ros/humble/share/rmw_fastrtps_cpp/cmake)
[1.021s] -- Found TinyXML2 via Config file: TinyXML2_DIR-NOTFOUND
[1.096s] -- Found OpenSSL: /usr/lib/x86_64-linux-gnu/libcrypto.so (found version "3.0.2")  
[1.105s] -- Found TinyXML2 via Config file: TinyXML2_DIR-NOTFOUND
[1.132s] -- Found FastRTPS: /opt/ros/humble/include  
[1.138s] -- Found TinyXML2 via Config file: TinyXML2_DIR-NOTFOUND
[1.154s] -- Found TinyXML2 via Config file: TinyXML2_DIR-NOTFOUND
[1.168s] -- Using RMW implementation 'rmw_fastrtps_cpp' as default
[1.187s] -- Looking for C++ include pthread.h
[1.570s] -- Looking for C++ include pthread.h - found
[1.572s] -- Performing Test CMAKE_HAVE_LIBC_PTHREAD
[1.731s] -- Performing Test CMAKE_HAVE_LIBC_PTHREAD - Success
[1.733s] -- Found Threads: TRUE  
[1.858s] -- Found rclcpp_lifecycle: 16.0.11 (/opt/ros/humble/share/rclcpp_lifecycle/cmake)
[1.879s] -- Found trajectory_msgs: 4.2.4 (/opt/ros/humble/share/trajectory_msgs/cmake)
[1.910s] -- Found urdf: 2.6.1 (/opt/ros/humble/share/urdf/cmake)
[1.923s] -- Found ament_cmake_gtest: 1.3.11 (/opt/ros/humble/share/ament_cmake_gtest/cmake)
[1.928s] -- Found ament_cmake_gmock: 1.3.11 (/opt/ros/humble/share/ament_cmake_gmock/cmake)
[1.935s] [31mCMake Error at CMakeLists.txt:65 (find_package):
[1.936s]   By not providing "Findgenerate_parameter_library.cmake" in
[1.936s]   CMAKE_MODULE_PATH this project has asked CMake to find a package
[1.936s]   configuration file provided by "generate_parameter_library", but CMake did
[1.936s]   not find one.
[1.936s] 
[1.936s]   Could not find a package configuration file provided by
[1.936s]   "generate_parameter_library" with any of the following names:
[1.936s] 
[1.936s]     generate_parameter_libraryConfig.cmake
[1.936s]     generate_parameter_library-config.cmake
[1.936s] 
[1.936s]   Add the installation prefix of "generate_parameter_library" to
[1.936s]   CMAKE_PREFIX_PATH or set "generate_parameter_library_DIR" to a directory
[1.936s]   containing one of the above files.  If "generate_parameter_library"
[1.936s]   provides a separate development package or SDK, be sure it has been
[1.936s]   installed.
[1.936s] 
[1.937s] [0m
[1.937s] -- Configuring incomplete, errors occurred!
[1.937s] See also "/home/bobby/dev_ws/build/joint_limits/CMakeFiles/CMakeOutput.log".
