[1.072s] Invoking command in '/home/bobby/dev_ws/src/gamepad_pkg': PYTHONPATH=/home/bobby/dev_ws/build/gamepad_pkg/prefix_override:/usr/lib/python3/dist-packages/colcon_core/task/python/colcon_distutils_commands:/home/bobby/dev_ws/install/gamepad_pkg/lib/python3.10/site-packages:${PYTHONPATH} /usr/bin/python3 -W ignore:setup.py install is deprecated -W ignore:easy_install command is deprecated setup.py egg_info --egg-base ../../build/gamepad_pkg build --build-base /home/bobby/dev_ws/build/gamepad_pkg/build install --record /home/bobby/dev_ws/build/gamepad_pkg/install.log --single-version-externally-managed install_data
[1.287s] running egg_info
[1.288s] creating ../../build/gamepad_pkg/gamepad_pkg.egg-info
[1.288s] writing ../../build/gamepad_pkg/gamepad_pkg.egg-info/PKG-INFO
[1.288s] writing dependency_links to ../../build/gamepad_pkg/gamepad_pkg.egg-info/dependency_links.txt
[1.288s] writing entry points to ../../build/gamepad_pkg/gamepad_pkg.egg-info/entry_points.txt
[1.288s] writing requirements to ../../build/gamepad_pkg/gamepad_pkg.egg-info/requires.txt
[1.288s] writing top-level names to ../../build/gamepad_pkg/gamepad_pkg.egg-info/top_level.txt
[1.288s] writing manifest file '../../build/gamepad_pkg/gamepad_pkg.egg-info/SOURCES.txt'
[1.291s] reading manifest file '../../build/gamepad_pkg/gamepad_pkg.egg-info/SOURCES.txt'
[1.291s] adding license file 'LICENSE'
[1.291s] writing manifest file '../../build/gamepad_pkg/gamepad_pkg.egg-info/SOURCES.txt'
[1.291s] running build
[1.292s] running build_py
[1.292s] creating /home/bobby/dev_ws/build/gamepad_pkg/build
[1.292s] creating /home/bobby/dev_ws/build/gamepad_pkg/build/lib
[1.292s] creating /home/bobby/dev_ws/build/gamepad_pkg/build/lib/gamepad_pkg
[1.292s] copying gamepad_pkg/__init__.py -> /home/bobby/dev_ws/build/gamepad_pkg/build/lib/gamepad_pkg
[1.292s] copying gamepad_pkg/gamepad_testing.py -> /home/bobby/dev_ws/build/gamepad_pkg/build/lib/gamepad_pkg
[1.292s] copying gamepad_pkg/gamepad_node.py -> /home/bobby/dev_ws/build/gamepad_pkg/build/lib/gamepad_pkg
[1.292s] running install
[1.296s] running install_lib
[1.297s] creating /home/bobby/dev_ws/install/gamepad_pkg/lib/python3.10/site-packages/gamepad_pkg
[1.297s] copying /home/bobby/dev_ws/build/gamepad_pkg/build/lib/gamepad_pkg/__init__.py -> /home/bobby/dev_ws/install/gamepad_pkg/lib/python3.10/site-packages/gamepad_pkg
[1.299s] copying /home/bobby/dev_ws/build/gamepad_pkg/build/lib/gamepad_pkg/gamepad_testing.py -> /home/bobby/dev_ws/install/gamepad_pkg/lib/python3.10/site-packages/gamepad_pkg
[1.300s] copying /home/bobby/dev_ws/build/gamepad_pkg/build/lib/gamepad_pkg/gamepad_node.py -> /home/bobby/dev_ws/install/gamepad_pkg/lib/python3.10/site-packages/gamepad_pkg
[1.301s] byte-compiling /home/bobby/dev_ws/install/gamepad_pkg/lib/python3.10/site-packages/gamepad_pkg/__init__.py to __init__.cpython-310.pyc
[1.301s] byte-compiling /home/bobby/dev_ws/install/gamepad_pkg/lib/python3.10/site-packages/gamepad_pkg/gamepad_testing.py to gamepad_testing.cpython-310.pyc
[1.301s] byte-compiling /home/bobby/dev_ws/install/gamepad_pkg/lib/python3.10/site-packages/gamepad_pkg/gamepad_node.py to gamepad_node.cpython-310.pyc
[1.301s] running install_data
[1.302s] creating /home/bobby/dev_ws/install/gamepad_pkg/share/ament_index
[1.302s] creating /home/bobby/dev_ws/install/gamepad_pkg/share/ament_index/resource_index
[1.302s] creating /home/bobby/dev_ws/install/gamepad_pkg/share/ament_index/resource_index/packages
[1.302s] copying resource/gamepad_pkg -> /home/bobby/dev_ws/install/gamepad_pkg/share/ament_index/resource_index/packages
[1.303s] copying package.xml -> /home/bobby/dev_ws/install/gamepad_pkg/share/gamepad_pkg
[1.303s] running install_egg_info
[1.304s] Copying ../../build/gamepad_pkg/gamepad_pkg.egg-info to /home/bobby/dev_ws/install/gamepad_pkg/lib/python3.10/site-packages/gamepad_pkg-0.0.0-py3.10.egg-info
[1.305s] running install_scripts
[1.332s] Installing gamepad_testing script to /home/bobby/dev_ws/install/gamepad_pkg/lib/gamepad_pkg
[1.333s] writing list of installed files to '/home/bobby/dev_ws/build/gamepad_pkg/install.log'
[1.373s] Invoked command in '/home/bobby/dev_ws/src/gamepad_pkg' returned '0': PYTHONPATH=/home/bobby/dev_ws/build/gamepad_pkg/prefix_override:/usr/lib/python3/dist-packages/colcon_core/task/python/colcon_distutils_commands:/home/bobby/dev_ws/install/gamepad_pkg/lib/python3.10/site-packages:${PYTHONPATH} /usr/bin/python3 -W ignore:setup.py install is deprecated -W ignore:easy_install command is deprecated setup.py egg_info --egg-base ../../build/gamepad_pkg build --build-base /home/bobby/dev_ws/build/gamepad_pkg/build install --record /home/bobby/dev_ws/build/gamepad_pkg/install.log --single-version-externally-managed install_data
