/usr/lib/python3/dist-packages/setuptools/dist.py:723: UserWarning: Usage of dash-separated 'script-dir' will not be supported in future versions. Please use the underscore name 'script_dir' instead
  warnings.warn(
running egg_info
creating ../../build/pyserial/pyserial.egg-info
writing ../../build/pyserial/pyserial.egg-info/PKG-INFO
writing dependency_links to ../../build/pyserial/pyserial.egg-info/dependency_links.txt
writing entry points to ../../build/pyserial/pyserial.egg-info/entry_points.txt
writing requirements to ../../build/pyserial/pyserial.egg-info/requires.txt
writing top-level names to ../../build/pyserial/pyserial.egg-info/top_level.txt
writing manifest file '../../build/pyserial/pyserial.egg-info/SOURCES.txt'
reading manifest file '../../build/pyserial/pyserial.egg-info/SOURCES.txt'
writing manifest file '../../build/pyserial/pyserial.egg-info/SOURCES.txt'
running build
running build_py
creating /home/bobby/dev_ws/build/pyserial/build
creating /home/bobby/dev_ws/build/pyserial/build/lib
creating /home/bobby/dev_ws/build/pyserial/build/lib/pyserial
copying pyserial/__init__.py -> /home/bobby/dev_ws/build/pyserial/build/lib/pyserial
copying pyserial/serialcoba.py -> /home/bobby/dev_ws/build/pyserial/build/lib/pyserial
copying pyserial/coba1.py -> /home/bobby/dev_ws/build/pyserial/build/lib/pyserial
copying pyserial/serialcoba1.py -> /home/bobby/dev_ws/build/pyserial/build/lib/pyserial
copying pyserial/motor_control_node.py -> /home/bobby/dev_ws/build/pyserial/build/lib/pyserial
copying pyserial/coba.py -> /home/bobby/dev_ws/build/pyserial/build/lib/pyserial
copying pyserial/bobserial.py -> /home/bobby/dev_ws/build/pyserial/build/lib/pyserial
running install
running install_lib
creating /home/bobby/dev_ws/install/pyserial/lib/python3.10/site-packages/pyserial
copying /home/bobby/dev_ws/build/pyserial/build/lib/pyserial/__init__.py -> /home/bobby/dev_ws/install/pyserial/lib/python3.10/site-packages/pyserial
copying /home/bobby/dev_ws/build/pyserial/build/lib/pyserial/serialcoba.py -> /home/bobby/dev_ws/install/pyserial/lib/python3.10/site-packages/pyserial
copying /home/bobby/dev_ws/build/pyserial/build/lib/pyserial/coba1.py -> /home/bobby/dev_ws/install/pyserial/lib/python3.10/site-packages/pyserial
copying /home/bobby/dev_ws/build/pyserial/build/lib/pyserial/serialcoba1.py -> /home/bobby/dev_ws/install/pyserial/lib/python3.10/site-packages/pyserial
copying /home/bobby/dev_ws/build/pyserial/build/lib/pyserial/motor_control_node.py -> /home/bobby/dev_ws/install/pyserial/lib/python3.10/site-packages/pyserial
copying /home/bobby/dev_ws/build/pyserial/build/lib/pyserial/coba.py -> /home/bobby/dev_ws/install/pyserial/lib/python3.10/site-packages/pyserial
copying /home/bobby/dev_ws/build/pyserial/build/lib/pyserial/bobserial.py -> /home/bobby/dev_ws/install/pyserial/lib/python3.10/site-packages/pyserial
byte-compiling /home/bobby/dev_ws/install/pyserial/lib/python3.10/site-packages/pyserial/__init__.py to __init__.cpython-310.pyc
byte-compiling /home/bobby/dev_ws/install/pyserial/lib/python3.10/site-packages/pyserial/serialcoba.py to serialcoba.cpython-310.pyc
byte-compiling /home/bobby/dev_ws/install/pyserial/lib/python3.10/site-packages/pyserial/coba1.py to coba1.cpython-310.pyc
byte-compiling /home/bobby/dev_ws/install/pyserial/lib/python3.10/site-packages/pyserial/serialcoba1.py to serialcoba1.cpython-310.pyc
byte-compiling /home/bobby/dev_ws/install/pyserial/lib/python3.10/site-packages/pyserial/motor_control_node.py to motor_control_node.cpython-310.pyc
byte-compiling /home/bobby/dev_ws/install/pyserial/lib/python3.10/site-packages/pyserial/coba.py to coba.cpython-310.pyc
byte-compiling /home/bobby/dev_ws/install/pyserial/lib/python3.10/site-packages/pyserial/bobserial.py to bobserial.cpython-310.pyc
running install_data
creating /home/bobby/dev_ws/install/pyserial/share/ament_index
creating /home/bobby/dev_ws/install/pyserial/share/ament_index/resource_index
creating /home/bobby/dev_ws/install/pyserial/share/ament_index/resource_index/packages
copying resource/pyserial -> /home/bobby/dev_ws/install/pyserial/share/ament_index/resource_index/packages
copying package.xml -> /home/bobby/dev_ws/install/pyserial/share/pyserial
running install_egg_info
Copying ../../build/pyserial/pyserial.egg-info to /home/bobby/dev_ws/install/pyserial/lib/python3.10/site-packages/pyserial-0.0.1-py3.10.egg-info
running install_scripts
Installing coba1 script to /home/bobby/dev_ws/install/pyserial/lib/pyserial
Installing motor_control_node script to /home/bobby/dev_ws/install/pyserial/lib/pyserial
writing list of installed files to '/home/bobby/dev_ws/build/pyserial/install.log'
