[0.074s] DEBUG:colcon:Command line arguments: ['/usr/bin/colcon', 'build']
[0.074s] DEBUG:colcon:Parsed command line arguments: Namespace(log_base=None, log_level=None, verb_name='build', build_base='build', install_base='install', merge_install=False, symlink_install=False, test_result_base=None, continue_on_error=False, executor='parallel', parallel_workers=4, event_handlers=None, ignore_user_meta=False, metas=['./colcon.meta'], base_paths=['.'], packages_ignore=None, packages_ignore_regex=None, paths=None, packages_up_to=None, packages_up_to_regex=None, packages_above=None, packages_above_and_dependencies=None, packages_above_depth=None, packages_select_by_dep=None, packages_skip_by_dep=None, packages_skip_up_to=None, packages_select_build_failed=False, packages_skip_build_finished=False, packages_select_test_failures=False, packages_skip_test_passed=False, packages_select=None, packages_skip=None, packages_select_regex=None, packages_skip_regex=None, packages_start=None, packages_end=None, allow_overriding=[], cmake_args=None, cmake_target=None, cmake_target_skip_unavailable=False, cmake_clean_cache=False, cmake_clean_first=False, cmake_force_configure=False, ament_cmake_args=None, catkin_cmake_args=None, catkin_skip_building_tests=False, mixin_files=None, mixin=None, verb_parser=<colcon_mixin.mixin.mixin_argument.MixinArgumentDecorator object at 0x76f96cd4eb60>, verb_extension=<colcon_core.verb.build.BuildVerb object at 0x76f96ce4baf0>, main=<bound method BuildVerb.main of <colcon_core.verb.build.BuildVerb object at 0x76f96ce4baf0>>, mixin_verb=('build',))
[0.187s] Level 1:colcon.colcon_core.package_discovery:discover_packages(colcon_meta) check parameters
[0.187s] Level 1:colcon.colcon_core.package_discovery:discover_packages(recursive) check parameters
[0.187s] Level 1:colcon.colcon_core.package_discovery:discover_packages(ignore) check parameters
[0.187s] Level 1:colcon.colcon_core.package_discovery:discover_packages(path) check parameters
[0.187s] Level 1:colcon.colcon_core.package_discovery:discover_packages(colcon_meta) discover
[0.187s] Level 1:colcon.colcon_core.package_discovery:discover_packages(recursive) discover
[0.187s] INFO:colcon.colcon_core.package_discovery:Crawling recursively for packages in '/home/bobby/dev_ws/src'
[0.187s] Level 1:colcon.colcon_core.package_identification:_identify(.) by extensions ['ignore', 'ignore_ament_install']
[0.187s] Level 1:colcon.colcon_core.package_identification:_identify(.) by extension 'ignore'
[0.187s] Level 1:colcon.colcon_core.package_identification:_identify(.) by extension 'ignore_ament_install'
[0.187s] Level 1:colcon.colcon_core.package_identification:_identify(.) by extensions ['colcon_pkg']
[0.187s] Level 1:colcon.colcon_core.package_identification:_identify(.) by extension 'colcon_pkg'
[0.187s] Level 1:colcon.colcon_core.package_identification:_identify(.) by extensions ['colcon_meta']
[0.187s] Level 1:colcon.colcon_core.package_identification:_identify(.) by extension 'colcon_meta'
[0.187s] Level 1:colcon.colcon_core.package_identification:_identify(.) by extensions ['ros']
[0.187s] Level 1:colcon.colcon_core.package_identification:_identify(.) by extension 'ros'
[0.195s] Level 1:colcon.colcon_core.package_identification:_identify(.) by extensions ['cmake', 'python']
[0.195s] Level 1:colcon.colcon_core.package_identification:_identify(.) by extension 'cmake'
[0.195s] Level 1:colcon.colcon_core.package_identification:_identify(.) by extension 'python'
[0.195s] Level 1:colcon.colcon_core.package_identification:_identify(.) by extensions ['python_setup_py']
[0.195s] Level 1:colcon.colcon_core.package_identification:_identify(.) by extension 'python_setup_py'
[0.195s] Level 1:colcon.colcon_core.package_identification:_identify(build) by extensions ['ignore', 'ignore_ament_install']
[0.195s] Level 1:colcon.colcon_core.package_identification:_identify(build) by extension 'ignore'
[0.195s] Level 1:colcon.colcon_core.package_identification:_identify(build) ignored
[0.195s] Level 1:colcon.colcon_core.package_identification:_identify(delivery_robot) by extensions ['ignore', 'ignore_ament_install']
[0.195s] Level 1:colcon.colcon_core.package_identification:_identify(delivery_robot) by extension 'ignore'
[0.195s] Level 1:colcon.colcon_core.package_identification:_identify(delivery_robot) by extension 'ignore_ament_install'
[0.195s] Level 1:colcon.colcon_core.package_identification:_identify(delivery_robot) by extensions ['colcon_pkg']
[0.195s] Level 1:colcon.colcon_core.package_identification:_identify(delivery_robot) by extension 'colcon_pkg'
[0.195s] Level 1:colcon.colcon_core.package_identification:_identify(delivery_robot) by extensions ['colcon_meta']
[0.195s] Level 1:colcon.colcon_core.package_identification:_identify(delivery_robot) by extension 'colcon_meta'
[0.195s] Level 1:colcon.colcon_core.package_identification:_identify(delivery_robot) by extensions ['ros']
[0.195s] Level 1:colcon.colcon_core.package_identification:_identify(delivery_robot) by extension 'ros'
[0.197s] DEBUG:colcon.colcon_core.package_identification:Package 'delivery_robot' with type 'ros.ament_cmake' and name 'delivery_robot'
[0.197s] Level 1:colcon.colcon_core.package_identification:_identify(install) by extensions ['ignore', 'ignore_ament_install']
[0.197s] Level 1:colcon.colcon_core.package_identification:_identify(install) by extension 'ignore'
[0.197s] Level 1:colcon.colcon_core.package_identification:_identify(install) ignored
[0.197s] Level 1:colcon.colcon_core.package_identification:_identify(log) by extensions ['ignore', 'ignore_ament_install']
[0.197s] Level 1:colcon.colcon_core.package_identification:_identify(log) by extension 'ignore'
[0.197s] Level 1:colcon.colcon_core.package_identification:_identify(log) ignored
[0.197s] Level 1:colcon.colcon_core.package_discovery:discover_packages(recursive) using defaults
[0.197s] Level 1:colcon.colcon_core.package_discovery:discover_packages(ignore) discover
[0.197s] Level 1:colcon.colcon_core.package_discovery:discover_packages(ignore) using defaults
[0.197s] Level 1:colcon.colcon_core.package_discovery:discover_packages(path) discover
[0.197s] Level 1:colcon.colcon_core.package_discovery:discover_packages(path) using defaults
[0.221s] Level 1:colcon.colcon_core.package_discovery:discover_packages(prefix_path) check parameters
[0.221s] Level 1:colcon.colcon_core.package_discovery:discover_packages(prefix_path) discover
[0.222s] DEBUG:colcon.colcon_installed_package_information.package_discovery:Found 3 installed packages in /home/bobby/dev_ws/install
[0.223s] DEBUG:colcon.colcon_installed_package_information.package_discovery:Found 327 installed packages in /opt/ros/humble
[0.224s] Level 1:colcon.colcon_core.package_discovery:discover_packages(prefix_path) using defaults
[0.252s] Level 5:colcon.colcon_core.verb:set package 'delivery_robot' build argument 'cmake_args' from command line to 'None'
[0.252s] Level 5:colcon.colcon_core.verb:set package 'delivery_robot' build argument 'cmake_target' from command line to 'None'
[0.252s] Level 5:colcon.colcon_core.verb:set package 'delivery_robot' build argument 'cmake_target_skip_unavailable' from command line to 'False'
[0.252s] Level 5:colcon.colcon_core.verb:set package 'delivery_robot' build argument 'cmake_clean_cache' from command line to 'False'
[0.252s] Level 5:colcon.colcon_core.verb:set package 'delivery_robot' build argument 'cmake_clean_first' from command line to 'False'
[0.252s] Level 5:colcon.colcon_core.verb:set package 'delivery_robot' build argument 'cmake_force_configure' from command line to 'False'
[0.252s] Level 5:colcon.colcon_core.verb:set package 'delivery_robot' build argument 'ament_cmake_args' from command line to 'None'
[0.252s] Level 5:colcon.colcon_core.verb:set package 'delivery_robot' build argument 'catkin_cmake_args' from command line to 'None'
[0.252s] Level 5:colcon.colcon_core.verb:set package 'delivery_robot' build argument 'catkin_skip_building_tests' from command line to 'False'
[0.252s] DEBUG:colcon.colcon_core.verb:Building package 'delivery_robot' with the following arguments: {'ament_cmake_args': None, 'build_base': '/home/bobby/dev_ws/src/build/delivery_robot', 'catkin_cmake_args': None, 'catkin_skip_building_tests': False, 'cmake_args': None, 'cmake_clean_cache': False, 'cmake_clean_first': False, 'cmake_force_configure': False, 'cmake_target': None, 'cmake_target_skip_unavailable': False, 'install_base': '/home/bobby/dev_ws/src/install/delivery_robot', 'merge_install': False, 'path': '/home/bobby/dev_ws/src/delivery_robot', 'symlink_install': False, 'test_result_base': None}
[0.253s] INFO:colcon.colcon_core.executor:Executing jobs using 'parallel' executor
[0.253s] DEBUG:colcon.colcon_parallel_executor.executor.parallel:run_until_complete
[0.253s] INFO:colcon.colcon_ros.task.ament_cmake.build:Building ROS package in '/home/bobby/dev_ws/src/delivery_robot' with build type 'ament_cmake'
[0.254s] INFO:colcon.colcon_cmake.task.cmake.build:Building CMake package in '/home/bobby/dev_ws/src/delivery_robot'
[0.255s] INFO:colcon.colcon_core.plugin_system:Skipping extension 'colcon_core.shell.bat': Not used on non-Windows systems
[0.255s] INFO:colcon.colcon_core.shell:Skip shell extension 'powershell' for command environment: Not usable outside of PowerShell
[0.255s] DEBUG:colcon.colcon_core.shell:Skip shell extension 'dsv' for command environment
[0.261s] DEBUG:colcon.colcon_core.event_handler.log_command:Invoking command in '/home/bobby/dev_ws/src/build/delivery_robot': CMAKE_PREFIX_PATH=${CMAKE_PREFIX_PATH}:/opt/ros/humble /usr/bin/cmake /home/bobby/dev_ws/src/delivery_robot -DCMAKE_INSTALL_PREFIX=/home/bobby/dev_ws/src/install/delivery_robot
[0.865s] DEBUG:colcon.colcon_core.event_handler.log_command:Invoked command in '/home/bobby/dev_ws/src/build/delivery_robot' returned '0': CMAKE_PREFIX_PATH=${CMAKE_PREFIX_PATH}:/opt/ros/humble /usr/bin/cmake /home/bobby/dev_ws/src/delivery_robot -DCMAKE_INSTALL_PREFIX=/home/bobby/dev_ws/src/install/delivery_robot
[0.866s] DEBUG:colcon.colcon_core.event_handler.log_command:Invoking command in '/home/bobby/dev_ws/src/build/delivery_robot': CMAKE_PREFIX_PATH=${CMAKE_PREFIX_PATH}:/opt/ros/humble /usr/bin/cmake --build /home/bobby/dev_ws/src/build/delivery_robot -- -j4 -l4
[0.894s] DEBUG:colcon.colcon_core.event_handler.log_command:Invoked command in '/home/bobby/dev_ws/src/build/delivery_robot' returned '0': CMAKE_PREFIX_PATH=${CMAKE_PREFIX_PATH}:/opt/ros/humble /usr/bin/cmake --build /home/bobby/dev_ws/src/build/delivery_robot -- -j4 -l4
[0.901s] DEBUG:colcon.colcon_core.event_handler.log_command:Invoking command in '/home/bobby/dev_ws/src/build/delivery_robot': CMAKE_PREFIX_PATH=${CMAKE_PREFIX_PATH}:/opt/ros/humble /usr/bin/cmake --install /home/bobby/dev_ws/src/build/delivery_robot
[0.912s] Level 1:colcon.colcon_core.environment:create_environment_scripts_only(delivery_robot)
[0.912s] DEBUG:colcon.colcon_core.event_handler.log_command:Invoked command in '/home/bobby/dev_ws/src/build/delivery_robot' returned '0': CMAKE_PREFIX_PATH=${CMAKE_PREFIX_PATH}:/opt/ros/humble /usr/bin/cmake --install /home/bobby/dev_ws/src/build/delivery_robot
[0.914s] Level 1:colcon.colcon_core.environment:checking '/home/bobby/dev_ws/src/install/delivery_robot' for CMake module files
[0.914s] Level 1:colcon.colcon_core.environment:checking '/home/bobby/dev_ws/src/install/delivery_robot' for CMake config files
[0.914s] Level 1:colcon.colcon_core.shell:create_environment_hook('delivery_robot', 'cmake_prefix_path')
[0.914s] INFO:colcon.colcon_core.shell:Creating environment hook '/home/bobby/dev_ws/src/install/delivery_robot/share/delivery_robot/hook/cmake_prefix_path.ps1'
[0.915s] INFO:colcon.colcon_core.shell:Creating environment descriptor '/home/bobby/dev_ws/src/install/delivery_robot/share/delivery_robot/hook/cmake_prefix_path.dsv'
[0.915s] INFO:colcon.colcon_core.shell:Creating environment hook '/home/bobby/dev_ws/src/install/delivery_robot/share/delivery_robot/hook/cmake_prefix_path.sh'
[0.916s] Level 1:colcon.colcon_core.environment:checking '/home/bobby/dev_ws/src/install/delivery_robot/bin'
[0.916s] Level 1:colcon.colcon_core.environment:checking '/home/bobby/dev_ws/src/install/delivery_robot/lib/pkgconfig/delivery_robot.pc'
[0.916s] Level 1:colcon.colcon_core.environment:checking '/home/bobby/dev_ws/src/install/delivery_robot/lib/python3.10/site-packages'
[0.916s] Level 1:colcon.colcon_core.environment:checking '/home/bobby/dev_ws/src/install/delivery_robot/bin'
[0.916s] INFO:colcon.colcon_core.shell:Creating package script '/home/bobby/dev_ws/src/install/delivery_robot/share/delivery_robot/package.ps1'
[0.917s] INFO:colcon.colcon_core.shell:Creating package descriptor '/home/bobby/dev_ws/src/install/delivery_robot/share/delivery_robot/package.dsv'
[0.917s] INFO:colcon.colcon_core.shell:Creating package script '/home/bobby/dev_ws/src/install/delivery_robot/share/delivery_robot/package.sh'
[0.918s] INFO:colcon.colcon_core.shell:Creating package script '/home/bobby/dev_ws/src/install/delivery_robot/share/delivery_robot/package.bash'
[0.918s] INFO:colcon.colcon_core.shell:Creating package script '/home/bobby/dev_ws/src/install/delivery_robot/share/delivery_robot/package.zsh'
[0.918s] Level 1:colcon.colcon_core.environment:create_file_with_runtime_dependencies(/home/bobby/dev_ws/src/install/delivery_robot/share/colcon-core/packages/delivery_robot)
[0.919s] Level 1:colcon.colcon_core.environment:create_environment_scripts_only(delivery_robot)
[0.919s] Level 1:colcon.colcon_core.environment:checking '/home/bobby/dev_ws/src/install/delivery_robot' for CMake module files
[0.919s] Level 1:colcon.colcon_core.environment:checking '/home/bobby/dev_ws/src/install/delivery_robot' for CMake config files
[0.919s] Level 1:colcon.colcon_core.shell:create_environment_hook('delivery_robot', 'cmake_prefix_path')
[0.919s] INFO:colcon.colcon_core.shell:Creating environment hook '/home/bobby/dev_ws/src/install/delivery_robot/share/delivery_robot/hook/cmake_prefix_path.ps1'
[0.920s] INFO:colcon.colcon_core.shell:Creating environment descriptor '/home/bobby/dev_ws/src/install/delivery_robot/share/delivery_robot/hook/cmake_prefix_path.dsv'
[0.920s] INFO:colcon.colcon_core.shell:Creating environment hook '/home/bobby/dev_ws/src/install/delivery_robot/share/delivery_robot/hook/cmake_prefix_path.sh'
[0.920s] Level 1:colcon.colcon_core.environment:checking '/home/bobby/dev_ws/src/install/delivery_robot/bin'
[0.920s] Level 1:colcon.colcon_core.environment:checking '/home/bobby/dev_ws/src/install/delivery_robot/lib/pkgconfig/delivery_robot.pc'
[0.920s] Level 1:colcon.colcon_core.environment:checking '/home/bobby/dev_ws/src/install/delivery_robot/lib/python3.10/site-packages'
[0.920s] Level 1:colcon.colcon_core.environment:checking '/home/bobby/dev_ws/src/install/delivery_robot/bin'
[0.921s] INFO:colcon.colcon_core.shell:Creating package script '/home/bobby/dev_ws/src/install/delivery_robot/share/delivery_robot/package.ps1'
[0.921s] INFO:colcon.colcon_core.shell:Creating package descriptor '/home/bobby/dev_ws/src/install/delivery_robot/share/delivery_robot/package.dsv'
[0.921s] INFO:colcon.colcon_core.shell:Creating package script '/home/bobby/dev_ws/src/install/delivery_robot/share/delivery_robot/package.sh'
[0.921s] INFO:colcon.colcon_core.shell:Creating package script '/home/bobby/dev_ws/src/install/delivery_robot/share/delivery_robot/package.bash'
[0.922s] INFO:colcon.colcon_core.shell:Creating package script '/home/bobby/dev_ws/src/install/delivery_robot/share/delivery_robot/package.zsh'
[0.922s] Level 1:colcon.colcon_core.environment:create_file_with_runtime_dependencies(/home/bobby/dev_ws/src/install/delivery_robot/share/colcon-core/packages/delivery_robot)
[0.922s] DEBUG:colcon.colcon_parallel_executor.executor.parallel:closing loop
[0.922s] DEBUG:colcon.colcon_parallel_executor.executor.parallel:loop closed
[0.922s] DEBUG:colcon.colcon_parallel_executor.executor.parallel:run_until_complete finished with '0'
[0.922s] DEBUG:colcon.colcon_core.event_reactor:joining thread
[0.926s] INFO:colcon.colcon_core.plugin_system:Skipping extension 'colcon_notification.desktop_notification.terminal_notifier': Not used on non-Darwin systems
[0.926s] INFO:colcon.colcon_core.plugin_system:Skipping extension 'colcon_notification.desktop_notification.win32': Not used on non-Windows systems
[0.926s] INFO:colcon.colcon_notification.desktop_notification:Sending desktop notification using 'notify2'
[0.934s] DEBUG:colcon.colcon_core.event_reactor:joined thread
[0.935s] INFO:colcon.colcon_core.shell:Creating prefix script '/home/bobby/dev_ws/src/install/local_setup.ps1'
[0.936s] INFO:colcon.colcon_core.shell:Creating prefix util module '/home/bobby/dev_ws/src/install/_local_setup_util_ps1.py'
[0.938s] INFO:colcon.colcon_core.shell:Creating prefix chain script '/home/bobby/dev_ws/src/install/setup.ps1'
[0.938s] INFO:colcon.colcon_core.shell:Creating prefix script '/home/bobby/dev_ws/src/install/local_setup.sh'
[0.939s] INFO:colcon.colcon_core.shell:Creating prefix util module '/home/bobby/dev_ws/src/install/_local_setup_util_sh.py'
[0.939s] INFO:colcon.colcon_core.shell:Creating prefix chain script '/home/bobby/dev_ws/src/install/setup.sh'
[0.940s] INFO:colcon.colcon_core.shell:Creating prefix script '/home/bobby/dev_ws/src/install/local_setup.bash'
[0.940s] INFO:colcon.colcon_core.shell:Creating prefix chain script '/home/bobby/dev_ws/src/install/setup.bash'
[0.941s] INFO:colcon.colcon_core.shell:Creating prefix script '/home/bobby/dev_ws/src/install/local_setup.zsh'
[0.941s] INFO:colcon.colcon_core.shell:Creating prefix chain script '/home/bobby/dev_ws/src/install/setup.zsh'
