[0.008s] Invoking command in '/home/bobby/dev_ws/build/delivery_robot': CMAKE_PREFIX_PATH=${CMAKE_PREFIX_PATH}:/opt/ros/humble /usr/bin/cmake /home/bobby/dev_ws/src/delivery_robot -DAMENT_CMAKE_SYMLINK_INSTALL=1 -DCMAKE_INSTALL_PREFIX=/home/bobby/dev_ws/install/delivery_robot
[0.118s] -- The C compiler identification is GNU 11.4.0
[0.215s] -- The CXX compiler identification is GNU 11.4.0
[0.221s] -- Detecting C compiler ABI info
[0.288s] -- Detecting C compiler ABI info - done
[0.296s] -- Check for working C compiler: /usr/bin/cc - skipped
[0.297s] -- Detecting C compile features
[0.298s] -- Detecting C compile features - done
[0.301s] -- Detecting CXX compiler ABI info
[0.373s] -- Detecting CXX compiler ABI info - done
[0.380s] -- Check for working CXX compiler: /usr/bin/c++ - skipped
[0.380s] -- Detecting CXX compile features
[0.381s] -- Detecting CXX compile features - done
[0.383s] -- Found ament_cmake: 1.3.11 (/opt/ros/humble/share/ament_cmake/cmake)
[0.496s] -- Found Python3: /usr/bin/python3 (found version "3.10.12") found components: Interpreter 
[0.548s] -- Override CMake install command with custom implementation using symlinks instead of copying resources
[0.572s] -- Found ament_lint_auto: 0.12.11 (/opt/ros/humble/share/ament_lint_auto/cmake)
[0.662s] -- Added test 'copyright' to check source files copyright and LICENSE
[0.678s] -- Added test 'flake8' to check Python code syntax and style conventions
[0.681s] -- Added test 'lint_cmake' to check CMake code style
[0.682s] -- Added test 'pep257' to check Python code against some of the docstring style conventions in PEP 257
[0.690s] -- Added test 'xmllint' to check XML markup files
[0.692s] -- Configuring done
[0.695s] -- Generating done
[0.697s] -- Build files have been written to: /home/bobby/dev_ws/build/delivery_robot
[0.703s] Invoked command in '/home/bobby/dev_ws/build/delivery_robot' returned '0': CMAKE_PREFIX_PATH=${CMAKE_PREFIX_PATH}:/opt/ros/humble /usr/bin/cmake /home/bobby/dev_ws/src/delivery_robot -DAMENT_CMAKE_SYMLINK_INSTALL=1 -DCMAKE_INSTALL_PREFIX=/home/bobby/dev_ws/install/delivery_robot
[0.704s] Invoking command in '/home/bobby/dev_ws/build/delivery_robot': CMAKE_PREFIX_PATH=${CMAKE_PREFIX_PATH}:/opt/ros/humble /usr/bin/cmake --build /home/bobby/dev_ws/build/delivery_robot -- -j4 -l4
[0.747s] Invoked command in '/home/bobby/dev_ws/build/delivery_robot' returned '0': CMAKE_PREFIX_PATH=${CMAKE_PREFIX_PATH}:/opt/ros/humble /usr/bin/cmake --build /home/bobby/dev_ws/build/delivery_robot -- -j4 -l4
[0.755s] Invoking command in '/home/bobby/dev_ws/build/delivery_robot': CMAKE_PREFIX_PATH=${CMAKE_PREFIX_PATH}:/opt/ros/humble /usr/bin/cmake --install /home/bobby/dev_ws/build/delivery_robot
[0.764s] -- Install configuration: ""
[0.764s] -- Execute custom install script
[0.764s] -- Symlinking: /home/bobby/dev_ws/install/delivery_robot/share/delivery_robot/config/coba.rviz
[0.775s] -- Symlinking: /home/bobby/dev_ws/install/delivery_robot/share/delivery_robot/config/drive_bot.rviz
[0.788s] -- Symlinking: /home/bobby/dev_ws/install/delivery_robot/share/delivery_robot/config/empty.world
[0.797s] -- Symlinking: /home/bobby/dev_ws/install/delivery_robot/share/delivery_robot/config/joystick.yaml
[0.809s] -- Symlinking: /home/bobby/dev_ws/install/delivery_robot/share/delivery_robot/config/main.rviz
[0.819s] -- Symlinking: /home/bobby/dev_ws/install/delivery_robot/share/delivery_robot/config/mapper_params_online_async.yaml
[0.833s] -- Symlinking: /home/bobby/dev_ws/install/delivery_robot/share/delivery_robot/config/my_controllers.yaml
[0.845s] -- Symlinking: /home/bobby/dev_ws/install/delivery_robot/share/delivery_robot/config/nav2_params.yaml
[0.853s] -- Symlinking: /home/bobby/dev_ws/install/delivery_robot/share/delivery_robot/config/twist_mux.yaml
[0.862s] -- Symlinking: /home/bobby/dev_ws/install/delivery_robot/share/delivery_robot/config/view_bot.rviz
[0.872s] -- Symlinking: /home/bobby/dev_ws/install/delivery_robot/share/delivery_robot/description/camera.xacro
[0.881s] -- Symlinking: /home/bobby/dev_ws/install/delivery_robot/share/delivery_robot/description/dept_camera.xacro
[0.890s] -- Symlinking: /home/bobby/dev_ws/install/delivery_robot/share/delivery_robot/description/face.xacro
[0.901s] -- Symlinking: /home/bobby/dev_ws/install/delivery_robot/share/delivery_robot/description/gazebo_control.xacro
[0.911s] -- Symlinking: /home/bobby/dev_ws/install/delivery_robot/share/delivery_robot/description/inertial_macros.xacro
[0.919s] -- Symlinking: /home/bobby/dev_ws/install/delivery_robot/share/delivery_robot/description/lidar.xacro
[0.931s] -- Symlinking: /home/bobby/dev_ws/install/delivery_robot/share/delivery_robot/description/robot.urdf.xacro
[0.943s] -- Symlinking: /home/bobby/dev_ws/install/delivery_robot/share/delivery_robot/description/robot_core.xacro
[0.952s] -- Symlinking: /home/bobby/dev_ws/install/delivery_robot/share/delivery_robot/description/ros2_control.xacro
[0.961s] -- Symlinking: /home/bobby/dev_ws/install/delivery_robot/share/delivery_robot/launch/joystick.launch.py
[0.973s] -- Symlinking: /home/bobby/dev_ws/install/delivery_robot/share/delivery_robot/launch/launch_robot.launch.py
[0.982s] -- Symlinking: /home/bobby/dev_ws/install/delivery_robot/share/delivery_robot/launch/launch_sim.launch.py
[0.992s] -- Symlinking: /home/bobby/dev_ws/install/delivery_robot/share/delivery_robot/launch/localization_launch.py
[1.001s] -- Symlinking: /home/bobby/dev_ws/install/delivery_robot/share/delivery_robot/launch/navigation_launch.py
[1.010s] -- Symlinking: /home/bobby/dev_ws/install/delivery_robot/share/delivery_robot/launch/online_async_launch.py
[1.020s] -- Symlinking: /home/bobby/dev_ws/install/delivery_robot/share/delivery_robot/launch/rsp.launch.py
[1.029s] -- Symlinking: /home/bobby/dev_ws/install/delivery_robot/share/delivery_robot/worlds/coba.world
[1.041s] -- Symlinking: /home/bobby/dev_ws/install/delivery_robot/share/delivery_robot/worlds/empty.world
[1.054s] -- Symlinking: /home/bobby/dev_ws/install/delivery_robot/share/delivery_robot/worlds/obstacles.world
[1.065s] -- Symlinking: /home/bobby/dev_ws/install/delivery_robot/share/delivery_robot/worlds/percobaan/model.config
[1.077s] -- Symlinking: /home/bobby/dev_ws/install/delivery_robot/share/delivery_robot/worlds/percobaan/model.sdf
[1.088s] -- Symlinking: /home/bobby/dev_ws/install/delivery_robot/share/delivery_robot/worlds/percobaan/percobaan
[1.097s] -- Symlinking: /home/bobby/dev_ws/install/delivery_robot/share/ament_index/resource_index/package_run_dependencies/delivery_robot
[1.107s] -- Symlinking: /home/bobby/dev_ws/install/delivery_robot/share/ament_index/resource_index/parent_prefix_path/delivery_robot
[1.117s] -- Symlinking: /home/bobby/dev_ws/install/delivery_robot/share/delivery_robot/environment/ament_prefix_path.sh
[1.126s] -- Symlinking: /home/bobby/dev_ws/install/delivery_robot/share/delivery_robot/environment/ament_prefix_path.dsv
[1.138s] -- Symlinking: /home/bobby/dev_ws/install/delivery_robot/share/delivery_robot/environment/path.sh
[1.149s] -- Symlinking: /home/bobby/dev_ws/install/delivery_robot/share/delivery_robot/environment/path.dsv
[1.159s] -- Symlinking: /home/bobby/dev_ws/install/delivery_robot/share/delivery_robot/local_setup.bash
[1.169s] -- Symlinking: /home/bobby/dev_ws/install/delivery_robot/share/delivery_robot/local_setup.sh
[1.180s] -- Symlinking: /home/bobby/dev_ws/install/delivery_robot/share/delivery_robot/local_setup.zsh
[1.190s] -- Symlinking: /home/bobby/dev_ws/install/delivery_robot/share/delivery_robot/local_setup.dsv
[1.199s] -- Symlinking: /home/bobby/dev_ws/install/delivery_robot/share/delivery_robot/package.dsv
[1.208s] -- Symlinking: /home/bobby/dev_ws/install/delivery_robot/share/ament_index/resource_index/packages/delivery_robot
[1.217s] -- Symlinking: /home/bobby/dev_ws/install/delivery_robot/share/delivery_robot/cmake/delivery_robotConfig.cmake
[1.224s] -- Symlinking: /home/bobby/dev_ws/install/delivery_robot/share/delivery_robot/cmake/delivery_robotConfig-version.cmake
[1.230s] -- Symlinking: /home/bobby/dev_ws/install/delivery_robot/share/delivery_robot/package.xml
[1.238s] Invoked command in '/home/bobby/dev_ws/build/delivery_robot' returned '0': CMAKE_PREFIX_PATH=${CMAKE_PREFIX_PATH}:/opt/ros/humble /usr/bin/cmake --install /home/bobby/dev_ws/build/delivery_robot
