[0.007s] Invoking command in '/home/bobby/dev_ws/src/build/delivery_robot': CMAKE_PREFIX_PATH=${CMAKE_PREFIX_PATH}:/opt/ros/humble /usr/bin/cmake /home/bobby/dev_ws/src/delivery_robot -DCMAKE_INSTALL_PREFIX=/home/bobby/dev_ws/src/install/delivery_robot
[0.134s] -- The C compiler identification is GNU 11.4.0
[0.236s] -- The CXX compiler identification is GNU 11.4.0
[0.242s] -- Detecting C compiler ABI info
[0.293s] -- Detecting C compiler ABI info - done
[0.298s] -- Check for working C compiler: /usr/bin/cc - skipped
[0.298s] -- Detecting C compile features
[0.299s] -- Detecting C compile features - done
[0.301s] -- Detecting CXX compiler ABI info
[0.360s] -- Detecting CXX compiler ABI info - done
[0.365s] -- Check for working CXX compiler: /usr/bin/c++ - skipped
[0.365s] -- Detecting CXX compile features
[0.366s] -- Detecting CXX compile features - done
[0.371s] -- Found ament_cmake: 1.3.11 (/opt/ros/humble/share/ament_cmake/cmake)
[0.480s] -- Found Python3: /usr/bin/python3 (found version "3.10.12") found components: Interpreter 
[0.541s] -- Found ament_lint_auto: 0.12.11 (/opt/ros/humble/share/ament_lint_auto/cmake)
[0.598s] -- Added test 'copyright' to check source files copyright and LICENSE
[0.602s] -- Added test 'flake8' to check Python code syntax and style conventions
[0.602s] -- Added test 'lint_cmake' to check CMake code style
[0.603s] -- Added test 'pep257' to check Python code against some of the docstring style conventions in PEP 257
[0.605s] -- Added test 'xmllint' to check XML markup files
[0.606s] -- Configuring done
[0.607s] -- Generating done
[0.609s] -- Build files have been written to: /home/bobby/dev_ws/src/build/delivery_robot
[0.612s] Invoked command in '/home/bobby/dev_ws/src/build/delivery_robot' returned '0': CMAKE_PREFIX_PATH=${CMAKE_PREFIX_PATH}:/opt/ros/humble /usr/bin/cmake /home/bobby/dev_ws/src/delivery_robot -DCMAKE_INSTALL_PREFIX=/home/bobby/dev_ws/src/install/delivery_robot
[0.613s] Invoking command in '/home/bobby/dev_ws/src/build/delivery_robot': CMAKE_PREFIX_PATH=${CMAKE_PREFIX_PATH}:/opt/ros/humble /usr/bin/cmake --build /home/bobby/dev_ws/src/build/delivery_robot -- -j4 -l4
[0.640s] Invoked command in '/home/bobby/dev_ws/src/build/delivery_robot' returned '0': CMAKE_PREFIX_PATH=${CMAKE_PREFIX_PATH}:/opt/ros/humble /usr/bin/cmake --build /home/bobby/dev_ws/src/build/delivery_robot -- -j4 -l4
[0.647s] Invoking command in '/home/bobby/dev_ws/src/build/delivery_robot': CMAKE_PREFIX_PATH=${CMAKE_PREFIX_PATH}:/opt/ros/humble /usr/bin/cmake --install /home/bobby/dev_ws/src/build/delivery_robot
[0.652s] -- Install configuration: ""
[0.652s] -- Installing: /home/bobby/dev_ws/src/install/delivery_robot/share/delivery_robot/config
[0.652s] -- Installing: /home/bobby/dev_ws/src/install/delivery_robot/share/delivery_robot/config/joystick.yaml
[0.652s] -- Installing: /home/bobby/dev_ws/src/install/delivery_robot/share/delivery_robot/config/twist_mux.yaml
[0.653s] -- Installing: /home/bobby/dev_ws/src/install/delivery_robot/share/delivery_robot/config/my_controllers.yaml
[0.653s] -- Installing: /home/bobby/dev_ws/src/install/delivery_robot/share/delivery_robot/config/empty.world
[0.653s] -- Installing: /home/bobby/dev_ws/src/install/delivery_robot/share/delivery_robot/config/drive_bot.rviz
[0.653s] -- Installing: /home/bobby/dev_ws/src/install/delivery_robot/share/delivery_robot/config/main.rviz
[0.653s] -- Installing: /home/bobby/dev_ws/src/install/delivery_robot/share/delivery_robot/config/nav2_params.yaml
[0.653s] -- Installing: /home/bobby/dev_ws/src/install/delivery_robot/share/delivery_robot/config/coba.rviz
[0.653s] -- Installing: /home/bobby/dev_ws/src/install/delivery_robot/share/delivery_robot/config/view_bot.rviz
[0.653s] -- Installing: /home/bobby/dev_ws/src/install/delivery_robot/share/delivery_robot/config/gazebo_params.yaml
[0.653s] -- Installing: /home/bobby/dev_ws/src/install/delivery_robot/share/delivery_robot/config/mapper_params_online_async.yaml
[0.653s] -- Installing: /home/bobby/dev_ws/src/install/delivery_robot/share/delivery_robot/description
[0.653s] -- Installing: /home/bobby/dev_ws/src/install/delivery_robot/share/delivery_robot/description/face.xacro
[0.653s] -- Installing: /home/bobby/dev_ws/src/install/delivery_robot/share/delivery_robot/description/robot.urdf.xacro
[0.654s] -- Installing: /home/bobby/dev_ws/src/install/delivery_robot/share/delivery_robot/description/lidar.xacro
[0.654s] -- Installing: /home/bobby/dev_ws/src/install/delivery_robot/share/delivery_robot/description/inertial_macros.xacro
[0.654s] -- Installing: /home/bobby/dev_ws/src/install/delivery_robot/share/delivery_robot/description/gazebo_control.xacro
[0.654s] -- Installing: /home/bobby/dev_ws/src/install/delivery_robot/share/delivery_robot/description/ros2_control.xacro
[0.654s] -- Installing: /home/bobby/dev_ws/src/install/delivery_robot/share/delivery_robot/description/robot_core.xacro
[0.654s] -- Installing: /home/bobby/dev_ws/src/install/delivery_robot/share/delivery_robot/description/dept_camera.xacro
[0.654s] -- Installing: /home/bobby/dev_ws/src/install/delivery_robot/share/delivery_robot/description/camera.xacro
[0.654s] -- Installing: /home/bobby/dev_ws/src/install/delivery_robot/share/delivery_robot/launch
[0.654s] -- Installing: /home/bobby/dev_ws/src/install/delivery_robot/share/delivery_robot/launch/launch_sim.launch.py
[0.654s] -- Installing: /home/bobby/dev_ws/src/install/delivery_robot/share/delivery_robot/launch/localization_launch.py
[0.654s] -- Installing: /home/bobby/dev_ws/src/install/delivery_robot/share/delivery_robot/launch/joystick.launch.py
[0.654s] -- Installing: /home/bobby/dev_ws/src/install/delivery_robot/share/delivery_robot/launch/navigation_launch.py
[0.654s] -- Installing: /home/bobby/dev_ws/src/install/delivery_robot/share/delivery_robot/launch/rplidar.launch.py
[0.654s] -- Installing: /home/bobby/dev_ws/src/install/delivery_robot/share/delivery_robot/launch/launch_robot.launch.py
[0.655s] -- Installing: /home/bobby/dev_ws/src/install/delivery_robot/share/delivery_robot/launch/online_async_launch.py
[0.655s] -- Installing: /home/bobby/dev_ws/src/install/delivery_robot/share/delivery_robot/launch/rsp.launch.py
[0.655s] -- Installing: /home/bobby/dev_ws/src/install/delivery_robot/share/delivery_robot/worlds
[0.655s] -- Installing: /home/bobby/dev_ws/src/install/delivery_robot/share/delivery_robot/worlds/obstacles.world
[0.655s] -- Installing: /home/bobby/dev_ws/src/install/delivery_robot/share/delivery_robot/worlds/empty.world
[0.655s] -- Installing: /home/bobby/dev_ws/src/install/delivery_robot/share/delivery_robot/worlds/percobaan
[0.655s] -- Installing: /home/bobby/dev_ws/src/install/delivery_robot/share/delivery_robot/worlds/percobaan/model.config
[0.655s] -- Installing: /home/bobby/dev_ws/src/install/delivery_robot/share/delivery_robot/worlds/percobaan/percobaan
[0.655s] -- Installing: /home/bobby/dev_ws/src/install/delivery_robot/share/delivery_robot/worlds/percobaan/model.sdf
[0.655s] -- Installing: /home/bobby/dev_ws/src/install/delivery_robot/share/delivery_robot/worlds/coba.world
[0.655s] -- Installing: /home/bobby/dev_ws/src/install/delivery_robot/share/ament_index/resource_index/package_run_dependencies/delivery_robot
[0.656s] -- Installing: /home/bobby/dev_ws/src/install/delivery_robot/share/ament_index/resource_index/parent_prefix_path/delivery_robot
[0.656s] -- Installing: /home/bobby/dev_ws/src/install/delivery_robot/share/delivery_robot/environment/ament_prefix_path.sh
[0.656s] -- Installing: /home/bobby/dev_ws/src/install/delivery_robot/share/delivery_robot/environment/ament_prefix_path.dsv
[0.656s] -- Installing: /home/bobby/dev_ws/src/install/delivery_robot/share/delivery_robot/environment/path.sh
[0.656s] -- Installing: /home/bobby/dev_ws/src/install/delivery_robot/share/delivery_robot/environment/path.dsv
[0.656s] -- Installing: /home/bobby/dev_ws/src/install/delivery_robot/share/delivery_robot/local_setup.bash
[0.656s] -- Installing: /home/bobby/dev_ws/src/install/delivery_robot/share/delivery_robot/local_setup.sh
[0.656s] -- Installing: /home/bobby/dev_ws/src/install/delivery_robot/share/delivery_robot/local_setup.zsh
[0.656s] -- Installing: /home/bobby/dev_ws/src/install/delivery_robot/share/delivery_robot/local_setup.dsv
[0.657s] -- Installing: /home/bobby/dev_ws/src/install/delivery_robot/share/delivery_robot/package.dsv
[0.657s] -- Installing: /home/bobby/dev_ws/src/install/delivery_robot/share/ament_index/resource_index/packages/delivery_robot
[0.657s] -- Installing: /home/bobby/dev_ws/src/install/delivery_robot/share/delivery_robot/cmake/delivery_robotConfig.cmake
[0.657s] -- Installing: /home/bobby/dev_ws/src/install/delivery_robot/share/delivery_robot/cmake/delivery_robotConfig-version.cmake
[0.657s] -- Installing: /home/bobby/dev_ws/src/install/delivery_robot/share/delivery_robot/package.xml
[0.658s] Invoked command in '/home/bobby/dev_ws/src/build/delivery_robot' returned '0': CMAKE_PREFIX_PATH=${CMAKE_PREFIX_PATH}:/opt/ros/humble /usr/bin/cmake --install /home/bobby/dev_ws/src/build/delivery_robot
