[0.143s] DEBUG:colcon:Command line arguments: ['/usr/bin/colcon', 'build', '--symlink-install']
[0.144s] DEBUG:colcon:Parsed command line arguments: Namespace(log_base=None, log_level=None, verb_name='build', build_base='build', install_base='install', merge_install=False, symlink_install=True, test_result_base=None, continue_on_error=False, executor='parallel', parallel_workers=4, event_handlers=None, ignore_user_meta=False, metas=['./colcon.meta'], base_paths=['.'], packages_ignore=None, packages_ignore_regex=None, paths=None, packages_up_to=None, packages_up_to_regex=None, packages_above=None, packages_above_and_dependencies=None, packages_above_depth=None, packages_select_by_dep=None, packages_skip_by_dep=None, packages_skip_up_to=None, packages_select_build_failed=False, packages_skip_build_finished=False, packages_select_test_failures=False, packages_skip_test_passed=False, packages_select=None, packages_skip=None, packages_select_regex=None, packages_skip_regex=None, packages_start=None, packages_end=None, allow_overriding=[], cmake_args=None, cmake_target=None, cmake_target_skip_unavailable=False, cmake_clean_cache=False, cmake_clean_first=False, cmake_force_configure=False, ament_cmake_args=None, catkin_cmake_args=None, catkin_skip_building_tests=False, mixin_files=None, mixin=None, verb_parser=<colcon_mixin.mixin.mixin_argument.MixinArgumentDecorator object at 0x7f4578cdeec0>, verb_extension=<colcon_core.verb.build.BuildVerb object at 0x7f4578dd3e50>, main=<bound method BuildVerb.main of <colcon_core.verb.build.BuildVerb object at 0x7f4578dd3e50>>, mixin_verb=('build',))
[0.366s] Level 1:colcon.colcon_core.package_discovery:discover_packages(colcon_meta) check parameters
[0.366s] Level 1:colcon.colcon_core.package_discovery:discover_packages(recursive) check parameters
[0.367s] Level 1:colcon.colcon_core.package_discovery:discover_packages(ignore) check parameters
[0.367s] Level 1:colcon.colcon_core.package_discovery:discover_packages(path) check parameters
[0.367s] Level 1:colcon.colcon_core.package_discovery:discover_packages(colcon_meta) discover
[0.367s] Level 1:colcon.colcon_core.package_discovery:discover_packages(recursive) discover
[0.367s] INFO:colcon.colcon_core.package_discovery:Crawling recursively for packages in '/home/bobby/dev_ws'
[0.367s] Level 1:colcon.colcon_core.package_identification:_identify(.) by extensions ['ignore', 'ignore_ament_install']
[0.367s] Level 1:colcon.colcon_core.package_identification:_identify(.) by extension 'ignore'
[0.367s] Level 1:colcon.colcon_core.package_identification:_identify(.) by extension 'ignore_ament_install'
[0.367s] Level 1:colcon.colcon_core.package_identification:_identify(.) by extensions ['colcon_pkg']
[0.367s] Level 1:colcon.colcon_core.package_identification:_identify(.) by extension 'colcon_pkg'
[0.367s] Level 1:colcon.colcon_core.package_identification:_identify(.) by extensions ['colcon_meta']
[0.367s] Level 1:colcon.colcon_core.package_identification:_identify(.) by extension 'colcon_meta'
[0.367s] Level 1:colcon.colcon_core.package_identification:_identify(.) by extensions ['ros']
[0.367s] Level 1:colcon.colcon_core.package_identification:_identify(.) by extension 'ros'
[0.382s] Level 1:colcon.colcon_core.package_identification:_identify(.) by extensions ['cmake', 'python']
[0.382s] Level 1:colcon.colcon_core.package_identification:_identify(.) by extension 'cmake'
[0.382s] Level 1:colcon.colcon_core.package_identification:_identify(.) by extension 'python'
[0.382s] Level 1:colcon.colcon_core.package_identification:_identify(.) by extensions ['python_setup_py']
[0.382s] Level 1:colcon.colcon_core.package_identification:_identify(.) by extension 'python_setup_py'
[0.382s] Level 1:colcon.colcon_core.package_identification:_identify(build) by extensions ['ignore', 'ignore_ament_install']
[0.382s] Level 1:colcon.colcon_core.package_identification:_identify(build) by extension 'ignore'
[0.382s] Level 1:colcon.colcon_core.package_identification:_identify(build) ignored
[0.383s] Level 1:colcon.colcon_core.package_identification:_identify(install) by extensions ['ignore', 'ignore_ament_install']
[0.383s] Level 1:colcon.colcon_core.package_identification:_identify(install) by extension 'ignore'
[0.383s] Level 1:colcon.colcon_core.package_identification:_identify(install) ignored
[0.383s] Level 1:colcon.colcon_core.package_identification:_identify(log) by extensions ['ignore', 'ignore_ament_install']
[0.383s] Level 1:colcon.colcon_core.package_identification:_identify(log) by extension 'ignore'
[0.383s] Level 1:colcon.colcon_core.package_identification:_identify(log) ignored
[0.383s] Level 1:colcon.colcon_core.package_identification:_identify(src) by extensions ['ignore', 'ignore_ament_install']
[0.383s] Level 1:colcon.colcon_core.package_identification:_identify(src) by extension 'ignore'
[0.384s] Level 1:colcon.colcon_core.package_identification:_identify(src) by extension 'ignore_ament_install'
[0.384s] Level 1:colcon.colcon_core.package_identification:_identify(src) by extensions ['colcon_pkg']
[0.384s] Level 1:colcon.colcon_core.package_identification:_identify(src) by extension 'colcon_pkg'
[0.384s] Level 1:colcon.colcon_core.package_identification:_identify(src) by extensions ['colcon_meta']
[0.384s] Level 1:colcon.colcon_core.package_identification:_identify(src) by extension 'colcon_meta'
[0.384s] Level 1:colcon.colcon_core.package_identification:_identify(src) by extensions ['ros']
[0.384s] Level 1:colcon.colcon_core.package_identification:_identify(src) by extension 'ros'
[0.384s] Level 1:colcon.colcon_core.package_identification:_identify(src) by extensions ['cmake', 'python']
[0.384s] Level 1:colcon.colcon_core.package_identification:_identify(src) by extension 'cmake'
[0.384s] Level 1:colcon.colcon_core.package_identification:_identify(src) by extension 'python'
[0.384s] Level 1:colcon.colcon_core.package_identification:_identify(src) by extensions ['python_setup_py']
[0.384s] Level 1:colcon.colcon_core.package_identification:_identify(src) by extension 'python_setup_py'
[0.384s] Level 1:colcon.colcon_core.package_identification:_identify(src/build) by extensions ['ignore', 'ignore_ament_install']
[0.384s] Level 1:colcon.colcon_core.package_identification:_identify(src/build) by extension 'ignore'
[0.384s] Level 1:colcon.colcon_core.package_identification:_identify(src/build) ignored
[0.385s] Level 1:colcon.colcon_core.package_identification:_identify(src/delivery_robot) by extensions ['ignore', 'ignore_ament_install']
[0.385s] Level 1:colcon.colcon_core.package_identification:_identify(src/delivery_robot) by extension 'ignore'
[0.385s] Level 1:colcon.colcon_core.package_identification:_identify(src/delivery_robot) by extension 'ignore_ament_install'
[0.385s] Level 1:colcon.colcon_core.package_identification:_identify(src/delivery_robot) by extensions ['colcon_pkg']
[0.385s] Level 1:colcon.colcon_core.package_identification:_identify(src/delivery_robot) by extension 'colcon_pkg'
[0.385s] Level 1:colcon.colcon_core.package_identification:_identify(src/delivery_robot) by extensions ['colcon_meta']
[0.385s] Level 1:colcon.colcon_core.package_identification:_identify(src/delivery_robot) by extension 'colcon_meta'
[0.385s] Level 1:colcon.colcon_core.package_identification:_identify(src/delivery_robot) by extensions ['ros']
[0.385s] Level 1:colcon.colcon_core.package_identification:_identify(src/delivery_robot) by extension 'ros'
[0.388s] DEBUG:colcon.colcon_core.package_identification:Package 'src/delivery_robot' with type 'ros.ament_cmake' and name 'delivery_robot'
[0.388s] Level 1:colcon.colcon_core.package_identification:_identify(src/gamepad_pkg) by extensions ['ignore', 'ignore_ament_install']
[0.388s] Level 1:colcon.colcon_core.package_identification:_identify(src/gamepad_pkg) by extension 'ignore'
[0.389s] Level 1:colcon.colcon_core.package_identification:_identify(src/gamepad_pkg) by extension 'ignore_ament_install'
[0.389s] Level 1:colcon.colcon_core.package_identification:_identify(src/gamepad_pkg) by extensions ['colcon_pkg']
[0.389s] Level 1:colcon.colcon_core.package_identification:_identify(src/gamepad_pkg) by extension 'colcon_pkg'
[0.389s] Level 1:colcon.colcon_core.package_identification:_identify(src/gamepad_pkg) by extensions ['colcon_meta']
[0.389s] Level 1:colcon.colcon_core.package_identification:_identify(src/gamepad_pkg) by extension 'colcon_meta'
[0.389s] Level 1:colcon.colcon_core.package_identification:_identify(src/gamepad_pkg) by extensions ['ros']
[0.389s] Level 1:colcon.colcon_core.package_identification:_identify(src/gamepad_pkg) by extension 'ros'
[0.390s] DEBUG:colcon.colcon_core.package_identification:Package 'src/gamepad_pkg' with type 'ros.ament_python' and name 'gamepad_pkg'
[0.390s] Level 1:colcon.colcon_core.package_identification:_identify(src/install) by extensions ['ignore', 'ignore_ament_install']
[0.390s] Level 1:colcon.colcon_core.package_identification:_identify(src/install) by extension 'ignore'
[0.390s] Level 1:colcon.colcon_core.package_identification:_identify(src/install) ignored
[0.391s] Level 1:colcon.colcon_core.package_identification:_identify(src/log) by extensions ['ignore', 'ignore_ament_install']
[0.391s] Level 1:colcon.colcon_core.package_identification:_identify(src/log) by extension 'ignore'
[0.391s] Level 1:colcon.colcon_core.package_identification:_identify(src/log) ignored
[0.391s] Level 1:colcon.colcon_core.package_identification:_identify(src/pyserial) by extensions ['ignore', 'ignore_ament_install']
[0.391s] Level 1:colcon.colcon_core.package_identification:_identify(src/pyserial) by extension 'ignore'
[0.391s] Level 1:colcon.colcon_core.package_identification:_identify(src/pyserial) by extension 'ignore_ament_install'
[0.391s] Level 1:colcon.colcon_core.package_identification:_identify(src/pyserial) by extensions ['colcon_pkg']
[0.391s] Level 1:colcon.colcon_core.package_identification:_identify(src/pyserial) by extension 'colcon_pkg'
[0.391s] Level 1:colcon.colcon_core.package_identification:_identify(src/pyserial) by extensions ['colcon_meta']
[0.391s] Level 1:colcon.colcon_core.package_identification:_identify(src/pyserial) by extension 'colcon_meta'
[0.391s] Level 1:colcon.colcon_core.package_identification:_identify(src/pyserial) by extensions ['ros']
[0.391s] Level 1:colcon.colcon_core.package_identification:_identify(src/pyserial) by extension 'ros'
[0.392s] DEBUG:colcon.colcon_core.package_identification:Package 'src/pyserial' with type 'ros.ament_python' and name 'pyserial'
[0.392s] Level 1:colcon.colcon_core.package_discovery:discover_packages(recursive) using defaults
[0.392s] Level 1:colcon.colcon_core.package_discovery:discover_packages(ignore) discover
[0.392s] Level 1:colcon.colcon_core.package_discovery:discover_packages(ignore) using defaults
[0.392s] Level 1:colcon.colcon_core.package_discovery:discover_packages(path) discover
[0.392s] Level 1:colcon.colcon_core.package_discovery:discover_packages(path) using defaults
[0.436s] Level 1:colcon.colcon_core.package_discovery:discover_packages(prefix_path) check parameters
[0.436s] Level 1:colcon.colcon_core.package_discovery:discover_packages(prefix_path) discover
[0.438s] DEBUG:colcon.colcon_installed_package_information.package_discovery:Found 5 installed packages in /home/bobby/dev_ws/install
[0.441s] DEBUG:colcon.colcon_installed_package_information.package_discovery:Found 401 installed packages in /opt/ros/humble
[0.443s] Level 1:colcon.colcon_core.package_discovery:discover_packages(prefix_path) using defaults
[0.500s] Level 5:colcon.colcon_core.verb:set package 'delivery_robot' build argument 'cmake_args' from command line to 'None'
[0.500s] Level 5:colcon.colcon_core.verb:set package 'delivery_robot' build argument 'cmake_target' from command line to 'None'
[0.500s] Level 5:colcon.colcon_core.verb:set package 'delivery_robot' build argument 'cmake_target_skip_unavailable' from command line to 'False'
[0.500s] Level 5:colcon.colcon_core.verb:set package 'delivery_robot' build argument 'cmake_clean_cache' from command line to 'False'
[0.500s] Level 5:colcon.colcon_core.verb:set package 'delivery_robot' build argument 'cmake_clean_first' from command line to 'False'
[0.500s] Level 5:colcon.colcon_core.verb:set package 'delivery_robot' build argument 'cmake_force_configure' from command line to 'False'
[0.500s] Level 5:colcon.colcon_core.verb:set package 'delivery_robot' build argument 'ament_cmake_args' from command line to 'None'
[0.501s] Level 5:colcon.colcon_core.verb:set package 'delivery_robot' build argument 'catkin_cmake_args' from command line to 'None'
[0.501s] Level 5:colcon.colcon_core.verb:set package 'delivery_robot' build argument 'catkin_skip_building_tests' from command line to 'False'
[0.501s] DEBUG:colcon.colcon_core.verb:Building package 'delivery_robot' with the following arguments: {'ament_cmake_args': None, 'build_base': '/home/bobby/dev_ws/build/delivery_robot', 'catkin_cmake_args': None, 'catkin_skip_building_tests': False, 'cmake_args': None, 'cmake_clean_cache': False, 'cmake_clean_first': False, 'cmake_force_configure': False, 'cmake_target': None, 'cmake_target_skip_unavailable': False, 'install_base': '/home/bobby/dev_ws/install/delivery_robot', 'merge_install': False, 'path': '/home/bobby/dev_ws/src/delivery_robot', 'symlink_install': True, 'test_result_base': None}
[0.501s] Level 5:colcon.colcon_core.verb:set package 'gamepad_pkg' build argument 'cmake_args' from command line to 'None'
[0.501s] Level 5:colcon.colcon_core.verb:set package 'gamepad_pkg' build argument 'cmake_target' from command line to 'None'
[0.501s] Level 5:colcon.colcon_core.verb:set package 'gamepad_pkg' build argument 'cmake_target_skip_unavailable' from command line to 'False'
[0.501s] Level 5:colcon.colcon_core.verb:set package 'gamepad_pkg' build argument 'cmake_clean_cache' from command line to 'False'
[0.501s] Level 5:colcon.colcon_core.verb:set package 'gamepad_pkg' build argument 'cmake_clean_first' from command line to 'False'
[0.501s] Level 5:colcon.colcon_core.verb:set package 'gamepad_pkg' build argument 'cmake_force_configure' from command line to 'False'
[0.501s] Level 5:colcon.colcon_core.verb:set package 'gamepad_pkg' build argument 'ament_cmake_args' from command line to 'None'
[0.501s] Level 5:colcon.colcon_core.verb:set package 'gamepad_pkg' build argument 'catkin_cmake_args' from command line to 'None'
[0.501s] Level 5:colcon.colcon_core.verb:set package 'gamepad_pkg' build argument 'catkin_skip_building_tests' from command line to 'False'
[0.501s] DEBUG:colcon.colcon_core.verb:Building package 'gamepad_pkg' with the following arguments: {'ament_cmake_args': None, 'build_base': '/home/bobby/dev_ws/build/gamepad_pkg', 'catkin_cmake_args': None, 'catkin_skip_building_tests': False, 'cmake_args': None, 'cmake_clean_cache': False, 'cmake_clean_first': False, 'cmake_force_configure': False, 'cmake_target': None, 'cmake_target_skip_unavailable': False, 'install_base': '/home/bobby/dev_ws/install/gamepad_pkg', 'merge_install': False, 'path': '/home/bobby/dev_ws/src/gamepad_pkg', 'symlink_install': True, 'test_result_base': None}
[0.502s] Level 5:colcon.colcon_core.verb:set package 'pyserial' build argument 'cmake_args' from command line to 'None'
[0.502s] Level 5:colcon.colcon_core.verb:set package 'pyserial' build argument 'cmake_target' from command line to 'None'
[0.502s] Level 5:colcon.colcon_core.verb:set package 'pyserial' build argument 'cmake_target_skip_unavailable' from command line to 'False'
[0.502s] Level 5:colcon.colcon_core.verb:set package 'pyserial' build argument 'cmake_clean_cache' from command line to 'False'
[0.502s] Level 5:colcon.colcon_core.verb:set package 'pyserial' build argument 'cmake_clean_first' from command line to 'False'
[0.502s] Level 5:colcon.colcon_core.verb:set package 'pyserial' build argument 'cmake_force_configure' from command line to 'False'
[0.502s] Level 5:colcon.colcon_core.verb:set package 'pyserial' build argument 'ament_cmake_args' from command line to 'None'
[0.502s] Level 5:colcon.colcon_core.verb:set package 'pyserial' build argument 'catkin_cmake_args' from command line to 'None'
[0.502s] Level 5:colcon.colcon_core.verb:set package 'pyserial' build argument 'catkin_skip_building_tests' from command line to 'False'
[0.502s] DEBUG:colcon.colcon_core.verb:Building package 'pyserial' with the following arguments: {'ament_cmake_args': None, 'build_base': '/home/bobby/dev_ws/build/pyserial', 'catkin_cmake_args': None, 'catkin_skip_building_tests': False, 'cmake_args': None, 'cmake_clean_cache': False, 'cmake_clean_first': False, 'cmake_force_configure': False, 'cmake_target': None, 'cmake_target_skip_unavailable': False, 'install_base': '/home/bobby/dev_ws/install/pyserial', 'merge_install': False, 'path': '/home/bobby/dev_ws/src/pyserial', 'symlink_install': True, 'test_result_base': None}
[0.502s] INFO:colcon.colcon_core.executor:Executing jobs using 'parallel' executor
[0.503s] DEBUG:colcon.colcon_parallel_executor.executor.parallel:run_until_complete
[0.504s] INFO:colcon.colcon_ros.task.ament_cmake.build:Building ROS package in '/home/bobby/dev_ws/src/delivery_robot' with build type 'ament_cmake'
[0.505s] INFO:colcon.colcon_cmake.task.cmake.build:Building CMake package in '/home/bobby/dev_ws/src/delivery_robot'
[0.510s] INFO:colcon.colcon_core.plugin_system:Skipping extension 'colcon_core.shell.bat': Not used on non-Windows systems
[0.510s] INFO:colcon.colcon_core.shell:Skip shell extension 'powershell' for command environment: Not usable outside of PowerShell
[0.510s] DEBUG:colcon.colcon_core.shell:Skip shell extension 'dsv' for command environment
[0.516s] INFO:colcon.colcon_ros.task.ament_python.build:Building ROS package in '/home/bobby/dev_ws/src/gamepad_pkg' with build type 'ament_python'
[0.518s] Level 1:colcon.colcon_core.shell:create_environment_hook('gamepad_pkg', 'ament_prefix_path')
[0.519s] INFO:colcon.colcon_core.shell:Creating environment hook '/home/bobby/dev_ws/install/gamepad_pkg/share/gamepad_pkg/hook/ament_prefix_path.ps1'
[0.522s] INFO:colcon.colcon_core.shell:Creating environment descriptor '/home/bobby/dev_ws/install/gamepad_pkg/share/gamepad_pkg/hook/ament_prefix_path.dsv'
[0.524s] INFO:colcon.colcon_core.shell:Creating environment hook '/home/bobby/dev_ws/install/gamepad_pkg/share/gamepad_pkg/hook/ament_prefix_path.sh'
[0.525s] INFO:colcon.colcon_core.shell:Skip shell extension 'powershell' for command environment: Not usable outside of PowerShell
[0.525s] DEBUG:colcon.colcon_core.shell:Skip shell extension 'dsv' for command environment
[0.529s] INFO:colcon.colcon_ros.task.ament_python.build:Building ROS package in '/home/bobby/dev_ws/src/pyserial' with build type 'ament_python'
[0.529s] Level 1:colcon.colcon_core.shell:create_environment_hook('pyserial', 'ament_prefix_path')
[0.530s] INFO:colcon.colcon_core.shell:Creating environment hook '/home/bobby/dev_ws/install/pyserial/share/pyserial/hook/ament_prefix_path.ps1'
[0.530s] INFO:colcon.colcon_core.shell:Creating environment descriptor '/home/bobby/dev_ws/install/pyserial/share/pyserial/hook/ament_prefix_path.dsv'
[0.531s] INFO:colcon.colcon_core.shell:Creating environment hook '/home/bobby/dev_ws/install/pyserial/share/pyserial/hook/ament_prefix_path.sh'
[0.532s] INFO:colcon.colcon_core.shell:Skip shell extension 'powershell' for command environment: Not usable outside of PowerShell
[0.532s] DEBUG:colcon.colcon_core.shell:Skip shell extension 'dsv' for command environment
[0.549s] DEBUG:colcon.colcon_core.event_handler.log_command:Invoking command in '/home/bobby/dev_ws/build/delivery_robot': CMAKE_PREFIX_PATH=${CMAKE_PREFIX_PATH}:/home/bobby/dev_ws/install/pyserial:/home/bobby/dev_ws/install/gamepad_pkg:/opt/ros/humble /usr/bin/cmake --build /home/bobby/dev_ws/build/delivery_robot -- -j4 -l4
[1.069s] INFO:colcon.colcon_core.task.python.build:Building Python package in '/home/bobby/dev_ws/src/gamepad_pkg'
[1.070s] INFO:colcon.colcon_core.shell:Skip shell extension 'powershell' for command environment: Not usable outside of PowerShell
[1.070s] DEBUG:colcon.colcon_core.shell:Skip shell extension 'dsv' for command environment
[1.421s] INFO:colcon.colcon_core.task.python.build:Building Python package in '/home/bobby/dev_ws/src/pyserial'
[1.421s] INFO:colcon.colcon_core.shell:Skip shell extension 'powershell' for command environment: Not usable outside of PowerShell
[1.421s] DEBUG:colcon.colcon_core.shell:Skip shell extension 'dsv' for command environment
[1.429s] DEBUG:colcon.colcon_core.event_handler.log_command:Invoked command in '/home/bobby/dev_ws/build/delivery_robot' returned '0': CMAKE_PREFIX_PATH=${CMAKE_PREFIX_PATH}:/home/bobby/dev_ws/install/pyserial:/home/bobby/dev_ws/install/gamepad_pkg:/opt/ros/humble /usr/bin/cmake --build /home/bobby/dev_ws/build/delivery_robot -- -j4 -l4
[1.443s] DEBUG:colcon.colcon_core.event_handler.log_command:Invoking command in '/home/bobby/dev_ws/build/delivery_robot': CMAKE_PREFIX_PATH=${CMAKE_PREFIX_PATH}:/home/bobby/dev_ws/install/pyserial:/home/bobby/dev_ws/install/gamepad_pkg:/opt/ros/humble /usr/bin/cmake --install /home/bobby/dev_ws/build/delivery_robot
[1.507s] Level 1:colcon.colcon_core.environment:create_environment_scripts_only(delivery_robot)
[1.509s] DEBUG:colcon.colcon_core.event_handler.log_command:Invoked command in '/home/bobby/dev_ws/build/delivery_robot' returned '0': CMAKE_PREFIX_PATH=${CMAKE_PREFIX_PATH}:/home/bobby/dev_ws/install/pyserial:/home/bobby/dev_ws/install/gamepad_pkg:/opt/ros/humble /usr/bin/cmake --install /home/bobby/dev_ws/build/delivery_robot
[1.516s] Level 1:colcon.colcon_core.environment:checking '/home/bobby/dev_ws/install/delivery_robot' for CMake module files
[1.519s] Level 1:colcon.colcon_core.environment:checking '/home/bobby/dev_ws/install/delivery_robot' for CMake config files
[1.520s] Level 1:colcon.colcon_core.shell:create_environment_hook('delivery_robot', 'cmake_prefix_path')
[1.521s] INFO:colcon.colcon_core.shell:Creating environment hook '/home/bobby/dev_ws/install/delivery_robot/share/delivery_robot/hook/cmake_prefix_path.ps1'
[1.522s] INFO:colcon.colcon_core.shell:Creating environment descriptor '/home/bobby/dev_ws/install/delivery_robot/share/delivery_robot/hook/cmake_prefix_path.dsv'
[1.523s] INFO:colcon.colcon_core.shell:Creating environment hook '/home/bobby/dev_ws/install/delivery_robot/share/delivery_robot/hook/cmake_prefix_path.sh'
[1.525s] Level 1:colcon.colcon_core.environment:checking '/home/bobby/dev_ws/install/delivery_robot/bin'
[1.525s] Level 1:colcon.colcon_core.environment:checking '/home/bobby/dev_ws/install/delivery_robot/lib/pkgconfig/delivery_robot.pc'
[1.526s] Level 1:colcon.colcon_core.environment:checking '/home/bobby/dev_ws/install/delivery_robot/lib/python3.10/site-packages'
[1.526s] Level 1:colcon.colcon_core.environment:checking '/home/bobby/dev_ws/install/delivery_robot/bin'
[1.527s] INFO:colcon.colcon_core.shell:Creating package script '/home/bobby/dev_ws/install/delivery_robot/share/delivery_robot/package.ps1'
[1.529s] INFO:colcon.colcon_core.shell:Creating package descriptor '/home/bobby/dev_ws/install/delivery_robot/share/delivery_robot/package.dsv'
[1.531s] INFO:colcon.colcon_core.shell:Creating package script '/home/bobby/dev_ws/install/delivery_robot/share/delivery_robot/package.sh'
[1.533s] INFO:colcon.colcon_core.shell:Creating package script '/home/bobby/dev_ws/install/delivery_robot/share/delivery_robot/package.bash'
[1.535s] INFO:colcon.colcon_core.shell:Creating package script '/home/bobby/dev_ws/install/delivery_robot/share/delivery_robot/package.zsh'
[1.538s] Level 1:colcon.colcon_core.environment:create_file_with_runtime_dependencies(/home/bobby/dev_ws/install/delivery_robot/share/colcon-core/packages/delivery_robot)
[1.539s] Level 1:colcon.colcon_core.environment:create_environment_scripts_only(delivery_robot)
[1.540s] Level 1:colcon.colcon_core.environment:checking '/home/bobby/dev_ws/install/delivery_robot' for CMake module files
[1.541s] Level 1:colcon.colcon_core.environment:checking '/home/bobby/dev_ws/install/delivery_robot' for CMake config files
[1.546s] Level 1:colcon.colcon_core.shell:create_environment_hook('delivery_robot', 'cmake_prefix_path')
[1.547s] INFO:colcon.colcon_core.shell:Creating environment hook '/home/bobby/dev_ws/install/delivery_robot/share/delivery_robot/hook/cmake_prefix_path.ps1'
[1.549s] INFO:colcon.colcon_core.shell:Creating environment descriptor '/home/bobby/dev_ws/install/delivery_robot/share/delivery_robot/hook/cmake_prefix_path.dsv'
[1.550s] INFO:colcon.colcon_core.shell:Creating environment hook '/home/bobby/dev_ws/install/delivery_robot/share/delivery_robot/hook/cmake_prefix_path.sh'
[1.552s] Level 1:colcon.colcon_core.environment:checking '/home/bobby/dev_ws/install/delivery_robot/bin'
[1.552s] Level 1:colcon.colcon_core.environment:checking '/home/bobby/dev_ws/install/delivery_robot/lib/pkgconfig/delivery_robot.pc'
[1.553s] Level 1:colcon.colcon_core.environment:checking '/home/bobby/dev_ws/install/delivery_robot/lib/python3.10/site-packages'
[1.554s] Level 1:colcon.colcon_core.environment:checking '/home/bobby/dev_ws/install/delivery_robot/bin'
[1.554s] INFO:colcon.colcon_core.shell:Creating package script '/home/bobby/dev_ws/install/delivery_robot/share/delivery_robot/package.ps1'
[1.556s] INFO:colcon.colcon_core.shell:Creating package descriptor '/home/bobby/dev_ws/install/delivery_robot/share/delivery_robot/package.dsv'
[1.557s] INFO:colcon.colcon_core.shell:Creating package script '/home/bobby/dev_ws/install/delivery_robot/share/delivery_robot/package.sh'
[1.558s] INFO:colcon.colcon_core.shell:Creating package script '/home/bobby/dev_ws/install/delivery_robot/share/delivery_robot/package.bash'
[1.558s] INFO:colcon.colcon_core.shell:Creating package script '/home/bobby/dev_ws/install/delivery_robot/share/delivery_robot/package.zsh'
[1.562s] Level 1:colcon.colcon_core.environment:create_file_with_runtime_dependencies(/home/bobby/dev_ws/install/delivery_robot/share/colcon-core/packages/delivery_robot)
[2.212s] DEBUG:colcon.colcon_core.event_handler.log_command:Invoking command in '/home/bobby/dev_ws/build/pyserial': PYTHONPATH=/home/bobby/dev_ws/build/pyserial/prefix_override:/usr/lib/python3/dist-packages/colcon_core/task/python/colcon_distutils_commands:/home/bobby/dev_ws/install/pyserial/lib/python3.10/site-packages:${PYTHONPATH} /usr/bin/python3 -W ignore:setup.py install is deprecated -W ignore:easy_install command is deprecated setup.py develop --editable --build-directory /home/bobby/dev_ws/build/pyserial/build --no-deps symlink_data
[2.318s] DEBUG:colcon.colcon_core.event_handler.log_command:Invoking command in '/home/bobby/dev_ws/build/gamepad_pkg': PYTHONPATH=/home/bobby/dev_ws/build/gamepad_pkg/prefix_override:/usr/lib/python3/dist-packages/colcon_core/task/python/colcon_distutils_commands:/home/bobby/dev_ws/install/gamepad_pkg/lib/python3.10/site-packages:${PYTHONPATH} /usr/bin/python3 -W ignore:setup.py install is deprecated -W ignore:easy_install command is deprecated setup.py develop --editable --build-directory /home/bobby/dev_ws/build/gamepad_pkg/build --no-deps symlink_data
[3.099s] Level 1:colcon.colcon_core.shell:create_environment_hook('pyserial', 'pythonpath_develop')
[3.099s] INFO:colcon.colcon_core.shell:Creating environment hook '/home/bobby/dev_ws/build/pyserial/share/pyserial/hook/pythonpath_develop.ps1'
[3.100s] DEBUG:colcon.colcon_core.event_handler.log_command:Invoked command in '/home/bobby/dev_ws/build/pyserial' returned '0': PYTHONPATH=/home/bobby/dev_ws/build/pyserial/prefix_override:/usr/lib/python3/dist-packages/colcon_core/task/python/colcon_distutils_commands:/home/bobby/dev_ws/install/pyserial/lib/python3.10/site-packages:${PYTHONPATH} /usr/bin/python3 -W ignore:setup.py install is deprecated -W ignore:easy_install command is deprecated setup.py develop --editable --build-directory /home/bobby/dev_ws/build/pyserial/build --no-deps symlink_data
[3.101s] INFO:colcon.colcon_core.shell:Creating environment descriptor '/home/bobby/dev_ws/build/pyserial/share/pyserial/hook/pythonpath_develop.dsv'
[3.101s] INFO:colcon.colcon_core.shell:Creating environment hook '/home/bobby/dev_ws/build/pyserial/share/pyserial/hook/pythonpath_develop.sh'
[3.102s] Level 1:colcon.colcon_core.environment:checking '/home/bobby/dev_ws/install/pyserial' for CMake module files
[3.103s] Level 1:colcon.colcon_core.environment:checking '/home/bobby/dev_ws/install/pyserial' for CMake config files
[3.104s] Level 1:colcon.colcon_core.environment:checking '/home/bobby/dev_ws/install/pyserial/lib'
[3.104s] Level 1:colcon.colcon_core.environment:checking '/home/bobby/dev_ws/install/pyserial/bin'
[3.104s] Level 1:colcon.colcon_core.environment:checking '/home/bobby/dev_ws/install/pyserial/lib/pkgconfig/pyserial.pc'
[3.105s] Level 1:colcon.colcon_core.environment:checking '/home/bobby/dev_ws/install/pyserial/lib/python3.10/site-packages'
[3.105s] Level 1:colcon.colcon_core.shell:create_environment_hook('pyserial', 'pythonpath')
[3.106s] INFO:colcon.colcon_core.shell:Creating environment hook '/home/bobby/dev_ws/install/pyserial/share/pyserial/hook/pythonpath.ps1'
[3.108s] INFO:colcon.colcon_core.shell:Creating environment descriptor '/home/bobby/dev_ws/install/pyserial/share/pyserial/hook/pythonpath.dsv'
[3.109s] INFO:colcon.colcon_core.shell:Creating environment hook '/home/bobby/dev_ws/install/pyserial/share/pyserial/hook/pythonpath.sh'
[3.111s] Level 1:colcon.colcon_core.environment:checking '/home/bobby/dev_ws/install/pyserial/bin'
[3.111s] Level 1:colcon.colcon_core.environment:create_environment_scripts_only(pyserial)
[3.113s] INFO:colcon.colcon_core.shell:Creating package script '/home/bobby/dev_ws/install/pyserial/share/pyserial/package.ps1'
[3.117s] INFO:colcon.colcon_core.shell:Creating package descriptor '/home/bobby/dev_ws/install/pyserial/share/pyserial/package.dsv'
[3.118s] INFO:colcon.colcon_core.shell:Creating package script '/home/bobby/dev_ws/install/pyserial/share/pyserial/package.sh'
[3.119s] INFO:colcon.colcon_core.shell:Creating package script '/home/bobby/dev_ws/install/pyserial/share/pyserial/package.bash'
[3.120s] INFO:colcon.colcon_core.shell:Creating package script '/home/bobby/dev_ws/install/pyserial/share/pyserial/package.zsh'
[3.120s] Level 1:colcon.colcon_core.environment:create_file_with_runtime_dependencies(/home/bobby/dev_ws/install/pyserial/share/colcon-core/packages/pyserial)
[3.244s] Level 1:colcon.colcon_core.shell:create_environment_hook('gamepad_pkg', 'pythonpath_develop')
[3.244s] INFO:colcon.colcon_core.shell:Creating environment hook '/home/bobby/dev_ws/build/gamepad_pkg/share/gamepad_pkg/hook/pythonpath_develop.ps1'
[3.245s] DEBUG:colcon.colcon_core.event_handler.log_command:Invoked command in '/home/bobby/dev_ws/build/gamepad_pkg' returned '0': PYTHONPATH=/home/bobby/dev_ws/build/gamepad_pkg/prefix_override:/usr/lib/python3/dist-packages/colcon_core/task/python/colcon_distutils_commands:/home/bobby/dev_ws/install/gamepad_pkg/lib/python3.10/site-packages:${PYTHONPATH} /usr/bin/python3 -W ignore:setup.py install is deprecated -W ignore:easy_install command is deprecated setup.py develop --editable --build-directory /home/bobby/dev_ws/build/gamepad_pkg/build --no-deps symlink_data
[3.245s] INFO:colcon.colcon_core.shell:Creating environment descriptor '/home/bobby/dev_ws/build/gamepad_pkg/share/gamepad_pkg/hook/pythonpath_develop.dsv'
[3.246s] INFO:colcon.colcon_core.shell:Creating environment hook '/home/bobby/dev_ws/build/gamepad_pkg/share/gamepad_pkg/hook/pythonpath_develop.sh'
[3.246s] Level 1:colcon.colcon_core.environment:checking '/home/bobby/dev_ws/install/gamepad_pkg' for CMake module files
[3.247s] Level 1:colcon.colcon_core.environment:checking '/home/bobby/dev_ws/install/gamepad_pkg' for CMake config files
[3.247s] Level 1:colcon.colcon_core.environment:checking '/home/bobby/dev_ws/install/gamepad_pkg/lib'
[3.247s] Level 1:colcon.colcon_core.environment:checking '/home/bobby/dev_ws/install/gamepad_pkg/bin'
[3.247s] Level 1:colcon.colcon_core.environment:checking '/home/bobby/dev_ws/install/gamepad_pkg/lib/pkgconfig/gamepad_pkg.pc'
[3.248s] Level 1:colcon.colcon_core.environment:checking '/home/bobby/dev_ws/install/gamepad_pkg/lib/python3.10/site-packages'
[3.248s] Level 1:colcon.colcon_core.shell:create_environment_hook('gamepad_pkg', 'pythonpath')
[3.248s] INFO:colcon.colcon_core.shell:Creating environment hook '/home/bobby/dev_ws/install/gamepad_pkg/share/gamepad_pkg/hook/pythonpath.ps1'
[3.248s] INFO:colcon.colcon_core.shell:Creating environment descriptor '/home/bobby/dev_ws/install/gamepad_pkg/share/gamepad_pkg/hook/pythonpath.dsv'
[3.249s] INFO:colcon.colcon_core.shell:Creating environment hook '/home/bobby/dev_ws/install/gamepad_pkg/share/gamepad_pkg/hook/pythonpath.sh'
[3.249s] Level 1:colcon.colcon_core.environment:checking '/home/bobby/dev_ws/install/gamepad_pkg/bin'
[3.249s] Level 1:colcon.colcon_core.environment:create_environment_scripts_only(gamepad_pkg)
[3.250s] INFO:colcon.colcon_core.shell:Creating package script '/home/bobby/dev_ws/install/gamepad_pkg/share/gamepad_pkg/package.ps1'
[3.250s] INFO:colcon.colcon_core.shell:Creating package descriptor '/home/bobby/dev_ws/install/gamepad_pkg/share/gamepad_pkg/package.dsv'
[3.251s] INFO:colcon.colcon_core.shell:Creating package script '/home/bobby/dev_ws/install/gamepad_pkg/share/gamepad_pkg/package.sh'
[3.252s] INFO:colcon.colcon_core.shell:Creating package script '/home/bobby/dev_ws/install/gamepad_pkg/share/gamepad_pkg/package.bash'
[3.252s] INFO:colcon.colcon_core.shell:Creating package script '/home/bobby/dev_ws/install/gamepad_pkg/share/gamepad_pkg/package.zsh'
[3.253s] Level 1:colcon.colcon_core.environment:create_file_with_runtime_dependencies(/home/bobby/dev_ws/install/gamepad_pkg/share/colcon-core/packages/gamepad_pkg)
[3.253s] DEBUG:colcon.colcon_parallel_executor.executor.parallel:closing loop
[3.254s] DEBUG:colcon.colcon_parallel_executor.executor.parallel:loop closed
[3.254s] DEBUG:colcon.colcon_parallel_executor.executor.parallel:run_until_complete finished with '0'
[3.254s] DEBUG:colcon.colcon_core.event_reactor:joining thread
[3.263s] INFO:colcon.colcon_core.plugin_system:Skipping extension 'colcon_notification.desktop_notification.terminal_notifier': Not used on non-Darwin systems
[3.263s] INFO:colcon.colcon_core.plugin_system:Skipping extension 'colcon_notification.desktop_notification.win32': Not used on non-Windows systems
[3.264s] INFO:colcon.colcon_notification.desktop_notification:Sending desktop notification using 'notify2'
[3.281s] DEBUG:colcon.colcon_core.event_reactor:joined thread
[3.281s] INFO:colcon.colcon_core.shell:Creating prefix script '/home/bobby/dev_ws/install/local_setup.ps1'
[3.283s] INFO:colcon.colcon_core.shell:Creating prefix util module '/home/bobby/dev_ws/install/_local_setup_util_ps1.py'
[3.286s] INFO:colcon.colcon_core.shell:Creating prefix chain script '/home/bobby/dev_ws/install/setup.ps1'
[3.289s] INFO:colcon.colcon_core.shell:Creating prefix script '/home/bobby/dev_ws/install/local_setup.sh'
[3.290s] INFO:colcon.colcon_core.shell:Creating prefix util module '/home/bobby/dev_ws/install/_local_setup_util_sh.py'
[3.291s] INFO:colcon.colcon_core.shell:Creating prefix chain script '/home/bobby/dev_ws/install/setup.sh'
[3.292s] INFO:colcon.colcon_core.shell:Creating prefix script '/home/bobby/dev_ws/install/local_setup.bash'
[3.293s] INFO:colcon.colcon_core.shell:Creating prefix chain script '/home/bobby/dev_ws/install/setup.bash'
[3.294s] INFO:colcon.colcon_core.shell:Creating prefix script '/home/bobby/dev_ws/install/local_setup.zsh'
[3.295s] INFO:colcon.colcon_core.shell:Creating prefix chain script '/home/bobby/dev_ws/install/setup.zsh'
