[0.011s] Invoking command in '/home/bobby/dev_ws/build/delivery_robot': CMAKE_PREFIX_PATH=${CMAKE_PREFIX_PATH}:/opt/ros/humble /usr/bin/cmake /home/bobby/dev_ws/src/delivery_robot -DCMAKE_INSTALL_PREFIX=/home/bobby/dev_ws/install/delivery_robot
[0.024s] -- Found ament_cmake: 1.3.11 (/opt/ros/humble/share/ament_cmake/cmake)
[0.112s] -- Override CMake install command with custom implementation using symlinks instead of copying resources
[0.119s] -- Found ament_lint_auto: 0.12.11 (/opt/ros/humble/share/ament_lint_auto/cmake)
[0.175s] -- Added test 'copyright' to check source files copyright and LICENSE
[0.184s] -- Added test 'flake8' to check Python code syntax and style conventions
[0.186s] -- Added test 'lint_cmake' to check CMake code style
[0.187s] -- Added test 'pep257' to check Python code against some of the docstring style conventions in PEP 257
[0.192s] -- Added test 'xmllint' to check XML markup files
[0.193s] -- Configuring done
[0.195s] -- Generating done
[0.197s] -- Build files have been written to: /home/bobby/dev_ws/build/delivery_robot
[0.201s] Invoked command in '/home/bobby/dev_ws/build/delivery_robot' returned '0': CMAKE_PREFIX_PATH=${CMAKE_PREFIX_PATH}:/opt/ros/humble /usr/bin/cmake /home/bobby/dev_ws/src/delivery_robot -DCMAKE_INSTALL_PREFIX=/home/bobby/dev_ws/install/delivery_robot
[0.202s] Invoking command in '/home/bobby/dev_ws/build/delivery_robot': CMAKE_PREFIX_PATH=${CMAKE_PREFIX_PATH}:/opt/ros/humble /usr/bin/cmake --build /home/bobby/dev_ws/build/delivery_robot -- -j4 -l4
[0.231s] Invoked command in '/home/bobby/dev_ws/build/delivery_robot' returned '0': CMAKE_PREFIX_PATH=${CMAKE_PREFIX_PATH}:/opt/ros/humble /usr/bin/cmake --build /home/bobby/dev_ws/build/delivery_robot -- -j4 -l4
[0.238s] Invoking command in '/home/bobby/dev_ws/build/delivery_robot': CMAKE_PREFIX_PATH=${CMAKE_PREFIX_PATH}:/opt/ros/humble /usr/bin/cmake --install /home/bobby/dev_ws/build/delivery_robot
[0.244s] -- Install configuration: ""
[0.244s] -- Execute custom install script
[0.245s] -- Up-to-date symlink: /home/bobby/dev_ws/install/delivery_robot/share/delivery_robot/config/coba.rviz
[0.245s] -- Up-to-date symlink: /home/bobby/dev_ws/install/delivery_robot/share/delivery_robot/config/drive_bot.rviz
[0.245s] -- Up-to-date symlink: /home/bobby/dev_ws/install/delivery_robot/share/delivery_robot/config/empty.world
[0.245s] -- Up-to-date symlink: /home/bobby/dev_ws/install/delivery_robot/share/delivery_robot/config/joystick.yaml
[0.245s] -- Up-to-date symlink: /home/bobby/dev_ws/install/delivery_robot/share/delivery_robot/config/main.rviz
[0.245s] -- Up-to-date symlink: /home/bobby/dev_ws/install/delivery_robot/share/delivery_robot/config/mapper_params_online_async.yaml
[0.246s] -- Up-to-date symlink: /home/bobby/dev_ws/install/delivery_robot/share/delivery_robot/config/my_controllers.yaml
[0.246s] -- Up-to-date symlink: /home/bobby/dev_ws/install/delivery_robot/share/delivery_robot/config/nav2_params.yaml
[0.246s] -- Up-to-date symlink: /home/bobby/dev_ws/install/delivery_robot/share/delivery_robot/config/twist_mux.yaml
[0.246s] -- Up-to-date symlink: /home/bobby/dev_ws/install/delivery_robot/share/delivery_robot/config/view_bot.rviz
[0.246s] -- Up-to-date symlink: /home/bobby/dev_ws/install/delivery_robot/share/delivery_robot/description/camera.xacro
[0.246s] -- Up-to-date symlink: /home/bobby/dev_ws/install/delivery_robot/share/delivery_robot/description/dept_camera.xacro
[0.246s] -- Up-to-date symlink: /home/bobby/dev_ws/install/delivery_robot/share/delivery_robot/description/face.xacro
[0.246s] -- Up-to-date symlink: /home/bobby/dev_ws/install/delivery_robot/share/delivery_robot/description/gazebo_control.xacro
[0.247s] -- Up-to-date symlink: /home/bobby/dev_ws/install/delivery_robot/share/delivery_robot/description/inertial_macros.xacro
[0.247s] -- Up-to-date symlink: /home/bobby/dev_ws/install/delivery_robot/share/delivery_robot/description/lidar.xacro
[0.247s] -- Up-to-date symlink: /home/bobby/dev_ws/install/delivery_robot/share/delivery_robot/description/robot.urdf.xacro
[0.247s] -- Up-to-date symlink: /home/bobby/dev_ws/install/delivery_robot/share/delivery_robot/description/robot_core.xacro
[0.247s] -- Up-to-date symlink: /home/bobby/dev_ws/install/delivery_robot/share/delivery_robot/description/ros2_control.xacro
[0.247s] -- Up-to-date symlink: /home/bobby/dev_ws/install/delivery_robot/share/delivery_robot/launch/joystick.launch.py
[0.247s] -- Up-to-date symlink: /home/bobby/dev_ws/install/delivery_robot/share/delivery_robot/launch/launch_robot.launch.py
[0.248s] -- Up-to-date symlink: /home/bobby/dev_ws/install/delivery_robot/share/delivery_robot/launch/launch_sim.launch.py
[0.248s] -- Up-to-date symlink: /home/bobby/dev_ws/install/delivery_robot/share/delivery_robot/launch/localization_launch.py
[0.248s] -- Up-to-date symlink: /home/bobby/dev_ws/install/delivery_robot/share/delivery_robot/launch/navigation_launch.py
[0.248s] -- Up-to-date symlink: /home/bobby/dev_ws/install/delivery_robot/share/delivery_robot/launch/online_async_launch.py
[0.248s] -- Up-to-date symlink: /home/bobby/dev_ws/install/delivery_robot/share/delivery_robot/launch/rsp.launch.py
[0.248s] -- Up-to-date symlink: /home/bobby/dev_ws/install/delivery_robot/share/delivery_robot/worlds/coba.world
[0.248s] -- Up-to-date symlink: /home/bobby/dev_ws/install/delivery_robot/share/delivery_robot/worlds/empty.world
[0.248s] -- Up-to-date symlink: /home/bobby/dev_ws/install/delivery_robot/share/delivery_robot/worlds/obstacles.world
[0.248s] -- Up-to-date symlink: /home/bobby/dev_ws/install/delivery_robot/share/delivery_robot/worlds/percobaan/model.config
[0.248s] -- Up-to-date symlink: /home/bobby/dev_ws/install/delivery_robot/share/delivery_robot/worlds/percobaan/model.sdf
[0.249s] -- Up-to-date symlink: /home/bobby/dev_ws/install/delivery_robot/share/delivery_robot/worlds/percobaan/percobaan
[0.249s] -- Up-to-date symlink: /home/bobby/dev_ws/install/delivery_robot/share/ament_index/resource_index/package_run_dependencies/delivery_robot
[0.249s] -- Up-to-date symlink: /home/bobby/dev_ws/install/delivery_robot/share/ament_index/resource_index/parent_prefix_path/delivery_robot
[0.249s] -- Up-to-date symlink: /home/bobby/dev_ws/install/delivery_robot/share/delivery_robot/environment/ament_prefix_path.sh
[0.249s] -- Up-to-date symlink: /home/bobby/dev_ws/install/delivery_robot/share/delivery_robot/environment/ament_prefix_path.dsv
[0.249s] -- Up-to-date symlink: /home/bobby/dev_ws/install/delivery_robot/share/delivery_robot/environment/path.sh
[0.249s] -- Up-to-date symlink: /home/bobby/dev_ws/install/delivery_robot/share/delivery_robot/environment/path.dsv
[0.249s] -- Up-to-date symlink: /home/bobby/dev_ws/install/delivery_robot/share/delivery_robot/local_setup.bash
[0.249s] -- Up-to-date symlink: /home/bobby/dev_ws/install/delivery_robot/share/delivery_robot/local_setup.sh
[0.249s] -- Up-to-date symlink: /home/bobby/dev_ws/install/delivery_robot/share/delivery_robot/local_setup.zsh
[0.249s] -- Up-to-date symlink: /home/bobby/dev_ws/install/delivery_robot/share/delivery_robot/local_setup.dsv
[0.250s] -- Symlinking: /home/bobby/dev_ws/install/delivery_robot/share/delivery_robot/package.dsv
[0.257s] -- Up-to-date symlink: /home/bobby/dev_ws/install/delivery_robot/share/ament_index/resource_index/packages/delivery_robot
[0.257s] -- Up-to-date symlink: /home/bobby/dev_ws/install/delivery_robot/share/delivery_robot/cmake/delivery_robotConfig.cmake
[0.257s] -- Up-to-date symlink: /home/bobby/dev_ws/install/delivery_robot/share/delivery_robot/cmake/delivery_robotConfig-version.cmake
[0.257s] -- Up-to-date symlink: /home/bobby/dev_ws/install/delivery_robot/share/delivery_robot/package.xml
[0.259s] Invoked command in '/home/bobby/dev_ws/build/delivery_robot' returned '0': CMAKE_PREFIX_PATH=${CMAKE_PREFIX_PATH}:/opt/ros/humble /usr/bin/cmake --install /home/bobby/dev_ws/build/delivery_robot
