[0.116s] DEBUG:colcon:Command line arguments: ['/usr/bin/colcon', 'build', '--symlink-install']
[0.116s] DEBUG:colcon:Parsed command line arguments: Namespace(log_base=None, log_level=None, verb_name='build', build_base='build', install_base='install', merge_install=False, symlink_install=True, test_result_base=None, continue_on_error=False, executor='parallel', parallel_workers=4, event_handlers=None, ignore_user_meta=False, metas=['./colcon.meta'], base_paths=['.'], packages_ignore=None, packages_ignore_regex=None, paths=None, packages_up_to=None, packages_up_to_regex=None, packages_above=None, packages_above_and_dependencies=None, packages_above_depth=None, packages_select_by_dep=None, packages_skip_by_dep=None, packages_skip_up_to=None, packages_select_build_failed=False, packages_skip_build_finished=False, packages_select_test_failures=False, packages_skip_test_passed=False, packages_select=None, packages_skip=None, packages_select_regex=None, packages_skip_regex=None, packages_start=None, packages_end=None, allow_overriding=[], cmake_args=None, cmake_target=None, cmake_target_skip_unavailable=False, cmake_clean_cache=False, cmake_clean_first=False, cmake_force_configure=False, ament_cmake_args=None, catkin_cmake_args=None, catkin_skip_building_tests=False, mixin_files=None, mixin=None, verb_parser=<colcon_mixin.mixin.mixin_argument.MixinArgumentDecorator object at 0x72c672d42c80>, verb_extension=<colcon_core.verb.build.BuildVerb object at 0x72c672e37c10>, main=<bound method BuildVerb.main of <colcon_core.verb.build.BuildVerb object at 0x72c672e37c10>>, mixin_verb=('build',))
[0.249s] Level 1:colcon.colcon_core.package_discovery:discover_packages(colcon_meta) check parameters
[0.249s] Level 1:colcon.colcon_core.package_discovery:discover_packages(recursive) check parameters
[0.249s] Level 1:colcon.colcon_core.package_discovery:discover_packages(ignore) check parameters
[0.249s] Level 1:colcon.colcon_core.package_discovery:discover_packages(path) check parameters
[0.249s] Level 1:colcon.colcon_core.package_discovery:discover_packages(colcon_meta) discover
[0.249s] Level 1:colcon.colcon_core.package_discovery:discover_packages(recursive) discover
[0.250s] INFO:colcon.colcon_core.package_discovery:Crawling recursively for packages in '/home/bobby/dev_ws'
[0.250s] Level 1:colcon.colcon_core.package_identification:_identify(.) by extensions ['ignore', 'ignore_ament_install']
[0.250s] Level 1:colcon.colcon_core.package_identification:_identify(.) by extension 'ignore'
[0.250s] Level 1:colcon.colcon_core.package_identification:_identify(.) by extension 'ignore_ament_install'
[0.250s] Level 1:colcon.colcon_core.package_identification:_identify(.) by extensions ['colcon_pkg']
[0.250s] Level 1:colcon.colcon_core.package_identification:_identify(.) by extension 'colcon_pkg'
[0.250s] Level 1:colcon.colcon_core.package_identification:_identify(.) by extensions ['colcon_meta']
[0.250s] Level 1:colcon.colcon_core.package_identification:_identify(.) by extension 'colcon_meta'
[0.250s] Level 1:colcon.colcon_core.package_identification:_identify(.) by extensions ['ros']
[0.250s] Level 1:colcon.colcon_core.package_identification:_identify(.) by extension 'ros'
[0.259s] Level 1:colcon.colcon_core.package_identification:_identify(.) by extensions ['cmake', 'python']
[0.259s] Level 1:colcon.colcon_core.package_identification:_identify(.) by extension 'cmake'
[0.259s] Level 1:colcon.colcon_core.package_identification:_identify(.) by extension 'python'
[0.260s] Level 1:colcon.colcon_core.package_identification:_identify(.) by extensions ['python_setup_py']
[0.260s] Level 1:colcon.colcon_core.package_identification:_identify(.) by extension 'python_setup_py'
[0.260s] Level 1:colcon.colcon_core.package_identification:_identify(build) by extensions ['ignore', 'ignore_ament_install']
[0.260s] Level 1:colcon.colcon_core.package_identification:_identify(build) by extension 'ignore'
[0.260s] Level 1:colcon.colcon_core.package_identification:_identify(build) ignored
[0.260s] Level 1:colcon.colcon_core.package_identification:_identify(install) by extensions ['ignore', 'ignore_ament_install']
[0.260s] Level 1:colcon.colcon_core.package_identification:_identify(install) by extension 'ignore'
[0.260s] Level 1:colcon.colcon_core.package_identification:_identify(install) ignored
[0.260s] Level 1:colcon.colcon_core.package_identification:_identify(log) by extensions ['ignore', 'ignore_ament_install']
[0.260s] Level 1:colcon.colcon_core.package_identification:_identify(log) by extension 'ignore'
[0.260s] Level 1:colcon.colcon_core.package_identification:_identify(log) ignored
[0.260s] Level 1:colcon.colcon_core.package_identification:_identify(src) by extensions ['ignore', 'ignore_ament_install']
[0.260s] Level 1:colcon.colcon_core.package_identification:_identify(src) by extension 'ignore'
[0.261s] Level 1:colcon.colcon_core.package_identification:_identify(src) by extension 'ignore_ament_install'
[0.261s] Level 1:colcon.colcon_core.package_identification:_identify(src) by extensions ['colcon_pkg']
[0.261s] Level 1:colcon.colcon_core.package_identification:_identify(src) by extension 'colcon_pkg'
[0.261s] Level 1:colcon.colcon_core.package_identification:_identify(src) by extensions ['colcon_meta']
[0.261s] Level 1:colcon.colcon_core.package_identification:_identify(src) by extension 'colcon_meta'
[0.261s] Level 1:colcon.colcon_core.package_identification:_identify(src) by extensions ['ros']
[0.261s] Level 1:colcon.colcon_core.package_identification:_identify(src) by extension 'ros'
[0.261s] Level 1:colcon.colcon_core.package_identification:_identify(src) by extensions ['cmake', 'python']
[0.261s] Level 1:colcon.colcon_core.package_identification:_identify(src) by extension 'cmake'
[0.261s] Level 1:colcon.colcon_core.package_identification:_identify(src) by extension 'python'
[0.261s] Level 1:colcon.colcon_core.package_identification:_identify(src) by extensions ['python_setup_py']
[0.261s] Level 1:colcon.colcon_core.package_identification:_identify(src) by extension 'python_setup_py'
[0.261s] Level 1:colcon.colcon_core.package_identification:_identify(src/build) by extensions ['ignore', 'ignore_ament_install']
[0.261s] Level 1:colcon.colcon_core.package_identification:_identify(src/build) by extension 'ignore'
[0.261s] Level 1:colcon.colcon_core.package_identification:_identify(src/build) ignored
[0.261s] Level 1:colcon.colcon_core.package_identification:_identify(src/delivery_robot) by extensions ['ignore', 'ignore_ament_install']
[0.261s] Level 1:colcon.colcon_core.package_identification:_identify(src/delivery_robot) by extension 'ignore'
[0.261s] Level 1:colcon.colcon_core.package_identification:_identify(src/delivery_robot) by extension 'ignore_ament_install'
[0.261s] Level 1:colcon.colcon_core.package_identification:_identify(src/delivery_robot) by extensions ['colcon_pkg']
[0.261s] Level 1:colcon.colcon_core.package_identification:_identify(src/delivery_robot) by extension 'colcon_pkg'
[0.261s] Level 1:colcon.colcon_core.package_identification:_identify(src/delivery_robot) by extensions ['colcon_meta']
[0.261s] Level 1:colcon.colcon_core.package_identification:_identify(src/delivery_robot) by extension 'colcon_meta'
[0.261s] Level 1:colcon.colcon_core.package_identification:_identify(src/delivery_robot) by extensions ['ros']
[0.261s] Level 1:colcon.colcon_core.package_identification:_identify(src/delivery_robot) by extension 'ros'
[0.264s] DEBUG:colcon.colcon_core.package_identification:Package 'src/delivery_robot' with type 'ros.ament_cmake' and name 'delivery_robot'
[0.264s] Level 1:colcon.colcon_core.package_identification:_identify(src/gamepad_pkg) by extensions ['ignore', 'ignore_ament_install']
[0.264s] Level 1:colcon.colcon_core.package_identification:_identify(src/gamepad_pkg) by extension 'ignore'
[0.264s] Level 1:colcon.colcon_core.package_identification:_identify(src/gamepad_pkg) by extension 'ignore_ament_install'
[0.264s] Level 1:colcon.colcon_core.package_identification:_identify(src/gamepad_pkg) by extensions ['colcon_pkg']
[0.264s] Level 1:colcon.colcon_core.package_identification:_identify(src/gamepad_pkg) by extension 'colcon_pkg'
[0.264s] Level 1:colcon.colcon_core.package_identification:_identify(src/gamepad_pkg) by extensions ['colcon_meta']
[0.264s] Level 1:colcon.colcon_core.package_identification:_identify(src/gamepad_pkg) by extension 'colcon_meta'
[0.264s] Level 1:colcon.colcon_core.package_identification:_identify(src/gamepad_pkg) by extensions ['ros']
[0.264s] Level 1:colcon.colcon_core.package_identification:_identify(src/gamepad_pkg) by extension 'ros'
[0.265s] DEBUG:colcon.colcon_core.package_identification:Package 'src/gamepad_pkg' with type 'ros.ament_python' and name 'gamepad_pkg'
[0.265s] Level 1:colcon.colcon_core.package_identification:_identify(src/install) by extensions ['ignore', 'ignore_ament_install']
[0.265s] Level 1:colcon.colcon_core.package_identification:_identify(src/install) by extension 'ignore'
[0.265s] Level 1:colcon.colcon_core.package_identification:_identify(src/install) ignored
[0.265s] Level 1:colcon.colcon_core.package_identification:_identify(src/log) by extensions ['ignore', 'ignore_ament_install']
[0.265s] Level 1:colcon.colcon_core.package_identification:_identify(src/log) by extension 'ignore'
[0.265s] Level 1:colcon.colcon_core.package_identification:_identify(src/log) ignored
[0.265s] Level 1:colcon.colcon_core.package_identification:_identify(src/pyserial) by extensions ['ignore', 'ignore_ament_install']
[0.265s] Level 1:colcon.colcon_core.package_identification:_identify(src/pyserial) by extension 'ignore'
[0.265s] Level 1:colcon.colcon_core.package_identification:_identify(src/pyserial) by extension 'ignore_ament_install'
[0.265s] Level 1:colcon.colcon_core.package_identification:_identify(src/pyserial) by extensions ['colcon_pkg']
[0.265s] Level 1:colcon.colcon_core.package_identification:_identify(src/pyserial) by extension 'colcon_pkg'
[0.265s] Level 1:colcon.colcon_core.package_identification:_identify(src/pyserial) by extensions ['colcon_meta']
[0.266s] Level 1:colcon.colcon_core.package_identification:_identify(src/pyserial) by extension 'colcon_meta'
[0.266s] Level 1:colcon.colcon_core.package_identification:_identify(src/pyserial) by extensions ['ros']
[0.266s] Level 1:colcon.colcon_core.package_identification:_identify(src/pyserial) by extension 'ros'
[0.266s] DEBUG:colcon.colcon_core.package_identification:Package 'src/pyserial' with type 'ros.ament_python' and name 'pyserial'
[0.266s] Level 1:colcon.colcon_core.package_discovery:discover_packages(recursive) using defaults
[0.266s] Level 1:colcon.colcon_core.package_discovery:discover_packages(ignore) discover
[0.266s] Level 1:colcon.colcon_core.package_discovery:discover_packages(ignore) using defaults
[0.266s] Level 1:colcon.colcon_core.package_discovery:discover_packages(path) discover
[0.266s] Level 1:colcon.colcon_core.package_discovery:discover_packages(path) using defaults
[0.296s] Level 1:colcon.colcon_core.package_discovery:discover_packages(prefix_path) check parameters
[0.296s] Level 1:colcon.colcon_core.package_discovery:discover_packages(prefix_path) discover
[0.297s] DEBUG:colcon.colcon_installed_package_information.package_discovery:Found 5 installed packages in /home/bobby/dev_ws/install
[0.298s] DEBUG:colcon.colcon_installed_package_information.package_discovery:Found 366 installed packages in /opt/ros/humble
[0.300s] Level 1:colcon.colcon_core.package_discovery:discover_packages(prefix_path) using defaults
[0.350s] Level 5:colcon.colcon_core.verb:set package 'delivery_robot' build argument 'cmake_args' from command line to 'None'
[0.350s] Level 5:colcon.colcon_core.verb:set package 'delivery_robot' build argument 'cmake_target' from command line to 'None'
[0.350s] Level 5:colcon.colcon_core.verb:set package 'delivery_robot' build argument 'cmake_target_skip_unavailable' from command line to 'False'
[0.350s] Level 5:colcon.colcon_core.verb:set package 'delivery_robot' build argument 'cmake_clean_cache' from command line to 'False'
[0.350s] Level 5:colcon.colcon_core.verb:set package 'delivery_robot' build argument 'cmake_clean_first' from command line to 'False'
[0.350s] Level 5:colcon.colcon_core.verb:set package 'delivery_robot' build argument 'cmake_force_configure' from command line to 'False'
[0.350s] Level 5:colcon.colcon_core.verb:set package 'delivery_robot' build argument 'ament_cmake_args' from command line to 'None'
[0.350s] Level 5:colcon.colcon_core.verb:set package 'delivery_robot' build argument 'catkin_cmake_args' from command line to 'None'
[0.350s] Level 5:colcon.colcon_core.verb:set package 'delivery_robot' build argument 'catkin_skip_building_tests' from command line to 'False'
[0.350s] DEBUG:colcon.colcon_core.verb:Building package 'delivery_robot' with the following arguments: {'ament_cmake_args': None, 'build_base': '/home/bobby/dev_ws/build/delivery_robot', 'catkin_cmake_args': None, 'catkin_skip_building_tests': False, 'cmake_args': None, 'cmake_clean_cache': False, 'cmake_clean_first': False, 'cmake_force_configure': False, 'cmake_target': None, 'cmake_target_skip_unavailable': False, 'install_base': '/home/bobby/dev_ws/install/delivery_robot', 'merge_install': False, 'path': '/home/bobby/dev_ws/src/delivery_robot', 'symlink_install': True, 'test_result_base': None}
[0.351s] Level 5:colcon.colcon_core.verb:set package 'gamepad_pkg' build argument 'cmake_args' from command line to 'None'
[0.351s] Level 5:colcon.colcon_core.verb:set package 'gamepad_pkg' build argument 'cmake_target' from command line to 'None'
[0.351s] Level 5:colcon.colcon_core.verb:set package 'gamepad_pkg' build argument 'cmake_target_skip_unavailable' from command line to 'False'
[0.351s] Level 5:colcon.colcon_core.verb:set package 'gamepad_pkg' build argument 'cmake_clean_cache' from command line to 'False'
[0.351s] Level 5:colcon.colcon_core.verb:set package 'gamepad_pkg' build argument 'cmake_clean_first' from command line to 'False'
[0.351s] Level 5:colcon.colcon_core.verb:set package 'gamepad_pkg' build argument 'cmake_force_configure' from command line to 'False'
[0.351s] Level 5:colcon.colcon_core.verb:set package 'gamepad_pkg' build argument 'ament_cmake_args' from command line to 'None'
[0.351s] Level 5:colcon.colcon_core.verb:set package 'gamepad_pkg' build argument 'catkin_cmake_args' from command line to 'None'
[0.351s] Level 5:colcon.colcon_core.verb:set package 'gamepad_pkg' build argument 'catkin_skip_building_tests' from command line to 'False'
[0.351s] DEBUG:colcon.colcon_core.verb:Building package 'gamepad_pkg' with the following arguments: {'ament_cmake_args': None, 'build_base': '/home/bobby/dev_ws/build/gamepad_pkg', 'catkin_cmake_args': None, 'catkin_skip_building_tests': False, 'cmake_args': None, 'cmake_clean_cache': False, 'cmake_clean_first': False, 'cmake_force_configure': False, 'cmake_target': None, 'cmake_target_skip_unavailable': False, 'install_base': '/home/bobby/dev_ws/install/gamepad_pkg', 'merge_install': False, 'path': '/home/bobby/dev_ws/src/gamepad_pkg', 'symlink_install': True, 'test_result_base': None}
[0.351s] Level 5:colcon.colcon_core.verb:set package 'pyserial' build argument 'cmake_args' from command line to 'None'
[0.351s] Level 5:colcon.colcon_core.verb:set package 'pyserial' build argument 'cmake_target' from command line to 'None'
[0.351s] Level 5:colcon.colcon_core.verb:set package 'pyserial' build argument 'cmake_target_skip_unavailable' from command line to 'False'
[0.351s] Level 5:colcon.colcon_core.verb:set package 'pyserial' build argument 'cmake_clean_cache' from command line to 'False'
[0.351s] Level 5:colcon.colcon_core.verb:set package 'pyserial' build argument 'cmake_clean_first' from command line to 'False'
[0.351s] Level 5:colcon.colcon_core.verb:set package 'pyserial' build argument 'cmake_force_configure' from command line to 'False'
[0.351s] Level 5:colcon.colcon_core.verb:set package 'pyserial' build argument 'ament_cmake_args' from command line to 'None'
[0.351s] Level 5:colcon.colcon_core.verb:set package 'pyserial' build argument 'catkin_cmake_args' from command line to 'None'
[0.351s] Level 5:colcon.colcon_core.verb:set package 'pyserial' build argument 'catkin_skip_building_tests' from command line to 'False'
[0.351s] DEBUG:colcon.colcon_core.verb:Building package 'pyserial' with the following arguments: {'ament_cmake_args': None, 'build_base': '/home/bobby/dev_ws/build/pyserial', 'catkin_cmake_args': None, 'catkin_skip_building_tests': False, 'cmake_args': None, 'cmake_clean_cache': False, 'cmake_clean_first': False, 'cmake_force_configure': False, 'cmake_target': None, 'cmake_target_skip_unavailable': False, 'install_base': '/home/bobby/dev_ws/install/pyserial', 'merge_install': False, 'path': '/home/bobby/dev_ws/src/pyserial', 'symlink_install': True, 'test_result_base': None}
[0.351s] INFO:colcon.colcon_core.executor:Executing jobs using 'parallel' executor
[0.352s] DEBUG:colcon.colcon_parallel_executor.executor.parallel:run_until_complete
[0.352s] INFO:colcon.colcon_ros.task.ament_cmake.build:Building ROS package in '/home/bobby/dev_ws/src/delivery_robot' with build type 'ament_cmake'
[0.352s] INFO:colcon.colcon_cmake.task.cmake.build:Building CMake package in '/home/bobby/dev_ws/src/delivery_robot'
[0.354s] INFO:colcon.colcon_core.plugin_system:Skipping extension 'colcon_core.shell.bat': Not used on non-Windows systems
[0.354s] INFO:colcon.colcon_core.shell:Skip shell extension 'powershell' for command environment: Not usable outside of PowerShell
[0.354s] DEBUG:colcon.colcon_core.shell:Skip shell extension 'dsv' for command environment
[0.356s] INFO:colcon.colcon_ros.task.ament_python.build:Building ROS package in '/home/bobby/dev_ws/src/gamepad_pkg' with build type 'ament_python'
[0.357s] Level 1:colcon.colcon_core.shell:create_environment_hook('gamepad_pkg', 'ament_prefix_path')
[0.357s] INFO:colcon.colcon_core.shell:Creating environment hook '/home/bobby/dev_ws/install/gamepad_pkg/share/gamepad_pkg/hook/ament_prefix_path.ps1'
[0.358s] INFO:colcon.colcon_core.shell:Creating environment descriptor '/home/bobby/dev_ws/install/gamepad_pkg/share/gamepad_pkg/hook/ament_prefix_path.dsv'
[0.358s] INFO:colcon.colcon_core.shell:Creating environment hook '/home/bobby/dev_ws/install/gamepad_pkg/share/gamepad_pkg/hook/ament_prefix_path.sh'
[0.359s] INFO:colcon.colcon_core.shell:Skip shell extension 'powershell' for command environment: Not usable outside of PowerShell
[0.359s] DEBUG:colcon.colcon_core.shell:Skip shell extension 'dsv' for command environment
[0.362s] INFO:colcon.colcon_ros.task.ament_python.build:Building ROS package in '/home/bobby/dev_ws/src/pyserial' with build type 'ament_python'
[0.362s] Level 1:colcon.colcon_core.shell:create_environment_hook('pyserial', 'ament_prefix_path')
[0.362s] INFO:colcon.colcon_core.shell:Creating environment hook '/home/bobby/dev_ws/install/pyserial/share/pyserial/hook/ament_prefix_path.ps1'
[0.363s] INFO:colcon.colcon_core.shell:Creating environment descriptor '/home/bobby/dev_ws/install/pyserial/share/pyserial/hook/ament_prefix_path.dsv'
[0.363s] INFO:colcon.colcon_core.shell:Creating environment hook '/home/bobby/dev_ws/install/pyserial/share/pyserial/hook/ament_prefix_path.sh'
[0.364s] INFO:colcon.colcon_core.shell:Skip shell extension 'powershell' for command environment: Not usable outside of PowerShell
[0.364s] DEBUG:colcon.colcon_core.shell:Skip shell extension 'dsv' for command environment
[0.369s] DEBUG:colcon.colcon_core.event_handler.log_command:Invoking command in '/home/bobby/dev_ws/build/delivery_robot': CMAKE_PREFIX_PATH=${CMAKE_PREFIX_PATH}:/home/bobby/dev_ws/install/pyserial:/home/bobby/dev_ws/install/gamepad_pkg:/opt/ros/humble /usr/bin/cmake --build /home/bobby/dev_ws/build/delivery_robot -- -j4 -l4
[0.598s] INFO:colcon.colcon_core.task.python.build:Building Python package in '/home/bobby/dev_ws/src/gamepad_pkg'
[0.598s] INFO:colcon.colcon_core.shell:Skip shell extension 'powershell' for command environment: Not usable outside of PowerShell
[0.598s] DEBUG:colcon.colcon_core.shell:Skip shell extension 'dsv' for command environment
[0.856s] INFO:colcon.colcon_core.task.python.build:Building Python package in '/home/bobby/dev_ws/src/pyserial'
[0.856s] INFO:colcon.colcon_core.shell:Skip shell extension 'powershell' for command environment: Not usable outside of PowerShell
[0.856s] DEBUG:colcon.colcon_core.shell:Skip shell extension 'dsv' for command environment
[0.864s] DEBUG:colcon.colcon_core.event_handler.log_command:Invoked command in '/home/bobby/dev_ws/build/delivery_robot' returned '0': CMAKE_PREFIX_PATH=${CMAKE_PREFIX_PATH}:/home/bobby/dev_ws/install/pyserial:/home/bobby/dev_ws/install/gamepad_pkg:/opt/ros/humble /usr/bin/cmake --build /home/bobby/dev_ws/build/delivery_robot -- -j4 -l4
[0.871s] DEBUG:colcon.colcon_core.event_handler.log_command:Invoking command in '/home/bobby/dev_ws/build/delivery_robot': CMAKE_PREFIX_PATH=${CMAKE_PREFIX_PATH}:/home/bobby/dev_ws/install/pyserial:/home/bobby/dev_ws/install/gamepad_pkg:/opt/ros/humble /usr/bin/cmake --install /home/bobby/dev_ws/build/delivery_robot
[0.930s] Level 1:colcon.colcon_core.environment:create_environment_scripts_only(delivery_robot)
[0.933s] Level 1:colcon.colcon_core.environment:checking '/home/bobby/dev_ws/install/delivery_robot' for CMake module files
[0.934s] DEBUG:colcon.colcon_core.event_handler.log_command:Invoked command in '/home/bobby/dev_ws/build/delivery_robot' returned '0': CMAKE_PREFIX_PATH=${CMAKE_PREFIX_PATH}:/home/bobby/dev_ws/install/pyserial:/home/bobby/dev_ws/install/gamepad_pkg:/opt/ros/humble /usr/bin/cmake --install /home/bobby/dev_ws/build/delivery_robot
[0.935s] Level 1:colcon.colcon_core.environment:checking '/home/bobby/dev_ws/install/delivery_robot' for CMake config files
[0.937s] Level 1:colcon.colcon_core.shell:create_environment_hook('delivery_robot', 'cmake_prefix_path')
[0.937s] INFO:colcon.colcon_core.shell:Creating environment hook '/home/bobby/dev_ws/install/delivery_robot/share/delivery_robot/hook/cmake_prefix_path.ps1'
[0.940s] INFO:colcon.colcon_core.shell:Creating environment descriptor '/home/bobby/dev_ws/install/delivery_robot/share/delivery_robot/hook/cmake_prefix_path.dsv'
[0.941s] INFO:colcon.colcon_core.shell:Creating environment hook '/home/bobby/dev_ws/install/delivery_robot/share/delivery_robot/hook/cmake_prefix_path.sh'
[0.943s] Level 1:colcon.colcon_core.environment:checking '/home/bobby/dev_ws/install/delivery_robot/bin'
[0.943s] Level 1:colcon.colcon_core.environment:checking '/home/bobby/dev_ws/install/delivery_robot/lib/pkgconfig/delivery_robot.pc'
[0.943s] Level 1:colcon.colcon_core.environment:checking '/home/bobby/dev_ws/install/delivery_robot/lib/python3.10/site-packages'
[0.944s] Level 1:colcon.colcon_core.environment:checking '/home/bobby/dev_ws/install/delivery_robot/bin'
[0.944s] INFO:colcon.colcon_core.shell:Creating package script '/home/bobby/dev_ws/install/delivery_robot/share/delivery_robot/package.ps1'
[0.946s] INFO:colcon.colcon_core.shell:Creating package descriptor '/home/bobby/dev_ws/install/delivery_robot/share/delivery_robot/package.dsv'
[0.947s] INFO:colcon.colcon_core.shell:Creating package script '/home/bobby/dev_ws/install/delivery_robot/share/delivery_robot/package.sh'
[0.949s] INFO:colcon.colcon_core.shell:Creating package script '/home/bobby/dev_ws/install/delivery_robot/share/delivery_robot/package.bash'
[0.950s] INFO:colcon.colcon_core.shell:Creating package script '/home/bobby/dev_ws/install/delivery_robot/share/delivery_robot/package.zsh'
[0.951s] Level 1:colcon.colcon_core.environment:create_file_with_runtime_dependencies(/home/bobby/dev_ws/install/delivery_robot/share/colcon-core/packages/delivery_robot)
[0.952s] Level 1:colcon.colcon_core.environment:create_environment_scripts_only(delivery_robot)
[0.952s] Level 1:colcon.colcon_core.environment:checking '/home/bobby/dev_ws/install/delivery_robot' for CMake module files
[0.953s] Level 1:colcon.colcon_core.environment:checking '/home/bobby/dev_ws/install/delivery_robot' for CMake config files
[0.954s] Level 1:colcon.colcon_core.shell:create_environment_hook('delivery_robot', 'cmake_prefix_path')
[0.954s] INFO:colcon.colcon_core.shell:Creating environment hook '/home/bobby/dev_ws/install/delivery_robot/share/delivery_robot/hook/cmake_prefix_path.ps1'
[0.957s] INFO:colcon.colcon_core.shell:Creating environment descriptor '/home/bobby/dev_ws/install/delivery_robot/share/delivery_robot/hook/cmake_prefix_path.dsv'
[0.958s] INFO:colcon.colcon_core.shell:Creating environment hook '/home/bobby/dev_ws/install/delivery_robot/share/delivery_robot/hook/cmake_prefix_path.sh'
[0.960s] Level 1:colcon.colcon_core.environment:checking '/home/bobby/dev_ws/install/delivery_robot/bin'
[0.960s] Level 1:colcon.colcon_core.environment:checking '/home/bobby/dev_ws/install/delivery_robot/lib/pkgconfig/delivery_robot.pc'
[0.961s] Level 1:colcon.colcon_core.environment:checking '/home/bobby/dev_ws/install/delivery_robot/lib/python3.10/site-packages'
[0.961s] Level 1:colcon.colcon_core.environment:checking '/home/bobby/dev_ws/install/delivery_robot/bin'
[0.962s] INFO:colcon.colcon_core.shell:Creating package script '/home/bobby/dev_ws/install/delivery_robot/share/delivery_robot/package.ps1'
[0.963s] INFO:colcon.colcon_core.shell:Creating package descriptor '/home/bobby/dev_ws/install/delivery_robot/share/delivery_robot/package.dsv'
[0.964s] INFO:colcon.colcon_core.shell:Creating package script '/home/bobby/dev_ws/install/delivery_robot/share/delivery_robot/package.sh'
[0.964s] INFO:colcon.colcon_core.shell:Creating package script '/home/bobby/dev_ws/install/delivery_robot/share/delivery_robot/package.bash'
[0.965s] INFO:colcon.colcon_core.shell:Creating package script '/home/bobby/dev_ws/install/delivery_robot/share/delivery_robot/package.zsh'
[0.966s] Level 1:colcon.colcon_core.environment:create_file_with_runtime_dependencies(/home/bobby/dev_ws/install/delivery_robot/share/colcon-core/packages/delivery_robot)
[1.286s] DEBUG:colcon.colcon_core.event_handler.log_command:Invoking command in '/home/bobby/dev_ws/build/gamepad_pkg': PYTHONPATH=/home/bobby/dev_ws/build/gamepad_pkg/prefix_override:/usr/lib/python3/dist-packages/colcon_core/task/python/colcon_distutils_commands:/home/bobby/dev_ws/install/gamepad_pkg/lib/python3.10/site-packages:${PYTHONPATH} /usr/bin/python3 -W ignore:setup.py install is deprecated -W ignore:easy_install command is deprecated setup.py develop --editable --build-directory /home/bobby/dev_ws/build/gamepad_pkg/build --no-deps symlink_data
[1.303s] DEBUG:colcon.colcon_core.event_handler.log_command:Invoking command in '/home/bobby/dev_ws/build/pyserial': PYTHONPATH=/home/bobby/dev_ws/build/pyserial/prefix_override:/usr/lib/python3/dist-packages/colcon_core/task/python/colcon_distutils_commands:/home/bobby/dev_ws/install/pyserial/lib/python3.10/site-packages:${PYTHONPATH} /usr/bin/python3 -W ignore:setup.py install is deprecated -W ignore:easy_install command is deprecated setup.py develop --editable --build-directory /home/bobby/dev_ws/build/pyserial/build --no-deps symlink_data
[1.665s] Level 1:colcon.colcon_core.shell:create_environment_hook('gamepad_pkg', 'pythonpath_develop')
[1.666s] INFO:colcon.colcon_core.shell:Creating environment hook '/home/bobby/dev_ws/build/gamepad_pkg/share/gamepad_pkg/hook/pythonpath_develop.ps1'
[1.666s] DEBUG:colcon.colcon_core.event_handler.log_command:Invoked command in '/home/bobby/dev_ws/build/gamepad_pkg' returned '0': PYTHONPATH=/home/bobby/dev_ws/build/gamepad_pkg/prefix_override:/usr/lib/python3/dist-packages/colcon_core/task/python/colcon_distutils_commands:/home/bobby/dev_ws/install/gamepad_pkg/lib/python3.10/site-packages:${PYTHONPATH} /usr/bin/python3 -W ignore:setup.py install is deprecated -W ignore:easy_install command is deprecated setup.py develop --editable --build-directory /home/bobby/dev_ws/build/gamepad_pkg/build --no-deps symlink_data
[1.667s] INFO:colcon.colcon_core.shell:Creating environment descriptor '/home/bobby/dev_ws/build/gamepad_pkg/share/gamepad_pkg/hook/pythonpath_develop.dsv'
[1.667s] INFO:colcon.colcon_core.shell:Creating environment hook '/home/bobby/dev_ws/build/gamepad_pkg/share/gamepad_pkg/hook/pythonpath_develop.sh'
[1.667s] Level 1:colcon.colcon_core.environment:checking '/home/bobby/dev_ws/install/gamepad_pkg' for CMake module files
[1.668s] Level 1:colcon.colcon_core.environment:checking '/home/bobby/dev_ws/install/gamepad_pkg' for CMake config files
[1.668s] Level 1:colcon.colcon_core.environment:checking '/home/bobby/dev_ws/install/gamepad_pkg/lib'
[1.669s] Level 1:colcon.colcon_core.environment:checking '/home/bobby/dev_ws/install/gamepad_pkg/bin'
[1.669s] Level 1:colcon.colcon_core.environment:checking '/home/bobby/dev_ws/install/gamepad_pkg/lib/pkgconfig/gamepad_pkg.pc'
[1.669s] Level 1:colcon.colcon_core.environment:checking '/home/bobby/dev_ws/install/gamepad_pkg/lib/python3.10/site-packages'
[1.669s] Level 1:colcon.colcon_core.shell:create_environment_hook('gamepad_pkg', 'pythonpath')
[1.669s] INFO:colcon.colcon_core.shell:Creating environment hook '/home/bobby/dev_ws/install/gamepad_pkg/share/gamepad_pkg/hook/pythonpath.ps1'
[1.669s] INFO:colcon.colcon_core.shell:Creating environment descriptor '/home/bobby/dev_ws/install/gamepad_pkg/share/gamepad_pkg/hook/pythonpath.dsv'
[1.670s] INFO:colcon.colcon_core.shell:Creating environment hook '/home/bobby/dev_ws/install/gamepad_pkg/share/gamepad_pkg/hook/pythonpath.sh'
[1.670s] Level 1:colcon.colcon_core.environment:checking '/home/bobby/dev_ws/install/gamepad_pkg/bin'
[1.670s] Level 1:colcon.colcon_core.environment:create_environment_scripts_only(gamepad_pkg)
[1.670s] INFO:colcon.colcon_core.shell:Creating package script '/home/bobby/dev_ws/install/gamepad_pkg/share/gamepad_pkg/package.ps1'
[1.671s] INFO:colcon.colcon_core.shell:Creating package descriptor '/home/bobby/dev_ws/install/gamepad_pkg/share/gamepad_pkg/package.dsv'
[1.671s] INFO:colcon.colcon_core.shell:Creating package script '/home/bobby/dev_ws/install/gamepad_pkg/share/gamepad_pkg/package.sh'
[1.672s] INFO:colcon.colcon_core.shell:Creating package script '/home/bobby/dev_ws/install/gamepad_pkg/share/gamepad_pkg/package.bash'
[1.672s] INFO:colcon.colcon_core.shell:Creating package script '/home/bobby/dev_ws/install/gamepad_pkg/share/gamepad_pkg/package.zsh'
[1.672s] Level 1:colcon.colcon_core.environment:create_file_with_runtime_dependencies(/home/bobby/dev_ws/install/gamepad_pkg/share/colcon-core/packages/gamepad_pkg)
[1.704s] Level 1:colcon.colcon_core.shell:create_environment_hook('pyserial', 'pythonpath_develop')
[1.704s] INFO:colcon.colcon_core.shell:Creating environment hook '/home/bobby/dev_ws/build/pyserial/share/pyserial/hook/pythonpath_develop.ps1'
[1.704s] DEBUG:colcon.colcon_core.event_handler.log_command:Invoked command in '/home/bobby/dev_ws/build/pyserial' returned '0': PYTHONPATH=/home/bobby/dev_ws/build/pyserial/prefix_override:/usr/lib/python3/dist-packages/colcon_core/task/python/colcon_distutils_commands:/home/bobby/dev_ws/install/pyserial/lib/python3.10/site-packages:${PYTHONPATH} /usr/bin/python3 -W ignore:setup.py install is deprecated -W ignore:easy_install command is deprecated setup.py develop --editable --build-directory /home/bobby/dev_ws/build/pyserial/build --no-deps symlink_data
[1.705s] INFO:colcon.colcon_core.shell:Creating environment descriptor '/home/bobby/dev_ws/build/pyserial/share/pyserial/hook/pythonpath_develop.dsv'
[1.705s] INFO:colcon.colcon_core.shell:Creating environment hook '/home/bobby/dev_ws/build/pyserial/share/pyserial/hook/pythonpath_develop.sh'
[1.706s] Level 1:colcon.colcon_core.environment:checking '/home/bobby/dev_ws/install/pyserial' for CMake module files
[1.706s] Level 1:colcon.colcon_core.environment:checking '/home/bobby/dev_ws/install/pyserial' for CMake config files
[1.706s] Level 1:colcon.colcon_core.environment:checking '/home/bobby/dev_ws/install/pyserial/lib'
[1.706s] Level 1:colcon.colcon_core.environment:checking '/home/bobby/dev_ws/install/pyserial/bin'
[1.707s] Level 1:colcon.colcon_core.environment:checking '/home/bobby/dev_ws/install/pyserial/lib/pkgconfig/pyserial.pc'
[1.707s] Level 1:colcon.colcon_core.environment:checking '/home/bobby/dev_ws/install/pyserial/lib/python3.10/site-packages'
[1.707s] Level 1:colcon.colcon_core.shell:create_environment_hook('pyserial', 'pythonpath')
[1.707s] INFO:colcon.colcon_core.shell:Creating environment hook '/home/bobby/dev_ws/install/pyserial/share/pyserial/hook/pythonpath.ps1'
[1.707s] INFO:colcon.colcon_core.shell:Creating environment descriptor '/home/bobby/dev_ws/install/pyserial/share/pyserial/hook/pythonpath.dsv'
[1.707s] INFO:colcon.colcon_core.shell:Creating environment hook '/home/bobby/dev_ws/install/pyserial/share/pyserial/hook/pythonpath.sh'
[1.708s] Level 1:colcon.colcon_core.environment:checking '/home/bobby/dev_ws/install/pyserial/bin'
[1.708s] Level 1:colcon.colcon_core.environment:create_environment_scripts_only(pyserial)
[1.708s] INFO:colcon.colcon_core.shell:Creating package script '/home/bobby/dev_ws/install/pyserial/share/pyserial/package.ps1'
[1.709s] INFO:colcon.colcon_core.shell:Creating package descriptor '/home/bobby/dev_ws/install/pyserial/share/pyserial/package.dsv'
[1.709s] INFO:colcon.colcon_core.shell:Creating package script '/home/bobby/dev_ws/install/pyserial/share/pyserial/package.sh'
[1.710s] INFO:colcon.colcon_core.shell:Creating package script '/home/bobby/dev_ws/install/pyserial/share/pyserial/package.bash'
[1.710s] INFO:colcon.colcon_core.shell:Creating package script '/home/bobby/dev_ws/install/pyserial/share/pyserial/package.zsh'
[1.710s] Level 1:colcon.colcon_core.environment:create_file_with_runtime_dependencies(/home/bobby/dev_ws/install/pyserial/share/colcon-core/packages/pyserial)
[1.711s] DEBUG:colcon.colcon_parallel_executor.executor.parallel:closing loop
[1.711s] DEBUG:colcon.colcon_parallel_executor.executor.parallel:loop closed
[1.711s] DEBUG:colcon.colcon_parallel_executor.executor.parallel:run_until_complete finished with '0'
[1.711s] DEBUG:colcon.colcon_core.event_reactor:joining thread
[1.716s] INFO:colcon.colcon_core.plugin_system:Skipping extension 'colcon_notification.desktop_notification.terminal_notifier': Not used on non-Darwin systems
[1.716s] INFO:colcon.colcon_core.plugin_system:Skipping extension 'colcon_notification.desktop_notification.win32': Not used on non-Windows systems
[1.716s] INFO:colcon.colcon_notification.desktop_notification:Sending desktop notification using 'notify2'
[1.728s] DEBUG:colcon.colcon_core.event_reactor:joined thread
[1.728s] INFO:colcon.colcon_core.shell:Creating prefix script '/home/bobby/dev_ws/install/local_setup.ps1'
[1.730s] INFO:colcon.colcon_core.shell:Creating prefix util module '/home/bobby/dev_ws/install/_local_setup_util_ps1.py'
[1.732s] INFO:colcon.colcon_core.shell:Creating prefix chain script '/home/bobby/dev_ws/install/setup.ps1'
[1.735s] INFO:colcon.colcon_core.shell:Creating prefix script '/home/bobby/dev_ws/install/local_setup.sh'
[1.736s] INFO:colcon.colcon_core.shell:Creating prefix util module '/home/bobby/dev_ws/install/_local_setup_util_sh.py'
[1.737s] INFO:colcon.colcon_core.shell:Creating prefix chain script '/home/bobby/dev_ws/install/setup.sh'
[1.738s] INFO:colcon.colcon_core.shell:Creating prefix script '/home/bobby/dev_ws/install/local_setup.bash'
[1.738s] INFO:colcon.colcon_core.shell:Creating prefix chain script '/home/bobby/dev_ws/install/setup.bash'
[1.740s] INFO:colcon.colcon_core.shell:Creating prefix script '/home/bobby/dev_ws/install/local_setup.zsh'
[1.740s] INFO:colcon.colcon_core.shell:Creating prefix chain script '/home/bobby/dev_ws/install/setup.zsh'
