[0.007s] Invoking command in '/home/bobby/dev_ws/build/delivery_robot': /usr/bin/cmake --build /home/bobby/dev_ws/build/delivery_robot -- -j4 -l4
[0.032s] Invoked command in '/home/bobby/dev_ws/build/delivery_robot' returned '0': /usr/bin/cmake --build /home/bobby/dev_ws/build/delivery_robot -- -j4 -l4
[0.039s] Invoking command in '/home/bobby/dev_ws/build/delivery_robot': /usr/bin/cmake --install /home/bobby/dev_ws/build/delivery_robot
[0.044s] -- Install configuration: ""
[0.044s] -- Execute custom install script
[0.045s] -- Symlinking: /home/bobby/dev_ws/install/delivery_robot/share/delivery_robot/config/coba.rviz
[0.051s] -- Symlinking: /home/bobby/dev_ws/install/delivery_robot/share/delivery_robot/config/drive_bot.rviz
[0.056s] -- Symlinking: /home/bobby/dev_ws/install/delivery_robot/share/delivery_robot/config/empty.world
[0.062s] -- Symlinking: /home/bobby/dev_ws/install/delivery_robot/share/delivery_robot/config/joystick.yaml
[0.067s] -- Symlinking: /home/bobby/dev_ws/install/delivery_robot/share/delivery_robot/config/main.rviz
[0.073s] -- Symlinking: /home/bobby/dev_ws/install/delivery_robot/share/delivery_robot/config/mapper_params_online_async.yaml
[0.078s] -- Symlinking: /home/bobby/dev_ws/install/delivery_robot/share/delivery_robot/config/my_controllers.yaml
[0.083s] -- Symlinking: /home/bobby/dev_ws/install/delivery_robot/share/delivery_robot/config/nav2_params.yaml
[0.089s] -- Symlinking: /home/bobby/dev_ws/install/delivery_robot/share/delivery_robot/config/twist_mux.yaml
[0.094s] -- Symlinking: /home/bobby/dev_ws/install/delivery_robot/share/delivery_robot/config/view_bot.rviz
[0.101s] -- Symlinking: /home/bobby/dev_ws/install/delivery_robot/share/delivery_robot/description/camera.xacro
[0.106s] -- Symlinking: /home/bobby/dev_ws/install/delivery_robot/share/delivery_robot/description/dept_camera.xacro
[0.112s] -- Symlinking: /home/bobby/dev_ws/install/delivery_robot/share/delivery_robot/description/gazebo_control.xacro
[0.117s] -- Symlinking: /home/bobby/dev_ws/install/delivery_robot/share/delivery_robot/description/inertial_macros.xacro
[0.123s] -- Symlinking: /home/bobby/dev_ws/install/delivery_robot/share/delivery_robot/description/lidar.xacro
[0.130s] -- Up-to-date symlink: /home/bobby/dev_ws/install/delivery_robot/share/delivery_robot/description/robot.urdf.xacro
[0.130s] -- Up-to-date symlink: /home/bobby/dev_ws/install/delivery_robot/share/delivery_robot/description/robot_core.xacro
[0.130s] -- Symlinking: /home/bobby/dev_ws/install/delivery_robot/share/delivery_robot/launch/joystick.launch.py
[0.137s] -- Symlinking: /home/bobby/dev_ws/install/delivery_robot/share/delivery_robot/launch/launch_robot.launch.py
[0.142s] -- Symlinking: /home/bobby/dev_ws/install/delivery_robot/share/delivery_robot/launch/launch_sim.launch.py
[0.149s] -- Symlinking: /home/bobby/dev_ws/install/delivery_robot/share/delivery_robot/launch/localization_launch.py
[0.154s] -- Symlinking: /home/bobby/dev_ws/install/delivery_robot/share/delivery_robot/launch/navigation_launch.py
[0.160s] -- Symlinking: /home/bobby/dev_ws/install/delivery_robot/share/delivery_robot/launch/online_async_launch.py
[0.165s] -- Up-to-date symlink: /home/bobby/dev_ws/install/delivery_robot/share/delivery_robot/launch/rsp.launch.py
[0.165s] -- Symlinking: /home/bobby/dev_ws/install/delivery_robot/share/delivery_robot/worlds/coba.world
[0.171s] -- Up-to-date symlink: /home/bobby/dev_ws/install/delivery_robot/share/delivery_robot/worlds/empty.world
[0.171s] -- Symlinking: /home/bobby/dev_ws/install/delivery_robot/share/delivery_robot/worlds/obstacles.world
[0.177s] -- Symlinking: /home/bobby/dev_ws/install/delivery_robot/share/delivery_robot/worlds/percobaan/model.config
[0.182s] -- Symlinking: /home/bobby/dev_ws/install/delivery_robot/share/delivery_robot/worlds/percobaan/model.sdf
[0.188s] -- Symlinking: /home/bobby/dev_ws/install/delivery_robot/share/delivery_robot/worlds/percobaan/percobaan
[0.193s] -- Up-to-date symlink: /home/bobby/dev_ws/install/delivery_robot/share/ament_index/resource_index/package_run_dependencies/delivery_robot
[0.193s] -- Up-to-date symlink: /home/bobby/dev_ws/install/delivery_robot/share/ament_index/resource_index/parent_prefix_path/delivery_robot
[0.193s] -- Up-to-date symlink: /home/bobby/dev_ws/install/delivery_robot/share/delivery_robot/environment/ament_prefix_path.sh
[0.193s] -- Up-to-date symlink: /home/bobby/dev_ws/install/delivery_robot/share/delivery_robot/environment/ament_prefix_path.dsv
[0.193s] -- Up-to-date symlink: /home/bobby/dev_ws/install/delivery_robot/share/delivery_robot/environment/path.sh
[0.194s] -- Up-to-date symlink: /home/bobby/dev_ws/install/delivery_robot/share/delivery_robot/environment/path.dsv
[0.194s] -- Up-to-date symlink: /home/bobby/dev_ws/install/delivery_robot/share/delivery_robot/local_setup.bash
[0.194s] -- Up-to-date symlink: /home/bobby/dev_ws/install/delivery_robot/share/delivery_robot/local_setup.sh
[0.194s] -- Up-to-date symlink: /home/bobby/dev_ws/install/delivery_robot/share/delivery_robot/local_setup.zsh
[0.194s] -- Up-to-date symlink: /home/bobby/dev_ws/install/delivery_robot/share/delivery_robot/local_setup.dsv
[0.194s] -- Symlinking: /home/bobby/dev_ws/install/delivery_robot/share/delivery_robot/package.dsv
[0.200s] -- Up-to-date symlink: /home/bobby/dev_ws/install/delivery_robot/share/ament_index/resource_index/packages/delivery_robot
[0.200s] -- Up-to-date symlink: /home/bobby/dev_ws/install/delivery_robot/share/delivery_robot/cmake/delivery_robotConfig.cmake
[0.200s] -- Up-to-date symlink: /home/bobby/dev_ws/install/delivery_robot/share/delivery_robot/cmake/delivery_robotConfig-version.cmake
[0.200s] -- Up-to-date symlink: /home/bobby/dev_ws/install/delivery_robot/share/delivery_robot/package.xml
[0.201s] Invoked command in '/home/bobby/dev_ws/build/delivery_robot' returned '0': /usr/bin/cmake --install /home/bobby/dev_ws/build/delivery_robot
